Component: ARM Compiler 5.05 update 1 (build 106) Tool: armlink [4d0efa]

==============================================================================

Section Cross References

    main.o(i.assert_nrf_callback) refers to app_error_handler_keil.o(.emb_text) for app_error_handler
    main.o(i.ble_evt_handler) refers to nrf_log_frontend.o(i.nrf_log_frontend_std_0) for nrf_log_frontend_std_0
    main.o(i.ble_evt_handler) refers to ble_nus_c.o(i.ble_nus_c_handles_assign) for ble_nus_c_handles_assign
    main.o(i.ble_evt_handler) refers to app_error.o(i.app_error_handler_bare) for app_error_handler_bare
    main.o(i.ble_evt_handler) refers to bsp.o(i.bsp_indication_set) for bsp_indication_set
    main.o(i.ble_evt_handler) refers to ble_db_discovery.o(i.ble_db_discovery_start) for ble_db_discovery_start
    main.o(i.ble_evt_handler) refers to nrf_log_frontend.o(i.nrf_log_frontend_std_2) for nrf_log_frontend_std_2
    main.o(i.ble_evt_handler) refers to nrf_log_frontend.o(log_const_data) for m_nrf_log_app_logs_data_const
    main.o(i.ble_evt_handler) refers to main.o(.bss) for .bss
    main.o(i.ble_evt_handler) refers to main.o(.data) for .data
    main.o(i.ble_nus_c_evt_handler) refers to nrf_log_frontend.o(i.nrf_log_frontend_std_0) for nrf_log_frontend_std_0
    main.o(i.ble_nus_c_evt_handler) refers to main.o(i.scan_start) for scan_start
    main.o(i.ble_nus_c_evt_handler) refers to ble_nus_c.o(i.ble_nus_c_handles_assign) for ble_nus_c_handles_assign
    main.o(i.ble_nus_c_evt_handler) refers to app_error.o(i.app_error_handler_bare) for app_error_handler_bare
    main.o(i.ble_nus_c_evt_handler) refers to ble_nus_c.o(i.ble_nus_c_tx_notif_enable) for ble_nus_c_tx_notif_enable
    main.o(i.ble_nus_c_evt_handler) refers to printf1.o(i.__0printf$1) for __2printf
    main.o(i.ble_nus_c_evt_handler) refers to nrf_log_frontend.o(log_const_data) for m_nrf_log_app_logs_data_const
    main.o(i.bsp_event_handler) refers to nrf_pwr_mgmt.o(i.nrf_pwr_mgmt_shutdown) for nrf_pwr_mgmt_shutdown
    main.o(i.bsp_event_handler) refers to app_error.o(i.app_error_handler_bare) for app_error_handler_bare
    main.o(i.bsp_event_handler) refers to main.o(.bss) for .bss
    main.o(i.db_disc_handler) refers to ble_nus_c.o(i.ble_nus_c_on_db_disc_evt) for ble_nus_c_on_db_disc_evt
    main.o(i.db_disc_handler) refers to main.o(.bss) for .bss
    main.o(i.gatt_evt_handler) refers to nrf_log_frontend.o(i.nrf_log_frontend_std_0) for nrf_log_frontend_std_0
    main.o(i.gatt_evt_handler) refers to nrf_log_frontend.o(i.nrf_log_frontend_std_2) for nrf_log_frontend_std_2
    main.o(i.gatt_evt_handler) refers to nrf_log_frontend.o(log_const_data) for m_nrf_log_app_logs_data_const
    main.o(i.gatt_evt_handler) refers to main.o(.data) for .data
    main.o(i.gatt_init) refers to nrf_ble_gatt.o(i.nrf_ble_gatt_init) for nrf_ble_gatt_init
    main.o(i.gatt_init) refers to app_error.o(i.app_error_handler_bare) for app_error_handler_bare
    main.o(i.gatt_init) refers to nrf_ble_gatt.o(i.nrf_ble_gatt_att_mtu_central_set) for nrf_ble_gatt_att_mtu_central_set
    main.o(i.gatt_init) refers to main.o(i.gatt_evt_handler) for gatt_evt_handler
    main.o(i.gatt_init) refers to main.o(.bss) for .bss
    main.o(i.main) refers to nrf_log_frontend.o(i.nrf_log_init) for nrf_log_init
    main.o(i.main) refers to app_error.o(i.app_error_handler_bare) for app_error_handler_bare
    main.o(i.main) refers to nrf_log_default_backends.o(i.nrf_log_default_backends_init) for nrf_log_default_backends_init
    main.o(i.main) refers to app_timer.o(i.app_timer_init) for app_timer_init
    main.o(i.main) refers to memcpya.o(.text) for __aeabi_memcpy4
    main.o(i.main) refers to app_uart_fifo.o(i.app_uart_init) for app_uart_init
    main.o(i.main) refers to bsp.o(i.bsp_init) for bsp_init
    main.o(i.main) refers to bsp_btn_ble.o(i.bsp_btn_ble_init) for bsp_btn_ble_init
    main.o(i.main) refers to ble_db_discovery.o(i.ble_db_discovery_init) for ble_db_discovery_init
    main.o(i.main) refers to nrf_pwr_mgmt.o(i.nrf_pwr_mgmt_init) for nrf_pwr_mgmt_init
    main.o(i.main) refers to nrf_sdh.o(i.nrf_sdh_enable_request) for nrf_sdh_enable_request
    main.o(i.main) refers to nrf_sdh_ble.o(i.nrf_sdh_ble_default_cfg_set) for nrf_sdh_ble_default_cfg_set
    main.o(i.main) refers to nrf_sdh_ble.o(i.nrf_sdh_ble_enable) for nrf_sdh_ble_enable
    main.o(i.main) refers to main.o(i.gatt_init) for gatt_init
    main.o(i.main) refers to ble_nus_c.o(i.ble_nus_c_init) for ble_nus_c_init
    main.o(i.main) refers to main.o(i.scan_init) for scan_init
    main.o(i.main) refers to printf1.o(i.__0printf$1) for __2printf
    main.o(i.main) refers to nrf_log_frontend.o(i.nrf_log_frontend_std_0) for nrf_log_frontend_std_0
    main.o(i.main) refers to main.o(i.scan_start) for scan_start
    main.o(i.main) refers to nrf_log_frontend.o(i.nrf_log_frontend_dequeue) for nrf_log_frontend_dequeue
    main.o(i.main) refers to nrf_pwr_mgmt.o(i.nrf_pwr_mgmt_run) for nrf_pwr_mgmt_run
[...]
    m_num_of_handlers_reg                    0x20002cd4   Data           4  ble_db_discovery.o(.data)
    .data                                    0x20002cd8   Section       12  nrf_drv_uart.o(.data)
    m_handlers                               0x20002cdc   Data           4  nrf_drv_uart.o(.data)
    m_contexts                               0x20002ce0   Data           4  nrf_drv_uart.o(.data)
    .data                                    0x20002ce4   Section        8  nrfx_clock.o(.data)
    m_clock_cb                               0x20002ce4   Data           8  nrfx_clock.o(.data)
    .data                                    0x20002cec   Section        8  nrfx_prs.o(.data)
    m_prs_box_4                              0x20002cec   Data           8  nrfx_prs.o(.data)
    .data                                    0x20002cf8   Section       32  app_button.o(.data)
    m_button_count                           0x20002cf8   Data           1  app_button.o(.data)
    mp_buttons                               0x20002cfc   Data           4  app_button.o(.data)
    m_detection_delay                        0x20002d00   Data           4  app_button.o(.data)
    m_pin_state                              0x20002d08   Data           8  app_button.o(.data)
    m_pin_transition                         0x20002d10   Data           8  app_button.o(.data)
    .data                                    0x20002d18   Section       20  app_timer.o(.data)
    m_ticks_elapsed_q_read_ind               0x20002d18   Data           1  app_timer.o(.data)
    m_ticks_elapsed_q_write_ind              0x20002d19   Data           1  app_timer.o(.data)
    m_rtc1_running                           0x20002d1a   Data           1  app_timer.o(.data)
    m_rtc1_reset                             0x20002d1b   Data           1  app_timer.o(.data)
    mp_timer_id_head                         0x20002d1c   Data           4  app_timer.o(.data)
    m_ticks_latest                           0x20002d20   Data           4  app_timer.o(.data)
    m_ticks_elapsed                          0x20002d24   Data           8  app_timer.o(.data)
    .data                                    0x20002d2c   Section       28  app_uart_fifo.o(.data)
    tx_buffer                                0x20002d2c   Data           1  app_uart_fifo.o(.data)
    rx_buffer                                0x20002d2d   Data           1  app_uart_fifo.o(.data)
    m_rx_ovf                                 0x20002d2e   Data           1  app_uart_fifo.o(.data)
    m_event_handler                          0x20002d30   Data           4  app_uart_fifo.o(.data)
    app_uart_inst                            0x20002d34   Data          20  app_uart_fifo.o(.data)
    .data                                    0x20002d48   Section        8  nrf_pwr_mgmt.o(.data)
    m_pwr_mgmt_evt                           0x20002d48   Data           1  nrf_pwr_mgmt.o(.data)
    m_shutdown_started                       0x20002d49   Data           1  nrf_pwr_mgmt.o(.data)
    m_sysoff_mtx                             0x20002d4c   Data           4  nrf_pwr_mgmt.o(.data)
    .data                                    0x20002d50   Section        4  retarget.o(.data)
    .data                                    0x20002d54   Section        1  nrf_log_backend_rtt.o(.data)
    m_host_present                           0x20002d54   Data           1  nrf_log_backend_rtt.o(.data)
    .data                                    0x20002d58   Section        8  nrf_log_default_backends.o(.data)
    log_backend_cb_rtt_log_backend           0x20002d58   Data           8  nrf_log_default_backends.o(.data)
    .data                                    0x20002d60   Section        8  nrf_log_frontend.o(.data)
    log_mempool_nrf_balloc_pool_stack        0x20002d60   Data           8  nrf_log_frontend.o(.data)
    .data                                    0x20002d68   Section        8  nrf_log_frontend.o(.data)
    log_mempool_nrf_balloc_cb                0x20002d68   Data           8  nrf_log_frontend.o(.data)
    .data                                    0x20002d70   Section       64  nrf_log_str_formatter.o(.data)
    m_freq                                   0x20002d70   Data           4  nrf_log_str_formatter.o(.data)
    m_timestamp_div                          0x20002d74   Data           4  nrf_log_str_formatter.o(.data)
    severity_names                           0x20002d78   Data          20  nrf_log_str_formatter.o(.data)
    m_colors                                 0x20002d8c   Data          36  nrf_log_str_formatter.o(.data)
    .data                                    0x20002db0   Section        3  nrf_sdh.o(.data)
    m_nrf_sdh_enabled                        0x20002db0   Data           1  nrf_sdh.o(.data)
    m_nrf_sdh_suspended                      0x20002db1   Data           1  nrf_sdh.o(.data)
    m_nrf_sdh_continue                       0x20002db2   Data           1  nrf_sdh.o(.data)
    .data                                    0x20002db3   Section        1  nrf_sdh_ble.o(.data)
    m_stack_is_enabled                       0x20002db3   Data           1  nrf_sdh_ble.o(.data)
    .data                                    0x20002db4   Section        4  system_nrf52.o(.data)
    __tagsym$$used                           0x20002db4   Number         0  system_nrf52.o(.data)
    .bss                                     0x20002db8   Section      872  main.o(.bss)
    data_array                               0x20002db8   Data         244  main.o(.bss)
    rx_buf                                   0x20002eac   Data         256  main.o(.bss)
    tx_buf                                   0x20002fac   Data         256  main.o(.bss)
    m_ble_nus_c                              0x200030ac   Data          16  main.o(.bss)
    m_gatt                                   0x200030bc   Data          20  main.o(.bss)
    m_scan                                   0x200030d0   Data          80  main.o(.bss)
    .bss                                     0x20003120   Section       32  bsp.o(.bss)
    m_bsp_leds_tmr_data                      0x20003120   Data          32  bsp.o(.bss)
    .bss                                     0x20003140   Section       32  bsp.o(.bss)
    m_bsp_alert_tmr_data                     0x20003140   Data          32  bsp.o(.bss)
    .bss                                     0x20003160   Section       12  bsp.o(.bss)
    m_events_list                            0x20003160   Data          12  bsp.o(.bss)
    .bss                                     0x2000316c   Section       32  bsp.o(.bss)
    m_bsp_button_tmr_data                    0x2000316c   Data          32  bsp.o(.bss)
    .bss                                     0x2000318c   Section      792  ble_db_discovery.o(.bss)
    m_registered_handlers                    0x2000318c   Data          24  ble_db_discovery.o(.bss)
    m_pending_user_evts                      0x200031a4   Data         768  ble_db_discovery.o(.bss)
    .bss                                     0x200034a4   Section       20  nrf_drv_clock.o(.bss)
    m_clock_cb                               0x200034a4   Data          20  nrf_drv_clock.o(.bss)
    .bss                                     0x200034b8   Section       92  nrfx_gpiote.o(.bss)
    m_cb                                     0x200034b8   Data          92  nrfx_gpiote.o(.bss)
    .bss                                     0x20003514   Section       44  nrfx_uart.o(.bss)
    m_cb                                     0x20003514   Data          44  nrfx_uart.o(.bss)
    .bss                                     0x20003540   Section       36  nrfx_uarte.o(.bss)
    m_cb                                     0x20003540   Data          36  nrfx_uarte.o(.bss)
    .bss                                     0x20003564   Section       32  app_button.o(.bss)
    m_detection_delay_timer_id_data          0x20003564   Data          32  app_button.o(.bss)
    .bss                                     0x20003584   Section      268  app_timer.o(.bss)
    m_op_queue                               0x20003584   Data         268  app_timer.o(.bss)
    .bss                                     0x20003690   Section       32  app_uart_fifo.o(.bss)
    m_rx_fifo                                0x20003690   Data          16  app_uart_fifo.o(.bss)
    m_tx_fifo                                0x200036a0   Data          16  app_uart_fifo.o(.bss)
    .bss                                     0x200036b0   Section       12  app_util_platform.o(.bss)
    .bss                                     0x200036bc   Section       12  nrf_pwr_mgmt.o(.bss)
    m_handlers_iter                          0x200036bc   Data          12  nrf_pwr_mgmt.o(.bss)
    .bss                                     0x200036c8   Section       64  nrf_log_backend_rtt.o(.bss)
    m_string_buff                            0x200036c8   Data          64  nrf_log_backend_rtt.o(.bss)
    .bss                                     0x20003708   Section      192  nrf_log_frontend.o(.bss)
    log_mempool_nrf_balloc_pool_mem          0x20003708   Data         192  nrf_log_frontend.o(.bss)
    .bss                                     0x200037c8   Section      128  nrf_log_frontend.o(.bss)
    m_log_push_ringbuf_buf                   0x200037c8   Data         128  nrf_log_frontend.o(.bss)
    .bss                                     0x20003848   Section       24  nrf_log_frontend.o(.bss)
    m_log_push_ringbuf_cb                    0x20003848   Data          24  nrf_log_frontend.o(.bss)
    .bss                                     0x20003860   Section     1060  nrf_log_frontend.o(.bss)
    m_log_data                               0x20003860   Data        1060  nrf_log_frontend.o(.bss)
    .bss                                     0x20003c84   Section      648  segger_rtt.o(.bss)
    _acUpBuffer                              0x20003cfc   Data         512  segger_rtt.o(.bss)
    _acDownBuffer                            0x20003efc   Data          16  segger_rtt.o(.bss)
    STACK                                    0x20003f10   Section     8192  arm_startup_nrf52.o(STACK)

    Global Symbols

    Symbol Name                              Value     Ov Type        Size  Object(Section)

    BuildAttributes$$THM_ISAv4$E$P$D$K$B$S$7EM$VFPi3$EXTD16$VFPS$VFMA$PE$A:L22UL41UL21$X:L11$S22US41US21$IEEE1$IW$USESV6$~STKCKD$USESV7$~SHL$OSPACE$ROPI$EBA8$MICROLIB$REQ8$EABIv2 0x00000000   Number         0  anon$$obj.o ABSOLUTE
    __ARM_use_no_argv                        0x00000000   Number         0  main.o ABSOLUTE
    _printf_a                                0x00000000   Number         0  stubs.o ABSOLUTE
    _printf_c                                0x00000000   Number         0  stubs.o ABSOLUTE
    _printf_charcount                        0x00000000   Number         0  stubs.o ABSOLUTE
    _printf_d                                0x00000000   Number         0  stubs.o ABSOLUTE
    _printf_e                                0x00000000   Number         0  stubs.o ABSOLUTE
    _printf_f                                0x00000000   Number         0  stubs.o ABSOLUTE
    _printf_flags                            0x00000000   Number         0  stubs.o ABSOLUTE
    _printf_fp_dec                           0x00000000   Number         0  stubs.o ABSOLUTE
    _printf_fp_hex                           0x00000000   Number         0  stubs.o ABSOLUTE
    _printf_g                                0x00000000   Number         0  stubs.o ABSOLUTE
    _printf_i                                0x00000000   Number         0  stubs.o ABSOLUTE
    _printf_int_dec                          0x00000000   Number         0  stubs.o ABSOLUTE
    _printf_l                                0x00000000   Number         0  stubs.o ABSOLUTE
    _printf_lc                               0x00000000   Number         0  stubs.o ABSOLUTE
    _printf_ll                               0x00000000   Number         0  stubs.o ABSOLUTE
    _printf_lld                              0x00000000   Number         0  stubs.o ABSOLUTE
    _printf_lli                              0x00000000   Number         0  stubs.o ABSOLUTE
    _printf_llo                              0x00000000   Number         0  stubs.o ABSOLUTE
    _printf_llu                              0x00000000   Number         0  stubs.o ABSOLUTE
    _printf_llx                              0x00000000   Number         0  stubs.o ABSOLUTE
    _printf_longlong_dec                     0x00000000   Number         0  stubs.o ABSOLUTE
    _printf_longlong_hex                     0x00000000   Number         0  stubs.o ABSOLUTE
    _printf_longlong_oct                     0x00000000   Number         0  stubs.o ABSOLUTE
    _printf_ls                               0x00000000   Number         0  stubs.o ABSOLUTE
    _printf_mbtowc                           0x00000000   Number         0  stubs.o ABSOLUTE
    _printf_n                                0x00000000   Number         0  stubs.o ABSOLUTE
    _printf_o                                0x00000000   Number         0  stubs.o ABSOLUTE
    _printf_p                                0x00000000   Number         0  stubs.o ABSOLUTE
    _printf_percent                          0x00000000   Number         0  stubs.o ABSOLUTE
    _printf_pre_padding                      0x00000000   Number         0  stubs.o ABSOLUTE
    _printf_return_value                     0x00000000   Number         0  stubs.o ABSOLUTE
    _printf_s                                0x00000000   Number         0  stubs.o ABSOLUTE
    _printf_sizespec                         0x00000000   Number         0  stubs.o ABSOLUTE
    _printf_str                              0x00000000   Number         0  stubs.o ABSOLUTE
    _printf_truncate_signed                  0x00000000   Number         0  stubs.o ABSOLUTE
    _printf_truncate_unsigned                0x00000000   Number         0  stubs.o ABSOLUTE
    _printf_u                                0x00000000   Number         0  stubs.o ABSOLUTE
    _printf_wc                               0x00000000   Number         0  stubs.o ABSOLUTE
    _printf_wctomb                           0x00000000   Number         0  stubs.o ABSOLUTE
    _printf_widthprec                        0x00000000   Number         0  stubs.o ABSOLUTE
    _printf_x                                0x00000000   Number         0  stubs.o ABSOLUTE
    __cpp_initialize__aeabi_                  - Undefined Weak Reference
    __cxa_finalize                            - Undefined Weak Reference
    _clock_init                               - Undefined Weak Reference
    _microlib_exit                            - Undefined Weak Reference
    log_dynamic_data$$Base                    - Undefined Reference
    pwr_mgmt_data0$$Base                      - Undefined Reference
    pwr_mgmt_data0$$Limit                     - Undefined Reference
    pwr_mgmt_data2$$Base                      - Undefined Reference
    pwr_mgmt_data2$$Limit                     - Undefined Reference
    sdh_ble_observers0$$Base                  - Undefined Reference
    sdh_ble_observers0$$Limit                 - Undefined Reference
    sdh_req_observers0$$Base                  - Undefined Reference
    sdh_req_observers0$$Limit                 - Undefined Reference
    sdh_req_observers1$$Base                  - Undefined Reference
    sdh_req_observers1$$Limit                 - Undefined Reference
    sdh_soc_observers1$$Base                  - Undefined Reference
    sdh_soc_observers1$$Limit                 - Undefined Reference
    sdh_stack_observers1$$Base                - Undefined Reference
    sdh_stack_observers1$$Limit               - Undefined Reference
    sdh_state_observers1$$Base                - Undefined Reference
    sdh_state_observers1$$Limit               - Undefined Reference
    __Vectors_Size                           0x00000200   Number         0  arm_startup_nrf52.o ABSOLUTE
    __Vectors                                0x00026000   Data           4  arm_startup_nrf52.o(RESET)
    __Vectors_End                            0x00026200   Data           0  arm_startup_nrf52.o(RESET)
    __main                                   0x00026201   Thumb Code     0  entry.o(.ARM.Collect$$$$00000000)
    _main_stk                                0x00026201   Thumb Code     0  entry2.o(.ARM.Collect$$$$00000001)
    _main_scatterload                        0x00026205   Thumb Code     0  entry5.o(.ARM.Collect$$$$00000004)
    __main_after_scatterload                 0x00026209   Thumb Code     0  entry5.o(.ARM.Collect$$$$00000004)
    _main_clock                              0x00026209   Thumb Code     0  entry7b.o(.ARM.Collect$$$$00000008)
    _main_cpp_init                           0x00026209   Thumb Code     0  entry8b.o(.ARM.Collect$$$$0000000A)
    _main_init                               0x00026209   Thumb Code     0  entry9a.o(.ARM.Collect$$$$0000000B)
    __rt_final_cpp                           0x00026211   Thumb Code     0  entry10a.o(.ARM.Collect$$$$0000000D)
    __rt_final_exit                          0x00026211   Thumb Code     0  entry11a.o(.ARM.Collect$$$$0000000F)
    __asm___12_nrf_atomic_c_85ca2469__nrf_atomic_internal_mov 0x00026215   Thumb Code    24  nrf_atomic.o(.emb_text)
    __asm___12_nrf_atomic_c_85ca2469__nrf_atomic_internal_orr 0x0002622d   Thumb Code    26  nrf_atomic.o(.emb_text)
    __asm___12_nrf_atomic_c_85ca2469__nrf_atomic_internal_and 0x00026247   Thumb Code    26  nrf_atomic.o(.emb_text)
    __asm___12_nrf_atomic_c_85ca2469__nrf_atomic_internal_eor 0x00026261   Thumb Code    26  nrf_atomic.o(.emb_text)
    __asm___12_nrf_atomic_c_85ca2469__nrf_atomic_internal_add 0x0002627b   Thumb Code    26  nrf_atomic.o(.emb_text)
    __asm___12_nrf_atomic_c_85ca2469__nrf_atomic_internal_sub 0x00026295   Thumb Code    26  nrf_atomic.o(.emb_text)
    __asm___12_nrf_atomic_c_85ca2469__nrf_atomic_internal_cmp_exch 0x000262af   Thumb Code    42  nrf_atomic.o(.emb_text)
    __asm___12_nrf_atomic_c_85ca2469__nrf_atomic_internal_sub_hs 0x000262d9   Thumb Code    30  nrf_atomic.o(.emb_text)
    Reset_Handler                            0x000262f9   Thumb Code     8  arm_startup_nrf52.o(.text)
    NMI_Handler                              0x00026301   Thumb Code     2  arm_startup_nrf52.o(.text)
    HardFault_Handler                        0x00026303   Thumb Code     2  arm_startup_nrf52.o(.text)
    MemoryManagement_Handler                 0x00026305   Thumb Code     2  arm_startup_nrf52.o(.text)
    BusFault_Handler                         0x00026307   Thumb Code     2  arm_startup_nrf52.o(.text)
    UsageFault_Handler                       0x00026309   Thumb Code     2  arm_startup_nrf52.o(.text)
    SVC_Handler                              0x0002630b   Thumb Code     2  arm_startup_nrf52.o(.text)
    DebugMon_Handler                         0x0002630d   Thumb Code     2  arm_startup_nrf52.o(.text)
    PendSV_Handler                           0x0002630f   Thumb Code     2  arm_startup_nrf52.o(.text)
    SysTick_Handler                          0x00026311   Thumb Code     2  arm_startup_nrf52.o(.text)
    CCM_AAR_IRQHandler                       0x00026313   Thumb Code     0  arm_startup_nrf52.o(.text)
    COMP_LPCOMP_IRQHandler                   0x00026313   Thumb Code     0  arm_startup_nrf52.o(.text)
    ECB_IRQHandler                           0x00026313   Thumb Code     0  arm_startup_nrf52.o(.text)
    FPU_IRQHandler                           0x00026313   Thumb Code     0  arm_startup_nrf52.o(.text)
    I2S_IRQHandler                           0x00026313   Thumb Code     0  arm_startup_nrf52.o(.text)
    MWU_IRQHandler                           0x00026313   Thumb Code     0  arm_startup_nrf52.o(.text)
    NFCT_IRQHandler                          0x00026313   Thumb Code     0  arm_startup_nrf52.o(.text)
    PDM_IRQHandler                           0x00026313   Thumb Code     0  arm_startup_nrf52.o(.text)
    PWM0_IRQHandler                          0x00026313   Thumb Code     0  arm_startup_nrf52.o(.text)
    PWM1_IRQHandler                          0x00026313   Thumb Code     0  arm_startup_nrf52.o(.text)
    PWM2_IRQHandler                          0x00026313   Thumb Code     0  arm_startup_nrf52.o(.text)
    QDEC_IRQHandler                          0x00026313   Thumb Code     0  arm_startup_nrf52.o(.text)
    RADIO_IRQHandler                         0x00026313   Thumb Code     0  arm_startup_nrf52.o(.text)
    RNG_IRQHandler                           0x00026313   Thumb Code     0  arm_startup_nrf52.o(.text)
    RTC0_IRQHandler                          0x00026313   Thumb Code     0  arm_startup_nrf52.o(.text)
    RTC2_IRQHandler                          0x00026313   Thumb Code     0  arm_startup_nrf52.o(.text)
    SAADC_IRQHandler                         0x00026313   Thumb Code     0  arm_startup_nrf52.o(.text)
    SPIM0_SPIS0_TWIM0_TWIS0_SPI0_TWI0_IRQHandler 0x00026313   Thumb Code     0  arm_startup_nrf52.o(.text)
    SPIM1_SPIS1_TWIM1_TWIS1_SPI1_TWI1_IRQHandler 0x00026313   Thumb Code     0  arm_startup_nrf52.o(.text)
    SPIM2_SPIS2_SPI2_IRQHandler              0x00026313   Thumb Code     0  arm_startup_nrf52.o(.text)
    SWI1_EGU1_IRQHandler                     0x00026313   Thumb Code     0  arm_startup_nrf52.o(.text)
    SWI3_EGU3_IRQHandler                     0x00026313   Thumb Code     0  arm_startup_nrf52.o(.text)
    SWI4_EGU4_IRQHandler                     0x00026313   Thumb Code     0  arm_startup_nrf52.o(.text)
    SWI5_EGU5_IRQHandler                     0x00026313   Thumb Code     0  arm_startup_nrf52.o(.text)
    TEMP_IRQHandler                          0x00026313   Thumb Code     0  arm_startup_nrf52.o(.text)
    TIMER0_IRQHandler                        0x00026313   Thumb Code     0  arm_startup_nrf52.o(.text)
    TIMER1_IRQHandler                        0x00026313   Thumb Code     0  arm_startup_nrf52.o(.text)
    TIMER2_IRQHandler                        0x00026313   Thumb Code     0  arm_startup_nrf52.o(.text)
    TIMER3_IRQHandler                        0x00026313   Thumb Code     0  arm_startup_nrf52.o(.text)
    TIMER4_IRQHandler                        0x00026313   Thumb Code     0  arm_startup_nrf52.o(.text)
    WDT_IRQHandler                           0x00026313   Thumb Code     0  arm_startup_nrf52.o(.text)
    __aeabi_uldivmod                         0x0002631d   Thumb Code    98  uldiv.o(.text)
    __aeabi_llsl                             0x0002637f   Thumb Code    30  llshl.o(.text)
    _ll_shift_l                              0x0002637f   Thumb Code     0  llshl.o(.text)
    __rt_ctype_table                         0x0002639d   Thumb Code     4  ctype_o.o(.text)
    __aeabi_memcpy                           0x000263a5   Thumb Code    36  memcpya.o(.text)
    __aeabi_memcpy4                          0x000263a5   Thumb Code     0  memcpya.o(.text)
    __aeabi_memcpy8                          0x000263a5   Thumb Code     0  memcpya.o(.text)
    __aeabi_memset                           0x000263c9   Thumb Code    14  memseta.o(.text)
    __aeabi_memset4                          0x000263c9   Thumb Code     0  memseta.o(.text)
    __aeabi_memset8                          0x000263c9   Thumb Code     0  memseta.o(.text)
    __aeabi_memclr                           0x000263d7   Thumb Code     4  memseta.o(.text)
    __aeabi_memclr4                          0x000263d7   Thumb Code     0  memseta.o(.text)
    __aeabi_memclr8                          0x000263d7   Thumb Code     0  memseta.o(.text)
    _memset$wrapper                          0x000263db   Thumb Code    18  memseta.o(.text)
    strlen                                   0x000263ed   Thumb Code    14  strlen.o(.text)
    memcmp                                   0x000263fb   Thumb Code    26  memcmp.o(.text)
    strcpy                                   0x00026415   Thumb Code    18  strcpy.o(.text)
    __aeabi_uidiv                            0x00026427   Thumb Code     0  uidiv.o(.text)
    __aeabi_uidivmod                         0x00026427   Thumb Code    44  uidiv.o(.text)
    __aeabi_llsr                             0x00026453   Thumb Code    32  llushr.o(.text)
    _ll_ushift_r                             0x00026453   Thumb Code     0  llushr.o(.text)
    __scatterload                            0x00026475   Thumb Code    28  init.o(.text)
    __scatterload_rt2                        0x00026475   Thumb Code     0  init.o(.text)
    __decompress                             0x00026499   Thumb Code     0  __dczerorl2.o(.text)
    __decompress1                            0x00026499   Thumb Code    86  __dczerorl2.o(.text)
    GPIOTE_IRQHandler                        0x000264f1   Thumb Code   346  nrfx_gpiote.o(i.GPIOTE_IRQHandler)
    POWER_CLOCK_IRQHandler                   0x000266b9   Thumb Code    82  nrfx_clock.o(i.POWER_CLOCK_IRQHandler)
    RTC1_IRQHandler                          0x00026711   Thumb Code    32  app_timer.o(i.RTC1_IRQHandler)
    SEGGER_RTT_Init                          0x00026735   Thumb Code     4  segger_rtt.o(i.SEGGER_RTT_Init)
    SEGGER_RTT_WriteNoLock                   0x00026739   Thumb Code    86  segger_rtt.o(i.SEGGER_RTT_WriteNoLock)
    SWI0_EGU0_IRQHandler                     0x00026795   Thumb Code     4  app_timer.o(i.SWI0_EGU0_IRQHandler)
    SWI2_EGU2_IRQHandler                     0x00026799   Thumb Code     4  nrf_sdh.o(i.SWI2_EGU2_IRQHandler)
    SystemInit                               0x0002679d   Thumb Code   726  system_nrf52.o(i.SystemInit)
    UARTE0_UART0_IRQHandler                  0x00026ab9   Thumb Code     6  nrfx_prs.o(i.UARTE0_UART0_IRQHandler)
    __0printf$1                              0x00026be1   Thumb Code    22  printf1.o(i.__0printf$1)
    __1printf$1                              0x00026be1   Thumb Code     0  printf1.o(i.__0printf$1)
    __2printf                                0x00026be1   Thumb Code     0  printf1.o(i.__0printf$1)
    __scatterload_copy                       0x00026c01   Thumb Code    14  handlers.o(i.__scatterload_copy)
    __scatterload_null                       0x00026c0f   Thumb Code     2  handlers.o(i.__scatterload_null)
    __scatterload_zeroinit                   0x00026c11   Thumb Code    14  handlers.o(i.__scatterload_zeroinit)
    app_button_enable                        0x00026dd5   Thumb Code    32  app_button.o(i.app_button_enable)
    app_button_init                          0x00026df9   Thumb Code   102  app_button.o(i.app_button_init)
    app_error_fault_handler                  0x00026e71   Thumb Code    86  app_error_weak.o(i.app_error_fault_handler)
    app_error_handler_bare                   0x00026ef5   Thumb Code    22  app_error.o(i.app_error_handler_bare)
    app_fifo_get                             0x00026f0b   Thumb Code    22  app_fifo.o(i.app_fifo_get)
    app_fifo_init                            0x00026f21   Thumb Code    32  app_fifo.o(i.app_fifo_init)
    app_fifo_put                             0x00026f41   Thumb Code    26  app_fifo.o(i.app_fifo_put)
    app_timer_create                         0x00026f5d   Thumb Code    32  app_timer.o(i.app_timer_create)
    app_timer_init                           0x00026f81   Thumb Code    70  app_timer.o(i.app_timer_init)
    app_timer_start                          0x00026fd5   Thumb Code   128  app_timer.o(i.app_timer_start)
    app_timer_stop                           0x0002705d   Thumb Code    26  app_timer.o(i.app_timer_stop)
    app_uart_get                             0x0002707d   Thumb Code    42  app_uart_fifo.o(i.app_uart_get)
    app_uart_init                            0x000270b1   Thumb Code   148  app_uart_fifo.o(i.app_uart_init)
    app_uart_put                             0x00027155   Thumb Code    70  app_uart_fifo.o(i.app_uart_put)
    app_util_critical_region_enter           0x000271a9   Thumb Code    64  app_util_platform.o(i.app_util_critical_region_enter)
    app_util_critical_region_exit            0x000271f1   Thumb Code    46  app_util_platform.o(i.app_util_critical_region_exit)
    ble_advdata_search                       0x00027335   Thumb Code    56  ble_advdata.o(i.ble_advdata_search)
    ble_advdata_uuid_find                    0x0002736d   Thumb Code   182  ble_advdata.o(i.ble_advdata_uuid_find)
    ble_db_discovery_evt_register            0x00027425   Thumb Code    56  ble_db_discovery.o(i.ble_db_discovery_evt_register)
    ble_db_discovery_init                    0x00027465   Thumb Code    24  ble_db_discovery.o(i.ble_db_discovery_init)
    ble_db_discovery_on_ble_evt              0x00027481   Thumb Code   138  ble_db_discovery.o(i.ble_db_discovery_on_ble_evt)
    ble_db_discovery_start                   0x00027511   Thumb Code    34  ble_db_discovery.o(i.ble_db_discovery_start)
    ble_nus_c_handles_assign                 0x000277b1   Thumb Code    26  ble_nus_c.o(i.ble_nus_c_handles_assign)
    ble_nus_c_init                           0x000277cd   Thumb Code    72  ble_nus_c.o(i.ble_nus_c_init)
    ble_nus_c_on_ble_evt                     0x00027819   Thumb Code   108  ble_nus_c.o(i.ble_nus_c_on_ble_evt)
    ble_nus_c_on_db_disc_evt                 0x00027885   Thumb Code   128  ble_nus_c.o(i.ble_nus_c_on_db_disc_evt)
    ble_nus_c_string_send                    0x00027905   Thumb Code    86  ble_nus_c.o(i.ble_nus_c_string_send)
    ble_nus_c_tx_notif_enable                0x00027999   Thumb Code    66  ble_nus_c.o(i.ble_nus_c_tx_notif_enable)
    bsp_board_button_idx_to_pin              0x000279e1   Thumb Code     6  boards.o(i.bsp_board_button_idx_to_pin)
    bsp_board_button_state_get               0x000279ed   Thumb Code    28  boards.o(i.bsp_board_button_state_get)
    bsp_board_init                           0x00027a0d   Thumb Code    80  boards.o(i.bsp_board_init)
    bsp_board_led_invert                     0x00027a61   Thumb Code    32  boards.o(i.bsp_board_led_invert)
    bsp_board_led_off                        0x00027a85   Thumb Code    10  boards.o(i.bsp_board_led_off)
    bsp_board_led_on                         0x00027a95   Thumb Code    10  boards.o(i.bsp_board_led_on)
    bsp_board_led_state_get                  0x00027aa5   Thumb Code    28  boards.o(i.bsp_board_led_state_get)
    bsp_board_leds_off                       0x00027ac5   Thumb Code    18  boards.o(i.bsp_board_leds_off)
    bsp_board_leds_on                        0x00027ad7   Thumb Code    18  boards.o(i.bsp_board_leds_on)
    bsp_board_pin_to_button_idx              0x00027ae9   Thumb Code    30  boards.o(i.bsp_board_pin_to_button_idx)
    bsp_btn_ble_init                         0x00027b0d   Thumb Code    52  bsp_btn_ble.o(i.bsp_btn_ble_init)
    bsp_btn_ble_sleep_mode_prepare           0x00027b45   Thumb Code    30  bsp_btn_ble.o(i.bsp_btn_ble_sleep_mode_prepare)
    bsp_button_is_pressed                    0x00027bf5   Thumb Code    12  bsp.o(i.bsp_button_is_pressed)
    bsp_event_handler                        0x00027c01   Thumb Code    36  main.o(i.bsp_event_handler)
    bsp_event_to_button_action_assign        0x00027c29   Thumb Code    64  bsp.o(i.bsp_event_to_button_action_assign)
    bsp_indication_set                       0x00027c6d   Thumb Code    20  bsp.o(i.bsp_indication_set)
    bsp_init                                 0x00027c85   Thumb Code   128  bsp.o(i.bsp_init)
    bsp_wakeup_button_enable                 0x00027ee1   Thumb Code     6  bsp.o(i.bsp_wakeup_button_enable)
    buffer_is_empty                          0x00027f99   Thumb Code    16  nrf_log_frontend.o(i.buffer_is_empty)
    fputc                                    0x000284ef   Thumb Code    14  retarget.o(i.fputc)
    gatt_evt_handler                         0x000284fd   Thumb Code    62  main.o(i.gatt_evt_handler)
    gatt_init                                0x0002858d   Thumb Code    38  main.o(i.gatt_init)
    is_whitelist_used                        0x000287e9   Thumb Code    22  nrf_ble_scan.o(i.is_whitelist_used)
    main                                     0x000289f1   Thumb Code   238  main.o(i.main)
    nrf_atomic_flag_clear_fetch              0x00028c01   Thumb Code     6  nrf_atomic.o(i.nrf_atomic_flag_clear_fetch)
    nrf_atomic_flag_set                      0x00028c07   Thumb Code     6  nrf_atomic.o(i.nrf_atomic_flag_set)
    nrf_atomic_u32_add                       0x00028c0d   Thumb Code    12  nrf_atomic.o(i.nrf_atomic_u32_add)
    nrf_atomic_u32_fetch_and                 0x00028c19   Thumb Code    10  nrf_atomic.o(i.nrf_atomic_u32_fetch_and)
    nrf_atomic_u32_fetch_store               0x00028c23   Thumb Code    10  nrf_atomic.o(i.nrf_atomic_u32_fetch_store)
    nrf_atomic_u32_or                        0x00028c2d   Thumb Code    12  nrf_atomic.o(i.nrf_atomic_u32_or)
    nrf_atomic_u32_sub                       0x00028c39   Thumb Code    12  nrf_atomic.o(i.nrf_atomic_u32_sub)
    nrf_balloc_alloc                         0x00028c45   Thumb Code    68  nrf_balloc.o(i.nrf_balloc_alloc)
    nrf_balloc_free                          0x00028c89   Thumb Code    48  nrf_balloc.o(i.nrf_balloc_free)
    nrf_balloc_init                          0x00028cb9   Thumb Code    48  nrf_balloc.o(i.nrf_balloc_init)
    nrf_ble_gatt_att_mtu_central_set         0x00028d0d   Thumb Code    24  nrf_ble_gatt.o(i.nrf_ble_gatt_att_mtu_central_set)
    nrf_ble_gatt_init                        0x00028d25   Thumb Code    34  nrf_ble_gatt.o(i.nrf_ble_gatt_init)
    nrf_ble_gatt_on_ble_evt                  0x00028d49   Thumb Code   270  nrf_ble_gatt.o(i.nrf_ble_gatt_on_ble_evt)
    nrf_ble_scan_filter_set                  0x00028f17   Thumb Code    66  nrf_ble_scan.o(i.nrf_ble_scan_filter_set)
    nrf_ble_scan_filters_disable             0x00028f59   Thumb Code    14  nrf_ble_scan.o(i.nrf_ble_scan_filters_disable)
    nrf_ble_scan_filters_enable              0x00028f67   Thumb Code    54  nrf_ble_scan.o(i.nrf_ble_scan_filters_enable)
    nrf_ble_scan_init                        0x00028f9d   Thumb Code   106  nrf_ble_scan.o(i.nrf_ble_scan_init)
    nrf_ble_scan_on_ble_evt                  0x00029103   Thumb Code   174  nrf_ble_scan.o(i.nrf_ble_scan_on_ble_evt)
    nrf_ble_scan_start                       0x000291b1   Thumb Code    92  nrf_ble_scan.o(i.nrf_ble_scan_start)
    nrf_drv_clock_init                       0x00029259   Thumb Code    48  nrf_drv_clock.o(i.nrf_drv_clock_init)
    nrf_drv_clock_lfclk_release              0x00029291   Thumb Code    42  nrf_drv_clock.o(i.nrf_drv_clock_lfclk_release)
    nrf_drv_uart_init                        0x000292c1   Thumb Code    90  nrf_drv_uart.o(i.nrf_drv_uart_init)
    nrf_fprintf                              0x00029369   Thumb Code    26  nrf_fprintf.o(i.nrf_fprintf)
    nrf_fprintf_buffer_flush                 0x00029383   Thumb Code    24  nrf_fprintf.o(i.nrf_fprintf_buffer_flush)
    nrf_fprintf_fmt                          0x0002939b   Thumb Code   474  nrf_fprintf_format.o(i.nrf_fprintf_fmt)
    nrf_log_backend_add                      0x000296d5   Thumb Code    86  nrf_log_frontend.o(i.nrf_log_backend_add)
    nrf_log_backend_rtt_init                 0x00029733   Thumb Code     4  nrf_log_backend_rtt.o(i.nrf_log_backend_rtt_init)
    nrf_log_backend_serial_put               0x00029751   Thumb Code   200  nrf_log_backend_serial.o(i.nrf_log_backend_serial_put)
    nrf_log_color_id_get                     0x00029819   Thumb Code    42  nrf_log_frontend.o(i.nrf_log_color_id_get)
    nrf_log_default_backends_init            0x00029849   Thumb Code    24  nrf_log_default_backends.o(i.nrf_log_default_backends_init)
    nrf_log_frontend_dequeue                 0x00029865   Thumb Code   528  nrf_log_frontend.o(i.nrf_log_frontend_dequeue)
    nrf_log_frontend_std_0                   0x00029a99   Thumb Code     8  nrf_log_frontend.o(i.nrf_log_frontend_std_0)
    nrf_log_frontend_std_1                   0x00029aa1   Thumb Code    14  nrf_log_frontend.o(i.nrf_log_frontend_std_1)
    nrf_log_frontend_std_2                   0x00029aaf   Thumb Code    16  nrf_log_frontend.o(i.nrf_log_frontend_std_2)
    nrf_log_frontend_std_6                   0x00029abf   Thumb Code    28  nrf_log_frontend.o(i.nrf_log_frontend_std_6)
    nrf_log_hexdump_entry_process            0x00029add   Thumb Code   146  nrf_log_str_formatter.o(i.nrf_log_hexdump_entry_process)
    nrf_log_init                             0x00029b89   Thumb Code    46  nrf_log_frontend.o(i.nrf_log_init)
    nrf_log_module_cnt_get                   0x00029bc5   Thumb Code    10  nrf_log_frontend.o(i.nrf_log_module_cnt_get)
    nrf_log_module_name_get                  0x00029bd9   Thumb Code    24  nrf_log_frontend.o(i.nrf_log_module_name_get)
    nrf_log_panic                            0x00029bf5   Thumb Code    38  nrf_log_frontend.o(i.nrf_log_panic)
    nrf_log_std_entry_process                0x00029c21   Thumb Code   182  nrf_log_str_formatter.o(i.nrf_log_std_entry_process)
    nrf_memobj_alloc                         0x00029cd7   Thumb Code    96  nrf_memobj.o(i.nrf_memobj_alloc)
    nrf_memobj_free                          0x00029d37   Thumb Code    50  nrf_memobj.o(i.nrf_memobj_free)
    nrf_memobj_get                           0x00029d69   Thumb Code     8  nrf_memobj.o(i.nrf_memobj_get)
    nrf_memobj_pool_init                     0x00029d71   Thumb Code     4  nrf_memobj.o(i.nrf_memobj_pool_init)
    nrf_memobj_put                           0x00029d75   Thumb Code    30  nrf_memobj.o(i.nrf_memobj_put)
    nrf_memobj_read                          0x00029d93   Thumb Code    16  nrf_memobj.o(i.nrf_memobj_read)
    nrf_memobj_write                         0x00029da3   Thumb Code    16  nrf_memobj.o(i.nrf_memobj_write)
    nrf_pwr_mgmt_init                        0x00029db5   Thumb Code    28  nrf_pwr_mgmt.o(i.nrf_pwr_mgmt_init)
    nrf_pwr_mgmt_run                         0x00029ddd   Thumb Code    64  nrf_pwr_mgmt.o(i.nrf_pwr_mgmt_run)
    nrf_pwr_mgmt_shutdown                    0x00029e21   Thumb Code    54  nrf_pwr_mgmt.o(i.nrf_pwr_mgmt_shutdown)
    nrf_ringbuf_init                         0x00029e5d   Thumb Code    28  nrf_ringbuf.o(i.nrf_ringbuf_init)
    nrf_sdh_ble_app_ram_start_get            0x00029e79   Thumb Code    16  nrf_sdh_ble.o(i.nrf_sdh_ble_app_ram_start_get)
    nrf_sdh_ble_default_cfg_set              0x00029e8d   Thumb Code   272  nrf_sdh_ble.o(i.nrf_sdh_ble_default_cfg_set)
    nrf_sdh_ble_enable                       0x00029fbd   Thumb Code   116  nrf_sdh_ble.o(i.nrf_sdh_ble_enable)
    nrf_sdh_enable_request                   0x0002a14d   Thumb Code   102  nrf_sdh.o(i.nrf_sdh_enable_request)
    nrf_sdh_evts_poll                        0x0002a1c1   Thumb Code    32  nrf_sdh.o(i.nrf_sdh_evts_poll)
    nrf_sdh_is_enabled                       0x0002a1e5   Thumb Code     6  nrf_sdh.o(i.nrf_sdh_is_enabled)
    nrf_section_iter_init                    0x0002a22d   Thumb Code    10  nrf_section_iter.o(i.nrf_section_iter_init)
    nrf_section_iter_next                    0x0002a25b   Thumb Code    32  nrf_section_iter.o(i.nrf_section_iter_next)
    nrf_strerror_find                        0x0002a27d   Thumb Code    52  nrf_strerror.o(i.nrf_strerror_find)
    nrf_strerror_get                         0x0002a2b5   Thumb Code    14  nrf_strerror.o(i.nrf_strerror_get)
    nrfx_clock_enable                        0x0002a301   Thumb Code    38  nrfx_clock.o(i.nrfx_clock_enable)
    nrfx_clock_init                          0x0002a331   Thumb Code    26  nrfx_clock.o(i.nrfx_clock_init)
    nrfx_clock_lfclk_stop                    0x0002a351   Thumb Code    20  nrfx_clock.o(i.nrfx_clock_lfclk_stop)
    nrfx_gpiote_in_event_enable              0x0002a37d   Thumb Code   156  nrfx_gpiote.o(i.nrfx_gpiote_in_event_enable)
    nrfx_gpiote_in_init                      0x0002a421   Thumb Code   194  nrfx_gpiote.o(i.nrfx_gpiote_in_init)
    nrfx_gpiote_in_is_set                    0x0002a4f1   Thumb Code    20  nrfx_gpiote.o(i.nrfx_gpiote_in_is_set)
    nrfx_gpiote_init                         0x0002a505   Thumb Code    98  nrfx_gpiote.o(i.nrfx_gpiote_init)
    nrfx_gpiote_is_init                      0x0002a575   Thumb Code    14  nrfx_gpiote.o(i.nrfx_gpiote_is_init)
    nrfx_prs_acquire                         0x0002a599   Thumb Code    58  nrfx_prs.o(i.nrfx_prs_acquire)
    nrfx_uart_0_irq_handler                  0x0002a5d5   Thumb Code     8  nrfx_uart.o(i.nrfx_uart_0_irq_handler)
    nrfx_uart_init                           0x0002a5e5   Thumb Code   200  nrfx_uart.o(i.nrfx_uart_init)
    nrfx_uart_rx                             0x0002a6b9   Thumb Code   230  nrfx_uart.o(i.nrfx_uart_rx)
    nrfx_uart_tx                             0x0002a7a5   Thumb Code   160  nrfx_uart.o(i.nrfx_uart_tx)
    nrfx_uart_tx_in_progress                 0x0002a849   Thumb Code    26  nrfx_uart.o(i.nrfx_uart_tx_in_progress)
    nrfx_uarte_0_irq_handler                 0x0002a869   Thumb Code     8  nrfx_uarte.o(i.nrfx_uarte_0_irq_handler)
    nrfx_uarte_init                          0x0002a879   Thumb Code   100  nrfx_uarte.o(i.nrfx_uarte_init)
    nrfx_uarte_rx                            0x0002a8e5   Thumb Code   256  nrfx_uarte.o(i.nrfx_uarte_rx)
    nrfx_uarte_tx                            0x0002a9e9   Thumb Code   138  nrfx_uarte.o(i.nrfx_uarte_tx)
    nrfx_uarte_tx_in_progress                0x0002aa79   Thumb Code    22  nrfx_uarte.o(i.nrfx_uarte_tx_in_progress)
    uart_event_handle                        0x0002b6e9   Thumb Code   118  main.o(i.uart_event_handle)
    nrf_log_backend_rtt_api                  0x0002bec8   Data          12  nrf_log_backend_rtt.o(.constdata)
    m_ram_start                              0x0002bf6c   Data           4  nrf_sdh_ble.o(.constdata)
    __ctype_table                            0x0002bf98   Data         129  ctype_o.o(.constdata)
    Region$$Table$$Base                      0x0002c82c   Number         0  anon$$obj.o(Region$$Table)
    Region$$Table$$Limit                     0x0002c84c   Number         0  anon$$obj.o(Region$$Table)
    log_const_data$$Base                     0x0002c85c   Number         0  ble_db_discovery.o(log_const_data)
    m_nrf_log_ble_db_disc_logs_data_const    0x0002c85c   Data           8  ble_db_discovery.o(log_const_data)
    m_nrf_log_nrf_ble_gatt_logs_data_const   0x0002c864   Data           8  nrf_ble_gatt.o(log_const_data)
    m_nrf_log_ble_scan_logs_data_const       0x0002c86c   Data           8  nrf_ble_scan.o(log_const_data)
    m_nrf_log_ble_nus_c_logs_data_const      0x0002c874   Data           8  ble_nus_c.o(log_const_data)
    m_nrf_log_clock_logs_data_const          0x0002c87c   Data           8  nrf_drv_clock.o(log_const_data)
    m_nrf_log_CLOCK_logs_data_const          0x0002c884   Data           8  nrfx_clock.o(log_const_data)
    m_nrf_log_GPIOTE_logs_data_const         0x0002c88c   Data           8  nrfx_gpiote.o(log_const_data)
    m_nrf_log_PRS_logs_data_const            0x0002c894   Data           8  nrfx_prs.o(log_const_data)
    m_nrf_log_UART_logs_data_const           0x0002c89c   Data           8  nrfx_uart.o(log_const_data)
    m_nrf_log_UARTE_logs_data_const          0x0002c8a4   Data           8  nrfx_uarte.o(log_const_data)
    m_nrf_log_pwr_mgmt_logs_data_const       0x0002c8ac   Data           8  nrf_pwr_mgmt.o(log_const_data)
    m_nrf_log_app_logs_data_const            0x0002c8b4   Data           8  nrf_log_frontend.o(log_const_data)
    m_nrf_log_nrf_sdh_logs_data_const        0x0002c8bc   Data           8  nrf_sdh.o(log_const_data)
    m_nrf_log_nrf_sdh_ble_logs_data_const    0x0002c8c4   Data           8  nrf_sdh_ble.o(log_const_data)
    m_nrf_log_nrf_sdh_soc_logs_data_const    0x0002c8cc   Data           8  nrf_sdh_soc.o(log_const_data)
    log_const_data$$Limit                    0x0002c8d4   Number         0  nrf_sdh_soc.o(log_const_data)
    log_mempool                              0x0002c8d4   Data          20  nrf_log_frontend.o(nrf_balloc)
    pwr_mgmt_data1$$Base                     0x0002c8e8   Number         0  main.o(pwr_mgmt_data1)
    pwr_mgmt_data1$$Limit                    0x0002c8ec   Number         0  main.o(pwr_mgmt_data1)
    sdh_ble_observers1$$Base                 0x0002c8ec   Number         0  main.o(sdh_ble_observers1)
    sdh_ble_observers1$$Limit                0x0002c90c   Number         0  bsp_btn_ble.o(sdh_ble_observers1)
    sdh_ble_observers2$$Base                 0x0002c90c   Number         0  main.o(sdh_ble_observers2)
    sdh_ble_observers2$$Limit                0x0002c914   Number         0  main.o(sdh_ble_observers2)
    sdh_ble_observers3$$Base                 0x0002c914   Number         0  main.o(sdh_ble_observers3)
    sdh_ble_observers3$$Limit                0x0002c91c   Number         0  main.o(sdh_ble_observers3)
    sdh_soc_observers0$$Base                 0x0002c91c   Number         0  nrf_drv_clock.o(sdh_soc_observers0)
    sdh_soc_observers0$$Limit                0x0002c924   Number         0  nrf_drv_clock.o(sdh_soc_observers0)
    sdh_stack_observers0$$Base               0x0002c924   Number         0  nrf_sdh_ble.o(sdh_stack_observers0)
    sdh_stack_observers0$$Limit              0x0002c934   Number         0  nrf_sdh_soc.o(sdh_stack_observers0)
    sdh_state_observers0$$Base               0x0002c934   Number         0  nrf_drv_clock.o(sdh_state_observers0)
    sdh_state_observers0$$Limit              0x0002c93c   Number         0  nrf_drv_clock.o(sdh_state_observers0)
    Image$$RW_IRAM1$$Base                    0x200029e0   Number         0  anon$$obj.o ABSOLUTE
    nrf_drv_uart_use_easy_dma                0x20002cd8   Data           1  nrf_drv_uart.o(.data)
    __stdout                                 0x20002d50   Data           4  retarget.o(.data)
    SystemCoreClock                          0x20002db4   Data           4  system_nrf52.o(.data)
    nrf_nvic_state                           0x200036b0   Data          12  app_util_platform.o(.bss)
    _SEGGER_RTT                              0x20003c84   Data         120  segger_rtt.o(.bss)
    __initial_sp                             0x20005f10   Data           0  arm_startup_nrf52.o(STACK)



==============================================================================

Memory Map of the image

  Image Entry point : 0x00026201

  Load Region LR_IROM1 (Base: 0x00026000, Size: 0x00006d14, Max: 0x0005a000, ABSOLUTE, COMPRESSED[0x00006980])

    Execution Region ER_IROM1 (Base: 0x00026000, Size: 0x0000693c, Max: 0x0005a000, ABSOLUTE)

    Base Addr    Size         Type   Attr      Idx    E Section Name        Object

    0x00026000   0x00000200   Data   RO         4512    RESET               arm_startup_nrf52.o
    0x00026200   0x00000000   Code   RO         4553  * .ARM.Collect$$$$00000000  mc_w.l(entry.o)
    0x00026200   0x00000004   Code   RO         4861    .ARM.Collect$$$$00000001  mc_w.l(entry2.o)
    0x00026204   0x00000004   Code   RO         4864    .ARM.Collect$$$$00000004  mc_w.l(entry5.o)
    0x00026208   0x00000000   Code   RO         4866    .ARM.Collect$$$$00000008  mc_w.l(entry7b.o)
    0x00026208   0x00000000   Code   RO         4868    .ARM.Collect$$$$0000000A  mc_w.l(entry8b.o)
    0x00026208   0x00000008   Code   RO         4869    .ARM.Collect$$$$0000000B  mc_w.l(entry9a.o)
    0x00026210   0x00000000   Code   RO         4871    .ARM.Collect$$$$0000000D  mc_w.l(entry10a.o)
    0x00026210   0x00000000   Code   RO         4873    .ARM.Collect$$$$0000000F  mc_w.l(entry11a.o)
    0x00026210   0x00000004   Code   RO         4862    .ARM.Collect$$$$00002712  mc_w.l(entry2.o)
    0x00026214   0x000000e2   Code   RO         3093    .emb_text           nrf_atomic.o
    0x000262f6   0x00000002   PAD
    0x000262f8   0x00000024   Code   RO         4513    .text               arm_startup_nrf52.o
    0x0002631c   0x00000062   Code   RO         4556    .text               mc_w.l(uldiv.o)
    0x0002637e   0x0000001e   Code   RO         4558    .text               mc_w.l(llshl.o)
    0x0002639c   0x00000008   Code   RO         4560    .text               mc_w.l(ctype_o.o)
    0x000263a4   0x00000024   Code   RO         4588    .text               mc_w.l(memcpya.o)
    0x000263c8   0x00000024   Code   RO         4590    .text               mc_w.l(memseta.o)
    0x000263ec   0x0000000e   Code   RO         4592    .text               mc_w.l(strlen.o)
    0x000263fa   0x0000001a   Code   RO         4594    .text               mc_w.l(memcmp.o)
    0x00026414   0x00000012   Code   RO         4596    .text               mc_w.l(strcpy.o)
    0x00026426   0x0000002c   Code   RO         4875    .text               mc_w.l(uidiv.o)
    0x00026452   0x00000020   Code   RO         4877    .text               mc_w.l(llushr.o)
    0x00026472   0x00000002   PAD
    0x00026474   0x00000024   Code   RO         4890    .text               mc_w.l(init.o)
    0x00026498   0x00000056   Code   RO         4904    .text               mc_w.l(__dczerorl2.o)
    0x000264ee   0x00000002   PAD
    0x000264f0   0x00000164   Code   RO         1670    i.GPIOTE_IRQHandler  nrfx_gpiote.o
    0x00026654   0x00000016   Code   RO         2651    i.NVIC_ClearPendingIRQ  app_timer.o
    0x0002666a   0x00000016   Code   RO         2652    i.NVIC_EnableIRQ    app_timer.o
    0x00026680   0x00000016   Code   RO         2653    i.NVIC_SetPendingIRQ  app_timer.o
    0x00026696   0x00000020   Code   RO         2654    i.NVIC_SetPriority  app_timer.o
    0x000266b6   0x00000002   PAD
    0x000266b8   0x00000058   Code   RO         1535    i.POWER_CLOCK_IRQHandler  nrfx_clock.o
    0x00026710   0x00000024   Code   RO         2655    i.RTC1_IRQHandler   app_timer.o
    0x00026734   0x00000004   Code   RO         4052    i.SEGGER_RTT_Init   segger_rtt.o
    0x00026738   0x0000005c   Code   RO         4066    i.SEGGER_RTT_WriteNoLock  segger_rtt.o
    0x00026794   0x00000004   Code   RO         2656    i.SWI0_EGU0_IRQHandler  app_timer.o
    0x00026798   0x00000004   Code   RO         4303    i.SWI2_EGU2_IRQHandler  nrf_sdh.o
    0x0002679c   0x0000031c   Code   RO         4521    i.SystemInit        system_nrf52.o
    0x00026ab8   0x0000000c   Code   RO         1972    i.UARTE0_UART0_IRQHandler  nrfx_prs.o
    0x00026ac4   0x00000068   Code   RO         4070    i._DoInit           segger_rtt.o
    0x00026b2c   0x00000016   Code   RO         4071    i._GetAvailWriteSpace  segger_rtt.o
    0x00026b42   0x0000005a   Code   RO         4073    i._WriteBlocking    segger_rtt.o
    0x00026b9c   0x00000042   Code   RO         4074    i._WriteNoCheck     segger_rtt.o
    0x00026bde   0x00000002   PAD
    0x00026be0   0x00000020   Code   RO         4645    i.__0printf$1       mc_w.l(printf1.o)
    0x00026c00   0x0000000e   Code   RO         4898    i.__scatterload_copy  mc_w.l(handlers.o)
    0x00026c0e   0x00000002   Code   RO         4899    i.__scatterload_null  mc_w.l(handlers.o)
    0x00026c10   0x0000000e   Code   RO         4900    i.__scatterload_zeroinit  mc_w.l(handlers.o)
    0x00026c1e   0x00000002   PAD
    0x00026c20   0x00000024   Code   RO         4304    i.__sd_nvic_app_accessible_irq  nrf_sdh.o
    0x00026c44   0x00000154   Code   RO         4652    i._printf_core      mc_w.l(printf1.o)
    0x00026d98   0x00000036   Code   RO          623    i.advertising_buttons_configure  bsp_btn_ble.o
    0x00026dce   0x00000006   Code   RO          506    i.alert_timer_handler  bsp.o
    0x00026dd4   0x00000024   Code   RO         2373    i.app_button_enable  app_button.o
    0x00026df8   0x00000078   Code   RO         2374    i.app_button_init   app_button.o
    0x00026e70   0x00000084   Code   RO         2493    i.app_error_fault_handler  app_error_weak.o
    0x00026ef4   0x00000016   Code   RO         2437    i.app_error_handler_bare  app_error.o
    0x00026f0a   0x00000016   Code   RO         2528    i.app_fifo_get      app_fifo.o
    0x00026f20   0x00000020   Code   RO         2529    i.app_fifo_init     app_fifo.o
    0x00026f40   0x0000001a   Code   RO         2531    i.app_fifo_put      app_fifo.o
    0x00026f5a   0x00000002   PAD
    0x00026f5c   0x00000024   Code   RO         2659    i.app_timer_create  app_timer.o
    0x00026f80   0x00000054   Code   RO         2660    i.app_timer_init    app_timer.o
    0x00026fd4   0x00000088   Code   RO         2663    i.app_timer_start   app_timer.o
    0x0002705c   0x00000020   Code   RO         2664    i.app_timer_stop    app_timer.o
    0x0002707c   0x00000034   Code   RO         2826    i.app_uart_get      app_uart_fifo.o
    0x000270b0   0x000000a4   Code   RO         2827    i.app_uart_init     app_uart_fifo.o
    0x00027154   0x00000054   Code   RO         2828    i.app_uart_put      app_uart_fifo.o
    0x000271a8   0x00000048   Code   RO         2907    i.app_util_critical_region_enter  app_util_platform.o
    0x000271f0   0x00000034   Code   RO         2908    i.app_util_critical_region_exit  app_util_platform.o
    0x00027224   0x00000088   Code   RO         2026    i.apply_config      nrfx_uart.o
    0x000272ac   0x00000088   Code   RO         2217    i.apply_config      nrfx_uarte.o
    0x00027334   0x00000038   Code   RO          730    i.ble_advdata_search  ble_advdata.o
    0x0002736c   0x000000b6   Code   RO          732    i.ble_advdata_uuid_find  ble_advdata.o
    0x00027422   0x00000002   PAD
    0x00027424   0x00000040   Code   RO          843    i.ble_db_discovery_evt_register  ble_db_discovery.o
    0x00027464   0x0000001c   Code   RO          844    i.ble_db_discovery_init  ble_db_discovery.o
    0x00027480   0x00000090   Code   RO          845    i.ble_db_discovery_on_ble_evt  ble_db_discovery.o
    0x00027510   0x00000028   Code   RO          846    i.ble_db_discovery_start  ble_db_discovery.o
    0x00027538   0x00000120   Code   RO            5    i.ble_evt_handler   main.o
    0x00027658   0x00000070   Code   RO          624    i.ble_evt_handler   bsp_btn_ble.o
    0x000276c8   0x000000e8   Code   RO            6    i.ble_nus_c_evt_handler  main.o
    0x000277b0   0x0000001a   Code   RO         1253    i.ble_nus_c_handles_assign  ble_nus_c.o
    0x000277ca   0x00000002   PAD
    0x000277cc   0x0000004c   Code   RO         1254    i.ble_nus_c_init    ble_nus_c.o
    0x00027818   0x0000006c   Code   RO         1255    i.ble_nus_c_on_ble_evt  ble_nus_c.o
    0x00027884   0x00000080   Code   RO         1256    i.ble_nus_c_on_db_disc_evt  ble_nus_c.o
    0x00027904   0x00000094   Code   RO         1257    i.ble_nus_c_string_send  ble_nus_c.o
    0x00027998   0x00000048   Code   RO         1258    i.ble_nus_c_tx_notif_enable  ble_nus_c.o
    0x000279e0   0x0000000c   Code   RO          373    i.bsp_board_button_idx_to_pin  boards.o
    0x000279ec   0x00000020   Code   RO          374    i.bsp_board_button_state_get  boards.o
    0x00027a0c   0x00000054   Code   RO          375    i.bsp_board_init    boards.o
    0x00027a60   0x00000024   Code   RO          377    i.bsp_board_led_invert  boards.o
    0x00027a84   0x00000010   Code   RO          378    i.bsp_board_led_off  boards.o
    0x00027a94   0x00000010   Code   RO          379    i.bsp_board_led_on  boards.o
    0x00027aa4   0x00000020   Code   RO          380    i.bsp_board_led_state_get  boards.o
    0x00027ac4   0x00000012   Code   RO          381    i.bsp_board_leds_off  boards.o
    0x00027ad6   0x00000012   Code   RO          382    i.bsp_board_leds_on  boards.o
    0x00027ae8   0x00000024   Code   RO          383    i.bsp_board_pin_to_button_idx  boards.o
    0x00027b0c   0x00000038   Code   RO          625    i.bsp_btn_ble_init  bsp_btn_ble.o
    0x00027b44   0x0000001e   Code   RO          626    i.bsp_btn_ble_sleep_mode_prepare  bsp_btn_ble.o
    0x00027b62   0x00000002   PAD
    0x00027b64   0x00000090   Code   RO          507    i.bsp_button_event_handler  bsp.o
    0x00027bf4   0x0000000c   Code   RO          508    i.bsp_button_is_pressed  bsp.o
    0x00027c00   0x00000028   Code   RO            7    i.bsp_event_handler  main.o
    0x00027c28   0x00000044   Code   RO          511    i.bsp_event_to_button_action_assign  bsp.o
    0x00027c6c   0x00000018   Code   RO          512    i.bsp_indication_set  bsp.o
    0x00027c84   0x00000094   Code   RO          513    i.bsp_init          bsp.o
    0x00027d18   0x000001c8   Code   RO          514    i.bsp_led_indication  bsp.o
    0x00027ee0   0x00000006   Code   RO          516    i.bsp_wakeup_button_enable  bsp.o
    0x00027ee6   0x00000002   PAD
    0x00027ee8   0x00000090   Code   RO         3807    i.buf_prealloc      nrf_log_frontend.o
    0x00027f78   0x0000001e   Code   RO         3308    i.buffer_add        nrf_fprintf_format.o
    0x00027f96   0x00000002   PAD
    0x00027f98   0x00000014   Code   RO         3808    i.buffer_is_empty   nrf_log_frontend.o
    0x00027fac   0x00000008   Code   RO          517    i.button_timer_handler  bsp.o
    0x00027fb4   0x0000001c   Code   RO         1671    i.channel_free      nrfx_gpiote.o
    0x00027fd0   0x00000048   Code   RO         1672    i.channel_port_alloc  nrfx_gpiote.o
    0x00028018   0x00000010   Code   RO         1673    i.channel_port_get  nrfx_gpiote.o
    0x00028028   0x00000042   Code   RO          847    i.characteristics_discover  ble_db_discovery.o
    0x0002806a   0x00000002   PAD
    0x0002806c   0x00000028   Code   RO         1334    i.clock_clk_started_notify  nrf_drv_clock.o
    0x00028094   0x0000001c   Code   RO         1335    i.clock_irq_handler  nrf_drv_clock.o
    0x000280b0   0x000000ac   Code   RO         2666    i.compare_reg_update  app_timer.o
    0x0002815c   0x000000c0   Code   RO         1028    i.data_length_update  nrf_ble_gatt.o
    0x0002821c   0x0000000c   Code   RO            8    i.db_disc_handler   main.o
    0x00028228   0x0000008c   Code   RO          848    i.descriptors_discover  ble_db_discovery.o
    0x000282b4   0x00000098   Code   RO         2376    i.detection_delay_timeout_handler  app_button.o
    0x0002834c   0x00000090   Code   RO          849    i.discovery_complete_evt_trigger  ble_db_discovery.o
    0x000283dc   0x0000003c   Code   RO          850    i.discovery_error_evt_trigger  ble_db_discovery.o
    0x00028418   0x0000005c   Code   RO          851    i.discovery_start   ble_db_discovery.o
    0x00028474   0x00000014   Code   RO         3809    i.dropped_sat16_get  nrf_log_frontend.o
    0x00028488   0x00000040   Code   RO         2667    i.elapsed_ticks_acquire  app_timer.o
    0x000284c8   0x00000014   Code   RO         2534    i.fifo_get          app_fifo.o
    0x000284dc   0x00000012   Code   RO         2535    i.fifo_put          app_fifo.o
    0x000284ee   0x0000000e   Code   RO         3631    i.fputc             retarget.o
    0x000284fc   0x00000090   Code   RO            9    i.gatt_evt_handler  main.o
    0x0002858c   0x00000030   Code   RO           10    i.gatt_init         main.o
    0x000285bc   0x00000084   Code   RO         2377    i.gpiote_event_handler  app_button.o
    0x00028640   0x000000a6   Code   RO         3309    i.int_print         nrf_fprintf_format.o
    0x000286e6   0x00000002   PAD
    0x000286e8   0x00000080   Code   RO         2218    i.interrupts_enable  nrfx_uarte.o
    0x00028768   0x00000034   Code   RO         3810    i.invalid_packets_omit  nrf_log_frontend.o
    0x0002879c   0x0000004c   Code   RO          852    i.is_desc_discovery_reqd  ble_db_discovery.o
    0x000287e8   0x00000016   Code   RO         1130    i.is_whitelist_used  nrf_ble_scan.o
    0x000287fe   0x00000002   PAD
    0x00028800   0x00000030   Code   RO          518    i.leds_off          bsp.o
    0x00028830   0x00000014   Code   RO          519    i.leds_timer_handler  bsp.o
    0x00028844   0x00000018   Code   RO         1029    i.link_init         nrf_ble_gatt.o
    0x0002885c   0x000000f8   Code   RO         2668    i.list_insertions_handler  app_timer.o
    0x00028954   0x0000009c   Code   RO         3811    i.log_skip          nrf_log_frontend.o
    0x000289f0   0x00000160   Code   RO           11    i.main              main.o
    0x00028b50   0x0000007e   Code   RO         3348    i.memobj_op         nrf_memobj.o
    0x00028bce   0x00000002   PAD
    0x00028bd0   0x00000030   Code   RO         3812    i.module_idx_get    nrf_log_frontend.o
    0x00028c00   0x00000006   Code   RO         3095    i.nrf_atomic_flag_clear_fetch  nrf_atomic.o
    0x00028c06   0x00000006   Code   RO         3096    i.nrf_atomic_flag_set  nrf_atomic.o
    0x00028c0c   0x0000000c   Code   RO         3098    i.nrf_atomic_u32_add  nrf_atomic.o
    0x00028c18   0x0000000a   Code   RO         3102    i.nrf_atomic_u32_fetch_and  nrf_atomic.o
    0x00028c22   0x0000000a   Code   RO         3104    i.nrf_atomic_u32_fetch_store  nrf_atomic.o
    0x00028c2c   0x0000000c   Code   RO         3108    i.nrf_atomic_u32_or  nrf_atomic.o
    0x00028c38   0x0000000c   Code   RO         3110    i.nrf_atomic_u32_sub  nrf_atomic.o
    0x00028c44   0x00000044   Code   RO         3232    i.nrf_balloc_alloc  nrf_balloc.o
    0x00028c88   0x00000030   Code   RO         3233    i.nrf_balloc_free   nrf_balloc.o
    0x00028cb8   0x00000030   Code   RO         3234    i.nrf_balloc_init   nrf_balloc.o
    0x00028ce8   0x00000010   Code   RO         1674    i.nrf_bitmask_bit_is_set  nrfx_gpiote.o
    0x00028cf8   0x00000014   Code   RO         1675    i.nrf_bitmask_bit_set  nrfx_gpiote.o
    0x00028d0c   0x00000018   Code   RO         1030    i.nrf_ble_gatt_att_mtu_central_set  nrf_ble_gatt.o
    0x00028d24   0x00000022   Code   RO         1035    i.nrf_ble_gatt_init  nrf_ble_gatt.o
    0x00028d46   0x00000002   PAD
    0x00028d48   0x00000150   Code   RO         1036    i.nrf_ble_gatt_on_ble_evt  nrf_ble_gatt.o
    0x00028e98   0x0000004c   Code   RO         1132    i.nrf_ble_scan_connect_with_target  nrf_ble_scan.o
    0x00028ee4   0x00000014   Code   RO         1134    i.nrf_ble_scan_default_conn_param_set  nrf_ble_scan.o
    0x00028ef8   0x0000001e   Code   RO         1135    i.nrf_ble_scan_default_param_set  nrf_ble_scan.o
    0x00028f16   0x00000042   Code   RO         1137    i.nrf_ble_scan_filter_set  nrf_ble_scan.o
    0x00028f58   0x0000000e   Code   RO         1138    i.nrf_ble_scan_filters_disable  nrf_ble_scan.o
    0x00028f66   0x00000036   Code   RO         1139    i.nrf_ble_scan_filters_enable  nrf_ble_scan.o
    0x00028f9c   0x0000006a   Code   RO         1140    i.nrf_ble_scan_init  nrf_ble_scan.o
    0x00029006   0x000000fc   Code   RO         1141    i.nrf_ble_scan_on_adv_report  nrf_ble_scan.o
    0x00029102   0x000000ae   Code   RO         1142    i.nrf_ble_scan_on_ble_evt  nrf_ble_scan.o
    0x000291b0   0x00000088   Code   RO         1144    i.nrf_ble_scan_start  nrf_ble_scan.o
    0x00029238   0x0000000e   Code   RO         1536    i.nrf_clock_event_check  nrfx_clock.o
    0x00029246   0x00000010   Code   RO         1537    i.nrf_clock_event_clear  nrfx_clock.o
    0x00029256   0x00000002   PAD
    0x00029258   0x00000038   Code   RO         1342    i.nrf_drv_clock_init  nrf_drv_clock.o
    0x00029290   0x00000030   Code   RO         1346    i.nrf_drv_clock_lfclk_release  nrf_drv_clock.o
    0x000292c0   0x00000068   Code   RO         1483    i.nrf_drv_uart_init  nrf_drv_uart.o
    0x00029328   0x00000020   Code   RO         2829    i.nrf_drv_uart_rx   app_uart_fifo.o
    0x00029348   0x00000020   Code   RO         2830    i.nrf_drv_uart_tx   app_uart_fifo.o
    0x00029368   0x0000001a   Code   RO         3269    i.nrf_fprintf       nrf_fprintf.o
    0x00029382   0x00000018   Code   RO         3270    i.nrf_fprintf_buffer_flush  nrf_fprintf.o
    0x0002939a   0x000001da   Code   RO         3310    i.nrf_fprintf_fmt   nrf_fprintf_format.o
    0x00029574   0x00000024   Code   RO          385    i.nrf_gpio_cfg      boards.o
    0x00029598   0x00000024   Code   RO         1676    i.nrf_gpio_cfg      nrfx_gpiote.o
    0x000295bc   0x00000024   Code   RO         2027    i.nrf_gpio_cfg      nrfx_uart.o
    0x000295e0   0x00000024   Code   RO         2219    i.nrf_gpio_cfg      nrfx_uarte.o
    0x00029604   0x00000012   Code   RO         2029    i.nrf_gpio_cfg_input  nrfx_uart.o
    0x00029616   0x00000012   Code   RO         2221    i.nrf_gpio_cfg_input  nrfx_uarte.o
    0x00029628   0x00000014   Code   RO         2030    i.nrf_gpio_cfg_output  nrfx_uart.o
    0x0002963c   0x00000014   Code   RO         2222    i.nrf_gpio_cfg_output  nrfx_uarte.o
    0x00029650   0x00000022   Code   RO         1678    i.nrf_gpio_cfg_sense_set  nrfx_gpiote.o
    0x00029672   0x00000016   Code   RO          386    i.nrf_gpio_pin_write  boards.o
    0x00029688   0x00000028   Code   RO         1679    i.nrf_gpio_ports_read  nrfx_gpiote.o
    0x000296b0   0x00000014   Code   RO         1680    i.nrf_gpiote_event_clear  nrfx_gpiote.o
    0x000296c4   0x00000010   Code   RO         1681    i.nrf_gpiote_event_is_set  nrfx_gpiote.o
    0x000296d4   0x0000005c   Code   RO         3813    i.nrf_log_backend_add  nrf_log_frontend.o
    0x00029730   0x00000002   Code   RO         3668    i.nrf_log_backend_rtt_flush  nrf_log_backend_rtt.o
    0x00029732   0x00000004   Code   RO         3669    i.nrf_log_backend_rtt_init  nrf_log_backend_rtt.o
    0x00029736   0x00000002   Code   RO         3670    i.nrf_log_backend_rtt_panic_set  nrf_log_backend_rtt.o
    0x00029738   0x00000018   Code   RO         3671    i.nrf_log_backend_rtt_put  nrf_log_backend_rtt.o
    0x00029750   0x000000c8   Code   RO         3737    i.nrf_log_backend_serial_put  nrf_log_backend_serial.o
    0x00029818   0x00000030   Code   RO         3815    i.nrf_log_color_id_get  nrf_log_frontend.o
    0x00029848   0x0000001c   Code   RO         3771    i.nrf_log_default_backends_init  nrf_log_default_backends.o
    0x00029864   0x00000234   Code   RO         3816    i.nrf_log_frontend_dequeue  nrf_log_frontend.o
    0x00029a98   0x00000008   Code   RO         3818    i.nrf_log_frontend_std_0  nrf_log_frontend.o
    0x00029aa0   0x0000000e   Code   RO         3819    i.nrf_log_frontend_std_1  nrf_log_frontend.o
    0x00029aae   0x00000010   Code   RO         3820    i.nrf_log_frontend_std_2  nrf_log_frontend.o
    0x00029abe   0x0000001c   Code   RO         3824    i.nrf_log_frontend_std_6  nrf_log_frontend.o
    0x00029ada   0x00000002   PAD
    0x00029adc   0x000000ac   Code   RO         3993    i.nrf_log_hexdump_entry_process  nrf_log_str_formatter.o
    0x00029b88   0x0000003c   Code   RO         3825    i.nrf_log_init      nrf_log_frontend.o
    0x00029bc4   0x00000014   Code   RO         3826    i.nrf_log_module_cnt_get  nrf_log_frontend.o
    0x00029bd8   0x0000001c   Code   RO         3829    i.nrf_log_module_name_get  nrf_log_frontend.o
    0x00029bf4   0x0000002c   Code   RO         3830    i.nrf_log_panic     nrf_log_frontend.o
    0x00029c20   0x000000b6   Code   RO         3994    i.nrf_log_std_entry_process  nrf_log_str_formatter.o
    0x00029cd6   0x00000060   Code   RO         3349    i.nrf_memobj_alloc  nrf_memobj.o
    0x00029d36   0x00000032   Code   RO         3350    i.nrf_memobj_free   nrf_memobj.o
    0x00029d68   0x00000008   Code   RO         3351    i.nrf_memobj_get    nrf_memobj.o
    0x00029d70   0x00000004   Code   RO         3352    i.nrf_memobj_pool_init  nrf_memobj.o
    0x00029d74   0x0000001e   Code   RO         3353    i.nrf_memobj_put    nrf_memobj.o
    0x00029d92   0x00000010   Code   RO         3354    i.nrf_memobj_read   nrf_memobj.o
    0x00029da2   0x00000010   Code   RO         3355    i.nrf_memobj_write  nrf_memobj.o
    0x00029db2   0x00000002   PAD
    0x00029db4   0x00000028   Code   RO         3427    i.nrf_pwr_mgmt_init  nrf_pwr_mgmt.o
    0x00029ddc   0x00000044   Code   RO         3428    i.nrf_pwr_mgmt_run  nrf_pwr_mgmt.o
    0x00029e20   0x0000003c   Code   RO         3429    i.nrf_pwr_mgmt_shutdown  nrf_pwr_mgmt.o
    0x00029e5c   0x0000001c   Code   RO         3504    i.nrf_ringbuf_init  nrf_ringbuf.o
    0x00029e78   0x00000014   Code   RO         4424    i.nrf_sdh_ble_app_ram_start_get  nrf_sdh_ble.o
    0x00029e8c   0x00000130   Code   RO         4425    i.nrf_sdh_ble_default_cfg_set  nrf_sdh_ble.o
    0x00029fbc   0x00000130   Code   RO         4426    i.nrf_sdh_ble_enable  nrf_sdh_ble.o
    0x0002a0ec   0x00000060   Code   RO         4427    i.nrf_sdh_ble_evts_poll  nrf_sdh_ble.o
    0x0002a14c   0x00000074   Code   RO         4306    i.nrf_sdh_enable_request  nrf_sdh.o
    0x0002a1c0   0x00000024   Code   RO         4307    i.nrf_sdh_evts_poll  nrf_sdh.o
    0x0002a1e4   0x0000000c   Code   RO         4308    i.nrf_sdh_is_enabled  nrf_sdh.o
    0x0002a1f0   0x0000003c   Code   RO         4478    i.nrf_sdh_soc_evts_poll  nrf_sdh_soc.o
    0x0002a22c   0x0000000a   Code   RO         3562    i.nrf_section_iter_init  nrf_section_iter.o
    0x0002a236   0x00000024   Code   RO         3563    i.nrf_section_iter_item_set  nrf_section_iter.o
    0x0002a25a   0x00000020   Code   RO         3564    i.nrf_section_iter_next  nrf_section_iter.o
    0x0002a27a   0x00000002   PAD
    0x0002a27c   0x00000038   Code   RO         3597    i.nrf_strerror_find  nrf_strerror.o
    0x0002a2b4   0x00000014   Code   RO         3598    i.nrf_strerror_get  nrf_strerror.o
    0x0002a2c8   0x0000000a   Code   RO         2031    i.nrf_uart_event_check  nrfx_uart.o
    0x0002a2d2   0x0000000c   Code   RO         2032    i.nrf_uart_event_clear  nrfx_uart.o
    0x0002a2de   0x0000000c   Code   RO         2033    i.nrf_uart_int_enable_check  nrfx_uart.o
    0x0002a2ea   0x0000000a   Code   RO         2223    i.nrf_uarte_event_check  nrfx_uarte.o
    0x0002a2f4   0x0000000c   Code   RO         2224    i.nrf_uarte_event_clear  nrfx_uarte.o
    0x0002a300   0x00000030   Code   RO         1542    i.nrfx_clock_enable  nrfx_clock.o
    0x0002a330   0x00000020   Code   RO         1545    i.nrfx_clock_init   nrfx_clock.o
    0x0002a350   0x0000001c   Code   RO         1548    i.nrfx_clock_lfclk_stop  nrfx_clock.o
    0x0002a36c   0x00000010   Code   RO         2669    i.nrfx_coredep_delay_us  app_timer.o
    0x0002a37c   0x000000a4   Code   RO         1686    i.nrfx_gpiote_in_event_enable  nrfx_gpiote.o
    0x0002a420   0x000000d0   Code   RO         1687    i.nrfx_gpiote_in_init  nrfx_gpiote.o
    0x0002a4f0   0x00000014   Code   RO         1688    i.nrfx_gpiote_in_is_set  nrfx_gpiote.o
    0x0002a504   0x00000070   Code   RO         1690    i.nrfx_gpiote_init  nrfx_gpiote.o
    0x0002a574   0x00000014   Code   RO         1691    i.nrfx_gpiote_is_init  nrfx_gpiote.o
    0x0002a588   0x00000010   Code   RO         2225    i.nrfx_is_in_ram    nrfx_uarte.o
    0x0002a598   0x0000003a   Code   RO         1973    i.nrfx_prs_acquire  nrfx_prs.o
    0x0002a5d2   0x00000002   PAD
    0x0002a5d4   0x00000010   Code   RO         2034    i.nrfx_uart_0_irq_handler  nrfx_uart.o
    0x0002a5e4   0x000000d4   Code   RO         2036    i.nrfx_uart_init    nrfx_uart.o
    0x0002a6b8   0x000000ec   Code   RO         2037    i.nrfx_uart_rx      nrfx_uart.o
    0x0002a7a4   0x000000a4   Code   RO         2042    i.nrfx_uart_tx      nrfx_uart.o
    0x0002a848   0x00000020   Code   RO         2044    i.nrfx_uart_tx_in_progress  nrfx_uart.o
    0x0002a868   0x00000010   Code   RO         2226    i.nrfx_uarte_0_irq_handler  nrfx_uarte.o
    0x0002a878   0x0000006c   Code   RO         2228    i.nrfx_uarte_init   nrfx_uarte.o
    0x0002a8e4   0x00000104   Code   RO         2229    i.nrfx_uarte_rx     nrfx_uarte.o
    0x0002a9e8   0x00000090   Code   RO         2232    i.nrfx_uarte_tx     nrfx_uarte.o
    0x0002aa78   0x0000001c   Code   RO         2234    i.nrfx_uarte_tx_in_progress  nrfx_uarte.o
    0x0002aa94   0x00000150   Code   RO          853    i.on_characteristic_discovery_rsp  ble_db_discovery.o
    0x0002abe4   0x000000a8   Code   RO         1037    i.on_connected_evt  nrf_ble_gatt.o
    0x0002ac8c   0x000000f0   Code   RO          854    i.on_descriptor_discovery_rsp  ble_db_discovery.o
    0x0002ad7c   0x000000ac   Code   RO         1038    i.on_exchange_mtu_request_evt  nrf_ble_gatt.o
    0x0002ae28   0x0000006c   Code   RO          855    i.on_primary_srv_discovery_rsp  ble_db_discovery.o
    0x0002ae94   0x0000007c   Code   RO          856    i.on_srv_disc_completion  ble_db_discovery.o
    0x0002af10   0x00000018   Code   RO         1707    i.pin_in_use_by_port  nrfx_gpiote.o
    0x0002af28   0x00000018   Code   RO         1708    i.pin_in_use_by_te  nrfx_gpiote.o
    0x0002af40   0x0000003c   Code   RO         3996    i.postfix_process   nrf_log_str_formatter.o
    0x0002af7c   0x00000098   Code   RO         3997    i.prefix_process    nrf_log_str_formatter.o
    0x0002b014   0x00000018   Code   RO         1975    i.prs_box_get       nrfx_prs.o
    0x0002b02c   0x00000038   Code   RO          857    i.registered_handler_get  ble_db_discovery.o
    0x0002b064   0x0000003c   Code   RO         2670    i.rtc1_stop         app_timer.o
    0x0002b0a0   0x00000032   Code   RO         2046    i.rx_byte           nrfx_uart.o
    0x0002b0d2   0x00000016   Code   RO         2047    i.rx_done_event     nrfx_uart.o
    0x0002b0e8   0x00000018   Code   RO         2236    i.rx_done_event     nrfx_uarte.o
    0x0002b100   0x00000020   Code   RO         2048    i.rx_enable         nrfx_uart.o
    0x0002b120   0x000000a0   Code   RO           12    i.scan_evt_handler  main.o
    0x0002b1c0   0x00000058   Code   RO           13    i.scan_init         main.o
    0x0002b218   0x00000028   Code   RO           14    i.scan_start        main.o
    0x0002b240   0x00000050   Code   RO         1349    i.sd_state_evt_handler  nrf_drv_clock.o
    0x0002b290   0x00000030   Code   RO         4313    i.sdh_request_observer_notify  nrf_sdh.o
    0x0002b2c0   0x0000002c   Code   RO         4314    i.sdh_state_observer_notify  nrf_sdh.o
    0x0002b2ec   0x00000050   Code   RO         3672    i.serial_tx         nrf_log_backend_rtt.o
    0x0002b33c   0x00000020   Code   RO           15    i.shutdown_handler  main.o
    0x0002b35c   0x0000007c   Code   RO         3430    i.shutdown_process  nrf_pwr_mgmt.o
    0x0002b3d8   0x00000018   Code   RO         1350    i.soc_evt_handler   nrf_drv_clock.o
    0x0002b3f0   0x00000058   Code   RO         4316    i.softdevices_evt_irq_enable  nrf_sdh.o
    0x0002b448   0x0000008c   Code   RO         3832    i.std_n             nrf_log_frontend.o
    0x0002b4d4   0x00000080   Code   RO         2671    i.timer_list_handler  app_timer.o
    0x0002b554   0x0000003c   Code   RO         2672    i.timer_list_insert  app_timer.o
    0x0002b590   0x00000060   Code   RO         2673    i.timer_list_remove  app_timer.o
    0x0002b5f0   0x00000048   Code   RO         2674    i.timer_stop_op_schedule  app_timer.o
    0x0002b638   0x00000074   Code   RO         2675    i.timer_timeouts_check  app_timer.o
    0x0002b6ac   0x00000020   Code   RO         2049    i.tx_byte           nrfx_uart.o
    0x0002b6cc   0x0000001a   Code   RO         2050    i.tx_done_event     nrfx_uart.o
    0x0002b6e6   0x00000002   PAD
    0x0002b6e8   0x000000e8   Code   RO           16    i.uart_event_handle  main.o
    0x0002b7d0   0x000000a0   Code   RO         2831    i.uart_event_handler  app_uart_fifo.o
    0x0002b870   0x00000030   Code   RO         1484    i.uart_evt_handler  nrf_drv_uart.o
    0x0002b8a0   0x00000128   Code   RO         2051    i.uart_irq_handler  nrfx_uart.o
    0x0002b9c8   0x00000030   Code   RO         1485    i.uarte_evt_handler  nrf_drv_uart.o
    0x0002b9f8   0x000000f4   Code   RO         2237    i.uarte_irq_handler  nrfx_uarte.o
    0x0002baec   0x000000b4   Code   RO         3311    i.unsigned_print    nrf_fprintf_format.o
    0x0002bba0   0x00000030   Code   RO         2676    i.user_op_alloc     app_timer.o
    0x0002bbd0   0x0000003a   Code   RO          520    i.wakeup_button_cfg  bsp.o
    0x0002bc0a   0x00000002   PAD
    0x0002bc0c   0x0000001c   Data   RO           18    .constdata          main.o
    0x0002bc28   0x00000008   Data   RO          387    .constdata          boards.o
    0x0002bc30   0x0000002c   Data   RO          525    .constdata          bsp.o
    0x0002bc5c   0x0000007c   Data   RO          859    .constdata          ble_db_discovery.o
    0x0002bcd8   0x00000016   Data   RO         1039    .constdata          nrf_ble_gatt.o
    0x0002bcee   0x00000002   PAD
    0x0002bcf0   0x00000028   Data   RO         1259    .constdata          ble_nus_c.o
    0x0002bd18   0x00000004   Data   RO         1710    .constdata          nrfx_gpiote.o
    0x0002bd1c   0x00000004   Data   RO         2054    .constdata          nrfx_uart.o
    0x0002bd20   0x00000004   Data   RO         2240    .constdata          nrfx_uarte.o
    0x0002bd24   0x00000008   Data   RO         2379    .constdata          app_button.o
    0x0002bd2c   0x00000004   PAD
    0x0002bd30   0x00000006   Data   RO         2678    .constdata          app_timer.o
    0x0002bd36   0x00000002   PAD
    0x0002bd38   0x00000020   Data   RO         2833    .constdata          app_uart_fifo.o
    0x0002bd58   0x00000010   Data   RO         3312    .constdata          nrf_fprintf_format.o
    0x0002bd68   0x00000018   Data   RO         3432    .constdata          nrf_pwr_mgmt.o
    0x0002bd80   0x0000000c   Data   RO         3433    .constdata          nrf_pwr_mgmt.o
    0x0002bd8c   0x0000013c   Data   RO         3599    .constdata          nrf_strerror.o
    0x0002bec8   0x0000000c   Data   RO         3674    .constdata          nrf_log_backend_rtt.o
    0x0002bed4   0x0000000c   PAD
    0x0002bee0   0x00000006   Data   RO         3675    .constdata          nrf_log_backend_rtt.o
    0x0002bee6   0x00000002   PAD
    0x0002bee8   0x0000000c   Data   RO         3837    .constdata          nrf_log_frontend.o
    0x0002bef4   0x00000010   Data   RO         4317    .constdata          nrf_sdh.o
    0x0002bf04   0x00000028   Data   RO         4318    .constdata          nrf_sdh.o
    0x0002bf2c   0x00000010   Data   RO         4319    .constdata          nrf_sdh.o
    0x0002bf3c   0x00000010   Data   RO         4320    .constdata          nrf_sdh.o
    0x0002bf4c   0x00000020   Data   RO         4428    .constdata          nrf_sdh_ble.o
    0x0002bf6c   0x00000010   Data   RO         4429    .constdata          nrf_sdh_ble.o
    0x0002bf7c   0x00000010   Data   RO         4479    .constdata          nrf_sdh_soc.o
    0x0002bf8c   0x0000000c   Data   RO         4480    .constdata          nrf_sdh_soc.o
    0x0002bf98   0x00000081   Data   RO         4561    .constdata          mc_w.l(ctype_o.o)
    0x0002c019   0x00000003   PAD
    0x0002c01c   0x00000004   Data   RO         4562    .constdata          mc_w.l(ctype_o.o)
    0x0002c020   0x000000a2   Data   RO          860    .conststring        ble_db_discovery.o
    0x0002c0c2   0x00000002   PAD
    0x0002c0c4   0x000000a2   Data   RO         1040    .conststring        nrf_ble_gatt.o
    0x0002c166   0x00000002   PAD
    0x0002c168   0x000003eb   Data   RO         3600    .conststring        nrf_strerror.o
    0x0002c553   0x00000001   PAD
    0x0002c554   0x00000066   Data   RO         3998    .conststring        nrf_log_str_formatter.o
    0x0002c5ba   0x00000002   PAD
    0x0002c5bc   0x000001cf   Data   RO         4430    .conststring        nrf_sdh_ble.o
    0x0002c78b   0x00000001   PAD
    0x0002c78c   0x0000000c   Data   RO          861    .conststrlit        ble_db_discovery.o
    0x0002c798   0x0000000d   Data   RO         1041    .conststrlit        nrf_ble_gatt.o
    0x0002c7a5   0x00000003   PAD
    0x0002c7a8   0x00000009   Data   RO         1146    .conststrlit        nrf_ble_scan.o
    0x0002c7b1   0x00000003   PAD
    0x0002c7b4   0x0000000a   Data   RO         1260    .conststrlit        ble_nus_c.o
    0x0002c7be   0x00000002   PAD
    0x0002c7c0   0x00000006   Data   RO         1356    .conststrlit        nrf_drv_clock.o
    0x0002c7c6   0x00000002   PAD
    0x0002c7c8   0x00000006   Data   RO         1552    .conststrlit        nrfx_clock.o
    0x0002c7ce   0x00000002   PAD
    0x0002c7d0   0x00000007   Data   RO         1714    .conststrlit        nrfx_gpiote.o
    0x0002c7d7   0x00000001   PAD
    0x0002c7d8   0x00000004   Data   RO         1977    .conststrlit        nrfx_prs.o
    0x0002c7dc   0x00000005   Data   RO         2057    .conststrlit        nrfx_uart.o
    0x0002c7e1   0x00000003   PAD
    0x0002c7e4   0x00000006   Data   RO         2243    .conststrlit        nrfx_uarte.o
    0x0002c7ea   0x00000002   PAD
    0x0002c7ec   0x00000009   Data   RO         3434    .conststrlit        nrf_pwr_mgmt.o
    0x0002c7f5   0x00000003   PAD
    0x0002c7f8   0x00000010   Data   RO         3772    .conststrlit        nrf_log_default_backends.o
    0x0002c808   0x00000004   Data   RO         3838    .conststrlit        nrf_log_frontend.o
    0x0002c80c   0x00000008   Data   RO         4321    .conststrlit        nrf_sdh.o
    0x0002c814   0x0000000c   Data   RO         4431    .conststrlit        nrf_sdh_ble.o
    0x0002c820   0x0000000c   Data   RO         4481    .conststrlit        nrf_sdh_soc.o
    0x0002c82c   0x00000020   Data   RO         4896    Region$$Table       anon$$obj.o
    0x0002c84c   0x00000010   Data   RO         3774    log_backends        nrf_log_default_backends.o
    0x0002c85c   0x00000008   Data   RO          863    log_const_data      ble_db_discovery.o
    0x0002c864   0x00000008   Data   RO         1042    log_const_data      nrf_ble_gatt.o
    0x0002c86c   0x00000008   Data   RO         1147    log_const_data      nrf_ble_scan.o
    0x0002c874   0x00000008   Data   RO         1261    log_const_data      ble_nus_c.o
    0x0002c87c   0x00000008   Data   RO         1357    log_const_data      nrf_drv_clock.o
    0x0002c884   0x00000008   Data   RO         1554    log_const_data      nrfx_clock.o
    0x0002c88c   0x00000008   Data   RO         1715    log_const_data      nrfx_gpiote.o
    0x0002c894   0x00000008   Data   RO         1979    log_const_data      nrfx_prs.o
    0x0002c89c   0x00000008   Data   RO         2058    log_const_data      nrfx_uart.o
    0x0002c8a4   0x00000008   Data   RO         2244    log_const_data      nrfx_uarte.o
    0x0002c8ac   0x00000008   Data   RO         3436    log_const_data      nrf_pwr_mgmt.o
    0x0002c8b4   0x00000008   Data   RO         3841    log_const_data      nrf_log_frontend.o
    0x0002c8bc   0x00000008   Data   RO         4323    log_const_data      nrf_sdh.o
    0x0002c8c4   0x00000008   Data   RO         4433    log_const_data      nrf_sdh_ble.o
    0x0002c8cc   0x00000008   Data   RO         4482    log_const_data      nrf_sdh_soc.o
    0x0002c8d4   0x00000014   Data   RO         3842    nrf_balloc          nrf_log_frontend.o
    0x0002c8e8   0x00000004   Data   RO           20    pwr_mgmt_data1      main.o
    0x0002c8ec   0x00000018   Data   RO           21    sdh_ble_observers1  main.o
    0x0002c904   0x00000008   Data   RO          628    sdh_ble_observers1  bsp_btn_ble.o
    0x0002c90c   0x00000008   Data   RO           22    sdh_ble_observers2  main.o
    0x0002c914   0x00000008   Data   RO           23    sdh_ble_observers3  main.o
    0x0002c91c   0x00000008   Data   RO         1358    sdh_soc_observers0  nrf_drv_clock.o
    0x0002c924   0x00000008   Data   RO         4434    sdh_stack_observers0  nrf_sdh_ble.o
    0x0002c92c   0x00000008   Data   RO         4483    sdh_stack_observers0  nrf_sdh_soc.o
    0x0002c934   0x00000008   Data   RO         1359    sdh_state_observers0  nrf_drv_clock.o


    Execution Region RW_IRAM1 (Base: 0x200029e0, Size: 0x00003530, Max: 0x0000d620, ABSOLUTE, COMPRESSED[0x00000044])

    Base Addr    Size         Type   Attr      Idx    E Section Name        Object

    0x200029e0   0x000002d0   Data   RW           19    .data               main.o
    0x20002cb0   0x00000010   Data   RW          526    .data               bsp.o
    0x20002cc0   0x00000008   Data   RW          627    .data               bsp_btn_ble.o
    0x20002cc8   0x00000010   Data   RW          862    .data               ble_db_discovery.o
    0x20002cd8   0x0000000c   Data   RW         1486    .data               nrf_drv_uart.o
    0x20002ce4   0x00000008   Data   RW         1553    .data               nrfx_clock.o
    0x20002cec   0x00000008   Data   RW         1978    .data               nrfx_prs.o
    0x20002cf4   0x00000004   PAD
    0x20002cf8   0x00000020   Data   RW         2380    .data               app_button.o
    0x20002d18   0x00000014   Data   RW         2679    .data               app_timer.o
    0x20002d2c   0x0000001c   Data   RW         2834    .data               app_uart_fifo.o
    0x20002d48   0x00000008   Data   RW         3435    .data               nrf_pwr_mgmt.o
    0x20002d50   0x00000004   Data   RW         3632    .data               retarget.o
    0x20002d54   0x00000001   Data   RW         3676    .data               nrf_log_backend_rtt.o
    0x20002d55   0x00000003   PAD
    0x20002d58   0x00000008   Data   RW         3773    .data               nrf_log_default_backends.o
    0x20002d60   0x00000008   Data   RW         3839    .data               nrf_log_frontend.o
    0x20002d68   0x00000008   Data   RW         3840    .data               nrf_log_frontend.o
    0x20002d70   0x00000040   Data   RW         3999    .data               nrf_log_str_formatter.o
    0x20002db0   0x00000003   Data   RW         4322    .data               nrf_sdh.o
    0x20002db3   0x00000001   Data   RW         4432    .data               nrf_sdh_ble.o
    0x20002db4   0x00000004   Data   RW         4522    .data               system_nrf52.o
    0x20002db8   0x00000368   Zero   RW           17    .bss                main.o
    0x20003120   0x00000020   Zero   RW          521    .bss                bsp.o
    0x20003140   0x00000020   Zero   RW          522    .bss                bsp.o
    0x20003160   0x0000000c   Zero   RW          523    .bss                bsp.o
    0x2000316c   0x00000020   Zero   RW          524    .bss                bsp.o
    0x2000318c   0x00000318   Zero   RW          858    .bss                ble_db_discovery.o
    0x200034a4   0x00000014   Zero   RW         1351    .bss                nrf_drv_clock.o
    0x200034b8   0x0000005c   Zero   RW         1709    .bss                nrfx_gpiote.o
    0x20003514   0x0000002c   Zero   RW         2052    .bss                nrfx_uart.o
    0x20003540   0x00000024   Zero   RW         2238    .bss                nrfx_uarte.o
    0x20003564   0x00000020   Zero   RW         2378    .bss                app_button.o
    0x20003584   0x0000010c   Zero   RW         2677    .bss                app_timer.o
    0x20003690   0x00000020   Zero   RW         2832    .bss                app_uart_fifo.o
    0x200036b0   0x0000000c   Zero   RW         2913    .bss                app_util_platform.o
    0x200036bc   0x0000000c   Zero   RW         3431    .bss                nrf_pwr_mgmt.o
    0x200036c8   0x00000040   Zero   RW         3673    .bss                nrf_log_backend_rtt.o
    0x20003708   0x000000c0   Zero   RW         3833    .bss                nrf_log_frontend.o
    0x200037c8   0x00000080   Zero   RW         3834    .bss                nrf_log_frontend.o
    0x20003848   0x00000018   Zero   RW         3835    .bss                nrf_log_frontend.o
    0x20003860   0x00000424   Zero   RW         3836    .bss                nrf_log_frontend.o
    0x20003c84   0x00000288   Zero   RW         4075    .bss                segger_rtt.o
    0x20003f0c   0x00000004   PAD
    0x20003f10   0x00002000   Zero   RW         4510    STACK               arm_startup_nrf52.o


==============================================================================

Image component sizes


      Code (inc. data)   RO Data    RW Data    ZI Data      Debug   Object Name

       440         36          8         32         32      12526   app_button.o
        22          0          0          0          0       2377   app_error.o
       132         46          0          0          0      30517   app_error_weak.o
       118          0          0          0          0       4554   app_fifo.o
      1506        118          6         20        268      46215   app_timer.o
       524         60         32         28         32      20382   app_uart_fifo.o
       124         14          0          0         12       8922   app_util_platform.o
        36          8        512          0       8192        904   arm_startup_nrf52.o
       238          0          0          0          0      43707   ble_advdata.o
      1718         94        306         16        792      16727   ble_db_discovery.o
       558         72         58          0          0      18184   ble_nus_c.o
       358         40          8          0          0      46815   boards.o
       998         84         44         16        108      14355   bsp.o
       252         10          8          8          0       4572   bsp_btn_ble.o
      1668        632         72        720        872     127743   main.o
       294          0          0          0          0       7347   nrf_atomic.o
       164          0          0          0          0       3432   nrf_balloc.o
       950        272        205          0          0      36122   nrf_ble_gatt.o
       950         44         17          0          0      11311   nrf_ble_scan.o
       276         34         30          0         20      37280   nrf_drv_clock.o
       200         26          0         12          0      17420   nrf_drv_uart.o
        50          0          0          0          0       3361   nrf_fprintf.o
       850          4         16          0          0       4562   nrf_fprintf_format.o
       112         18         18          1         64       5761   nrf_log_backend_rtt.o
       200          0          0          0          0      10601   nrf_log_backend_serial.o
        28          4         32          8          0       3253   nrf_log_default_backends.o
      1502        114         44         16       1404      28547   nrf_log_frontend.o
       566        108        102         64          0       4828   nrf_log_str_formatter.o
       346          0          0          0          0       8475   nrf_memobj.o
       292         42         53          8         12      37522   nrf_pwr_mgmt.o
        28          0          0          0          0       2263   nrf_ringbuf.o
       384         46        104          3          0      38779   nrf_sdh.o
       724        232        539          1          0       5553   nrf_sdh_ble.o
        60          4         56          0          0       2372   nrf_sdh_soc.o
        78          0          0          0          0       2580   nrf_section_iter.o
        76         10       1319          0          0       2479   nrf_strerror.o
       226         30         14          8          0      40926   nrfx_clock.o
      1226         92         19          0         92      56399   nrfx_gpiote.o
        94         16         12          8          0       3541   nrfx_prs.o
      1362         36         17          0         44      29257   nrfx_uart.o
      1200         38         18          0         36      22035   nrfx_uarte.o
        14          0          0          4          0       2766   retarget.o
       378         34          0          0        648       8153   segger_rtt.o
       796         70          0          4          0       2863   system_nrf52.o

    ----------------------------------------------------------------------
     22160       2488       3752        984      12632     838288   Object Totals
         0          0         32          0          0          0   (incl. Generated)
        42          0         51          7          4          0   (incl. Padding)

    ----------------------------------------------------------------------

      Code (inc. data)   RO Data    RW Data    ZI Data      Debug   Library Member Name

        86          0          0          0          0          0   __dczerorl2.o
         8          4        133          0          0         68   ctype_o.o
         0          0          0          0          0          0   entry.o
         0          0          0          0          0          0   entry10a.o
         0          0          0          0          0          0   entry11a.o
         8          4          0          0          0          0   entry2.o
         4          0          0          0          0          0   entry5.o
         0          0          0          0          0          0   entry7b.o
         0          0          0          0          0          0   entry8b.o
         8          4          0          0          0          0   entry9a.o
        30          0          0          0          0          0   handlers.o
        36          8          0          0          0         68   init.o
        30          0          0          0          0         68   llshl.o
        32          0          0          0          0         68   llushr.o
        26          0          0          0          0         80   memcmp.o
        36          0          0          0          0         68   memcpya.o
        36          0          0          0          0        108   memseta.o
       372         14          0          0          0        184   printf1.o
        18          0          0          0          0         68   strcpy.o
        14          0          0          0          0         68   strlen.o
        44          0          0          0          0         80   uidiv.o
        98          0          0          0          0         92   uldiv.o

    ----------------------------------------------------------------------
       892         34        136          0          0       1020   Library Totals
         6          0          3          0          0          0   (incl. Padding)

    ----------------------------------------------------------------------

      Code (inc. data)   RO Data    RW Data    ZI Data      Debug   Library Name

       886         34        133          0          0       1020   mc_w.l

    ----------------------------------------------------------------------
       892         34        136          0          0       1020   Library Totals

    ----------------------------------------------------------------------

==============================================================================


      Code (inc. data)   RO Data    RW Data    ZI Data      Debug   

     23052       2522       3888        984      12632     812276   Grand Totals
     23052       2522       3888         68      12632     812276   ELF Image Totals (compressed)
     23052       2522       3888         68          0          0   ROM Totals

==============================================================================

    Total RO  Size (Code + RO Data)                26940 (  26.31kB)
    Total RW  Size (RW Data + ZI Data)             13616 (  13.30kB)
    Total ROM Size (Code + RO Data + RW Data)      27008 (  26.38kB)

==============================================================================

