Component: ARM Compiler 5.05 update 1 (build 106) Tool: armlink [4d0efa]

==============================================================================

Section Cross References

    main.o(i.assert_nrf_callback) refers to app_error_handler_keil.o(.emb_text) for app_error_handler
    main.o(i.ble_evt_handler) refers to nrf_log_frontend.o(i.nrf_log_frontend_std_2) for nrf_log_frontend_std_2
    main.o(i.ble_evt_handler) refers to ble_conn_state.o(i.ble_conn_state_central_conn_count) for ble_conn_state_central_conn_count
    main.o(i.ble_evt_handler) refers to nrf_log_frontend.o(i.nrf_log_frontend_std_1) for nrf_log_frontend_std_1
    main.o(i.ble_evt_handler) refers to app_error.o(i.app_error_handler_bare) for app_error_handler_bare
    main.o(i.ble_evt_handler) refers to ble_lbs_c.o(i.ble_lbs_c_handles_assign) for ble_lbs_c_handles_assign
    main.o(i.ble_evt_handler) refers to ble_db_discovery.o(i.ble_db_discovery_start) for ble_db_discovery_start
    main.o(i.ble_evt_handler) refers to boards.o(i.bsp_board_led_on) for bsp_board_led_on
    main.o(i.ble_evt_handler) refers to nrf_log_frontend.o(i.nrf_log_frontend_std_0) for nrf_log_frontend_std_0
    main.o(i.ble_evt_handler) refers to main.o(i.scan_start) for scan_start
    main.o(i.ble_evt_handler) refers to boards.o(i.bsp_board_led_off) for bsp_board_led_off
    main.o(i.ble_evt_handler) refers to app_button.o(i.app_button_disable) for app_button_disable
    main.o(i.ble_evt_handler) refers to nrf_log_frontend.o(log_const_data) for m_nrf_log_app_logs_data_const
    main.o(i.ble_evt_handler) refers to main.o(.bss) for .bss
    main.o(i.ble_evt_handler) refers to main.o(.data) for .data
    main.o(i.ble_evt_handler) refers to main.o(.conststring) for .conststring
    main.o(i.button_event_handler) refers to app_error.o(i.app_error_handler_bare) for app_error_handler_bare
    main.o(i.button_event_handler) refers to ble_lbs_c.o(i.ble_lbs_led_status_send) for ble_lbs_led_status_send
    main.o(i.button_event_handler) refers to nrf_log_frontend.o(i.nrf_log_frontend_std_1) for nrf_log_frontend_std_1
    main.o(i.button_event_handler) refers to main.o(.bss) for .bss
    main.o(i.button_event_handler) refers to nrf_log_frontend.o(log_const_data) for m_nrf_log_app_logs_data_const
    main.o(i.db_disc_handler) refers to ble_lbs_c.o(i.ble_lbs_on_db_disc_evt) for ble_lbs_on_db_disc_evt
    main.o(i.db_disc_handler) refers to main.o(.bss) for .bss
    main.o(i.lbs_c_evt_handler) refers to nrf_log_frontend.o(i.nrf_log_frontend_std_2) for nrf_log_frontend_std_2
    main.o(i.lbs_c_evt_handler) refers to boards.o(i.bsp_board_led_on) for bsp_board_led_on
    main.o(i.lbs_c_evt_handler) refers to nrf_log_frontend.o(i.nrf_log_frontend_std_1) for nrf_log_frontend_std_1
    main.o(i.lbs_c_evt_handler) refers to app_button.o(i.app_button_enable) for app_button_enable
    main.o(i.lbs_c_evt_handler) refers to app_error.o(i.app_error_handler_bare) for app_error_handler_bare
    main.o(i.lbs_c_evt_handler) refers to ble_lbs_c.o(i.ble_lbs_c_button_notif_enable) for ble_lbs_c_button_notif_enable
    main.o(i.lbs_c_evt_handler) refers to boards.o(i.bsp_board_led_off) for bsp_board_led_off
    main.o(i.lbs_c_evt_handler) refers to nrf_log_frontend.o(log_const_data) for m_nrf_log_app_logs_data_const
    main.o(i.main) refers to nrf_log_frontend.o(i.nrf_log_init) for nrf_log_init
    main.o(i.main) refers to app_error.o(i.app_error_handler_bare) for app_error_handler_bare
    main.o(i.main) refers to nrf_log_default_backends.o(i.nrf_log_default_backends_init) for nrf_log_default_backends_init
    main.o(i.main) refers to app_timer.o(i.app_timer_init) for app_timer_init
    main.o(i.main) refers to boards.o(i.bsp_board_init) for bsp_board_init
    main.o(i.main) refers to app_button.o(i.app_button_init) for app_button_init
    main.o(i.main) refers to nrf_pwr_mgmt.o(i.nrf_pwr_mgmt_init) for nrf_pwr_mgmt_init
    main.o(i.main) refers to nrf_sdh.o(i.nrf_sdh_enable_request) for nrf_sdh_enable_request
    main.o(i.main) refers to nrf_sdh_ble.o(i.nrf_sdh_ble_default_cfg_set) for nrf_sdh_ble_default_cfg_set
    main.o(i.main) refers to nrf_sdh_ble.o(i.nrf_sdh_ble_enable) for nrf_sdh_ble_enable
    main.o(i.main) refers to nrf_ble_gatt.o(i.nrf_ble_gatt_init) for nrf_ble_gatt_init
    main.o(i.main) refers to ble_db_discovery.o(i.ble_db_discovery_init) for ble_db_discovery_init
    main.o(i.main) refers to ble_lbs_c.o(i.ble_lbs_c_init) for ble_lbs_c_init
    main.o(i.main) refers to ble_conn_state.o(i.ble_conn_state_init) for ble_conn_state_init
    main.o(i.main) refers to main.o(i.scan_init) for scan_init
    main.o(i.main) refers to nrf_log_frontend.o(i.nrf_log_frontend_std_0) for nrf_log_frontend_std_0
    main.o(i.main) refers to main.o(i.scan_start) for scan_start
    main.o(i.main) refers to nrf_log_frontend.o(i.nrf_log_frontend_dequeue) for nrf_log_frontend_dequeue
    main.o(i.main) refers to nrf_pwr_mgmt.o(i.nrf_pwr_mgmt_run) for nrf_pwr_mgmt_run
[...]
    .conststrlit                             0x0002bc40   Section        6  nrf_drv_clock.o(.conststrlit)
    .conststrlit                             0x0002bc48   Section        6  nrfx_clock.o(.conststrlit)
    .conststrlit                             0x0002bc50   Section        7  nrfx_gpiote.o(.conststrlit)
    .conststrlit                             0x0002bc58   Section        4  nrfx_prs.o(.conststrlit)
    .conststrlit                             0x0002bc5c   Section        5  nrfx_uart.o(.conststrlit)
    .conststrlit                             0x0002bc64   Section        6  nrfx_uarte.o(.conststrlit)
    .conststrlit                             0x0002bc6c   Section        9  nrf_pwr_mgmt.o(.conststrlit)
    .conststrlit                             0x0002bc78   Section       17  nrf_log_default_backends.o(.conststrlit)
    .conststrlit                             0x0002bc8c   Section        4  nrf_log_frontend.o(.conststrlit)
    .conststrlit                             0x0002bc90   Section        8  nrf_sdh.o(.conststrlit)
    .conststrlit                             0x0002bc98   Section       12  nrf_sdh_ble.o(.conststrlit)
    .conststrlit                             0x0002bca4   Section       12  nrf_sdh_soc.o(.conststrlit)
    log_backends                             0x0002bcd0   Section       16  nrf_log_default_backends.o(log_backends)
    __tagsym$$used                           0x0002bcd0   Number         0  nrf_log_default_backends.o(log_backends)
    uart_log_backend                         0x0002bcd0   Data          16  nrf_log_default_backends.o(log_backends)
    log_const_data                           0x0002bce0   Section        8  ble_db_discovery.o(log_const_data)
    __tagsym$$used                           0x0002bce0   Number         0  ble_db_discovery.o(log_const_data)
    log_const_data                           0x0002bce8   Section        8  nrf_ble_gatt.o(log_const_data)
    __tagsym$$used                           0x0002bce8   Number         0  nrf_ble_gatt.o(log_const_data)
    log_const_data                           0x0002bcf0   Section        8  nrf_ble_scan.o(log_const_data)
    __tagsym$$used                           0x0002bcf0   Number         0  nrf_ble_scan.o(log_const_data)
    log_const_data                           0x0002bcf8   Section        8  ble_lbs_c.o(log_const_data)
    __tagsym$$used                           0x0002bcf8   Number         0  ble_lbs_c.o(log_const_data)
    log_const_data                           0x0002bd00   Section        8  nrf_drv_clock.o(log_const_data)
    __tagsym$$used                           0x0002bd00   Number         0  nrf_drv_clock.o(log_const_data)
    log_const_data                           0x0002bd08   Section        8  nrfx_clock.o(log_const_data)
    __tagsym$$used                           0x0002bd08   Number         0  nrfx_clock.o(log_const_data)
    log_const_data                           0x0002bd10   Section        8  nrfx_gpiote.o(log_const_data)
    __tagsym$$used                           0x0002bd10   Number         0  nrfx_gpiote.o(log_const_data)
    log_const_data                           0x0002bd18   Section        8  nrfx_prs.o(log_const_data)
    __tagsym$$used                           0x0002bd18   Number         0  nrfx_prs.o(log_const_data)
    log_const_data                           0x0002bd20   Section        8  nrfx_uart.o(log_const_data)
    __tagsym$$used                           0x0002bd20   Number         0  nrfx_uart.o(log_const_data)
    log_const_data                           0x0002bd28   Section        8  nrfx_uarte.o(log_const_data)
    __tagsym$$used                           0x0002bd28   Number         0  nrfx_uarte.o(log_const_data)
    log_const_data                           0x0002bd30   Section        8  nrf_pwr_mgmt.o(log_const_data)
    __tagsym$$used                           0x0002bd30   Number         0  nrf_pwr_mgmt.o(log_const_data)
    log_const_data                           0x0002bd38   Section        8  nrf_log_frontend.o(log_const_data)
    __tagsym$$used                           0x0002bd38   Number         0  nrf_log_frontend.o(log_const_data)
    log_const_data                           0x0002bd40   Section        8  nrf_sdh.o(log_const_data)
    __tagsym$$used                           0x0002bd40   Number         0  nrf_sdh.o(log_const_data)
    log_const_data                           0x0002bd48   Section        8  nrf_sdh_ble.o(log_const_data)
    __tagsym$$used                           0x0002bd48   Number         0  nrf_sdh_ble.o(log_const_data)
    log_const_data                           0x0002bd50   Section        8  nrf_sdh_soc.o(log_const_data)
    __tagsym$$used                           0x0002bd50   Number         0  nrf_sdh_soc.o(log_const_data)
    nrf_balloc                               0x0002bd58   Section       20  nrf_log_frontend.o(nrf_balloc)
    __tagsym$$used                           0x0002bd58   Number         0  nrf_log_frontend.o(nrf_balloc)
    sdh_ble_observers0                       0x0002bd6c   Section        8  ble_conn_state.o(sdh_ble_observers0)
    __tagsym$$used                           0x0002bd6c   Number         0  ble_conn_state.o(sdh_ble_observers0)
    m_ble_evt_observer                       0x0002bd6c   Data           8  ble_conn_state.o(sdh_ble_observers0)
    sdh_ble_observers1                       0x0002bd74   Section       80  main.o(sdh_ble_observers1)
    __tagsym$$used                           0x0002bd74   Number         0  main.o(sdh_ble_observers1)
    m_gatt_obs                               0x0002bd74   Data           8  main.o(sdh_ble_observers1)
    __tagsym$$used                           0x0002bd7c   Number         0  main.o(sdh_ble_observers1)
    m_db_disc_obs                            0x0002bd7c   Data          64  main.o(sdh_ble_observers1)
    __tagsym$$used                           0x0002bdbc   Number         0  main.o(sdh_ble_observers1)
    m_scan_ble_obs                           0x0002bdbc   Data           8  main.o(sdh_ble_observers1)
    sdh_ble_observers1                       0x0002bdc4   Section        8  bsp_btn_ble.o(sdh_ble_observers1)
    __tagsym$$used                           0x0002bdc4   Number         0  bsp_btn_ble.o(sdh_ble_observers1)
    m_ble_observer                           0x0002bdc4   Data           8  bsp_btn_ble.o(sdh_ble_observers1)
    sdh_ble_observers2                       0x0002bdcc   Section       64  main.o(sdh_ble_observers2)
    __tagsym$$used                           0x0002bdcc   Number         0  main.o(sdh_ble_observers2)
    m_lbs_c_obs                              0x0002bdcc   Data          64  main.o(sdh_ble_observers2)
    sdh_ble_observers3                       0x0002be0c   Section        8  main.o(sdh_ble_observers3)
    __tagsym$$used                           0x0002be0c   Number         0  main.o(sdh_ble_observers3)
    m_ble_observer                           0x0002be0c   Data           8  main.o(sdh_ble_observers3)
    sdh_soc_observers0                       0x0002be14   Section        8  nrf_drv_clock.o(sdh_soc_observers0)
    __tagsym$$used                           0x0002be14   Number         0  nrf_drv_clock.o(sdh_soc_observers0)
    m_soc_evt_observer                       0x0002be14   Data           8  nrf_drv_clock.o(sdh_soc_observers0)
    sdh_stack_observers0                     0x0002be1c   Section        8  nrf_sdh_ble.o(sdh_stack_observers0)
    __tagsym$$used                           0x0002be1c   Number         0  nrf_sdh_ble.o(sdh_stack_observers0)
    m_nrf_sdh_ble_evts_poll                  0x0002be1c   Data           8  nrf_sdh_ble.o(sdh_stack_observers0)
    sdh_stack_observers0                     0x0002be24   Section        8  nrf_sdh_soc.o(sdh_stack_observers0)
    __tagsym$$used                           0x0002be24   Number         0  nrf_sdh_soc.o(sdh_stack_observers0)
    m_nrf_sdh_soc_evts_poll                  0x0002be24   Data           8  nrf_sdh_soc.o(sdh_stack_observers0)
    sdh_state_observers0                     0x0002be2c   Section        8  nrf_drv_clock.o(sdh_state_observers0)
    __tagsym$$used                           0x0002be2c   Number         0  nrf_drv_clock.o(sdh_state_observers0)
    m_sd_state_observer                      0x0002be2c   Data           8  nrf_drv_clock.o(sdh_state_observers0)
    .data                                    0x20004368   Section     5736  main.o(.data)
    buttons                                  0x20004368   Data           8  main.o(.data)
    m_db_disc                                0x20004370   Data        5728  main.o(.data)
    .data                                    0x200059d0   Section        8  bsp_btn_ble.o(.data)
    m_error_handler                          0x200059d0   Data           4  bsp_btn_ble.o(.data)
    m_num_connections                        0x200059d4   Data           4  bsp_btn_ble.o(.data)
    .data                                    0x200059d8   Section       16  ble_db_discovery.o(.data)
    m_initialized                            0x200059d8   Data           1  ble_db_discovery.o(.data)
    m_evt_handler                            0x200059dc   Data           4  ble_db_discovery.o(.data)
    m_pending_usr_evt_index                  0x200059e0   Data           4  ble_db_discovery.o(.data)
    m_num_of_handlers_reg                    0x200059e4   Data           4  ble_db_discovery.o(.data)
    .data                                    0x200059e8   Section        8  ble_lbs_c.o(.data)
    m_tx_insert_index                        0x200059e8   Data           4  ble_lbs_c.o(.data)
    m_tx_index                               0x200059ec   Data           4  ble_lbs_c.o(.data)
    .data                                    0x200059f0   Section       20  nrf_drv_uart.o(.data)
    m_handlers                               0x200059f4   Data           8  nrf_drv_uart.o(.data)
    m_contexts                               0x200059fc   Data           8  nrf_drv_uart.o(.data)
    .data                                    0x20005a04   Section        8  nrfx_clock.o(.data)
    m_clock_cb                               0x20005a04   Data           8  nrfx_clock.o(.data)
    .data                                    0x20005a0c   Section        8  nrfx_prs.o(.data)
    m_prs_box_4                              0x20005a0c   Data           8  nrfx_prs.o(.data)
    .data                                    0x20005a18   Section       32  app_button.o(.data)
    m_button_count                           0x20005a18   Data           1  app_button.o(.data)
    mp_buttons                               0x20005a1c   Data           4  app_button.o(.data)
    m_detection_delay                        0x20005a20   Data           4  app_button.o(.data)
    m_pin_state                              0x20005a28   Data           8  app_button.o(.data)
    m_pin_transition                         0x20005a30   Data           8  app_button.o(.data)
    .data                                    0x20005a38   Section       20  app_timer.o(.data)
    m_ticks_elapsed_q_read_ind               0x20005a38   Data           1  app_timer.o(.data)
    m_ticks_elapsed_q_write_ind              0x20005a39   Data           1  app_timer.o(.data)
    m_rtc1_running                           0x20005a3a   Data           1  app_timer.o(.data)
    m_rtc1_reset                             0x20005a3b   Data           1  app_timer.o(.data)
    mp_timer_id_head                         0x20005a3c   Data           4  app_timer.o(.data)
    m_ticks_latest                           0x20005a40   Data           4  app_timer.o(.data)
    m_ticks_elapsed                          0x20005a44   Data           8  app_timer.o(.data)
    .data                                    0x20005a4c   Section        8  nrf_pwr_mgmt.o(.data)
    m_pwr_mgmt_evt                           0x20005a4c   Data           1  nrf_pwr_mgmt.o(.data)
    m_shutdown_started                       0x20005a4d   Data           1  nrf_pwr_mgmt.o(.data)
    m_sysoff_mtx                             0x20005a50   Data           4  nrf_pwr_mgmt.o(.data)
    .data                                    0x20005a54   Section       24  nrf_log_backend_uart.o(.data)
    m_xfer_done                              0x20005a54   Data           1  nrf_log_backend_uart.o(.data)
    m_async_mode                             0x20005a55   Data           1  nrf_log_backend_uart.o(.data)
    .data                                    0x20005a6c   Section        8  nrf_log_default_backends.o(.data)
    log_backend_cb_uart_log_backend          0x20005a6c   Data           8  nrf_log_default_backends.o(.data)
    .data                                    0x20005a74   Section        8  nrf_log_frontend.o(.data)
    log_mempool_nrf_balloc_pool_stack        0x20005a74   Data           8  nrf_log_frontend.o(.data)
    .data                                    0x20005a7c   Section        8  nrf_log_frontend.o(.data)
    log_mempool_nrf_balloc_cb                0x20005a7c   Data           8  nrf_log_frontend.o(.data)
    .data                                    0x20005a84   Section       64  nrf_log_str_formatter.o(.data)
    m_freq                                   0x20005a84   Data           4  nrf_log_str_formatter.o(.data)
    m_timestamp_div                          0x20005a88   Data           4  nrf_log_str_formatter.o(.data)
    severity_names                           0x20005a8c   Data          20  nrf_log_str_formatter.o(.data)
    m_colors                                 0x20005aa0   Data          36  nrf_log_str_formatter.o(.data)
    .data                                    0x20005ac4   Section        3  nrf_sdh.o(.data)
    m_nrf_sdh_enabled                        0x20005ac4   Data           1  nrf_sdh.o(.data)
    m_nrf_sdh_suspended                      0x20005ac5   Data           1  nrf_sdh.o(.data)
    m_nrf_sdh_continue                       0x20005ac6   Data           1  nrf_sdh.o(.data)
    .data                                    0x20005ac7   Section        1  nrf_sdh_ble.o(.data)
    m_stack_is_enabled                       0x20005ac7   Data           1  nrf_sdh_ble.o(.data)
    .data                                    0x20005ac8   Section        4  system_nrf52840.o(.data)
    __tagsym$$used                           0x20005ac8   Number         0  system_nrf52840.o(.data)
    .bss                                     0x20005acc   Section      308  main.o(.bss)
    m_gatt                                   0x20005acc   Data          76  main.o(.bss)
    m_lbs_c                                  0x20005b18   Data         128  main.o(.bss)
    m_scan                                   0x20005b98   Data         104  main.o(.bss)
    .bss                                     0x20005c00   Section       12  bsp.o(.bss)
    m_events_list                            0x20005c00   Data          12  bsp.o(.bss)
    .bss                                     0x20005c0c   Section      120  ble_conn_state.o(.bss)
    m_bcs                                    0x20005c0c   Data         120  ble_conn_state.o(.bss)
    .bss                                     0x20005c84   Section      792  ble_db_discovery.o(.bss)
    m_registered_handlers                    0x20005c84   Data          24  ble_db_discovery.o(.bss)
    m_pending_user_evts                      0x20005c9c   Data         768  ble_db_discovery.o(.bss)
    .bss                                     0x20005f9c   Section      160  ble_lbs_c.o(.bss)
    m_tx_buffer                              0x20005f9c   Data         160  ble_lbs_c.o(.bss)
    .bss                                     0x2000603c   Section       20  nrf_drv_clock.o(.bss)
    m_clock_cb                               0x2000603c   Data          20  nrf_drv_clock.o(.bss)
    .bss                                     0x20006050   Section      108  nrfx_gpiote.o(.bss)
    m_cb                                     0x20006050   Data         108  nrfx_gpiote.o(.bss)
    .bss                                     0x200060bc   Section       44  nrfx_uart.o(.bss)
    m_cb                                     0x200060bc   Data          44  nrfx_uart.o(.bss)
    .bss                                     0x200060e8   Section       36  nrfx_uarte.o(.bss)
    m_cb                                     0x200060e8   Data          36  nrfx_uarte.o(.bss)
    .bss                                     0x2000610c   Section       32  app_button.o(.bss)
    m_detection_delay_timer_id_data          0x2000610c   Data          32  app_button.o(.bss)
    .bss                                     0x2000612c   Section      268  app_timer.o(.bss)
    m_op_queue                               0x2000612c   Data         268  app_timer.o(.bss)
    .bss                                     0x20006238   Section       12  app_util_platform.o(.bss)
    .bss                                     0x20006244   Section       12  nrf_pwr_mgmt.o(.bss)
    m_handlers_iter                          0x20006244   Data          12  nrf_pwr_mgmt.o(.bss)
    .bss                                     0x20006250   Section       64  nrf_log_backend_uart.o(.bss)
    m_string_buff                            0x20006250   Data          64  nrf_log_backend_uart.o(.bss)
    .bss                                     0x20006290   Section      192  nrf_log_frontend.o(.bss)
    log_mempool_nrf_balloc_pool_mem          0x20006290   Data         192  nrf_log_frontend.o(.bss)
    .bss                                     0x20006350   Section      128  nrf_log_frontend.o(.bss)
    m_log_push_ringbuf_buf                   0x20006350   Data         128  nrf_log_frontend.o(.bss)
    .bss                                     0x200063d0   Section       24  nrf_log_frontend.o(.bss)
    m_log_push_ringbuf_cb                    0x200063d0   Data          24  nrf_log_frontend.o(.bss)
    .bss                                     0x200063e8   Section     1060  nrf_log_frontend.o(.bss)
    m_log_data                               0x200063e8   Data        1060  nrf_log_frontend.o(.bss)
    STACK                                    0x20006810   Section     8192  arm_startup_nrf52840.o(STACK)

    Global Symbols

    Symbol Name                              Value     Ov Type        Size  Object(Section)

    BuildAttributes$$THM_ISAv4$E$P$D$K$B$S$7EM$VFPi3$EXTD16$VFPS$VFMA$PE$A:L22UL41UL21$X:L11$S22US41US21$IEEE1$IW$USESV6$~STKCKD$USESV7$~SHL$OSPACE$EBA8$MICROLIB$REQ8$EABIv2 0x00000000   Number         0  anon$$obj.o ABSOLUTE
    __ARM_use_no_argv                        0x00000000   Number         0  main.o ABSOLUTE
    __use_no_errno                           0x00000000   Number         0  useno.o ABSOLUTE
    __use_no_exception_handling              0x00000000   Number         0  useno.o ABSOLUTE
    __use_no_fp                              0x00000000   Number         0  useno.o ABSOLUTE
    __use_no_heap                            0x00000000   Number         0  useno.o ABSOLUTE
    __use_no_heap_region                     0x00000000   Number         0  useno.o ABSOLUTE
    __use_no_semihosting                     0x00000000   Number         0  useno.o ABSOLUTE
    __use_no_semihosting_swi                 0x00000000   Number         0  useno.o ABSOLUTE
    __use_no_signal_handling                 0x00000000   Number         0  useno.o ABSOLUTE
    __cpp_initialize__aeabi_                  - Undefined Weak Reference
    __cxa_finalize                            - Undefined Weak Reference
    _clock_init                               - Undefined Weak Reference
    _microlib_exit                            - Undefined Weak Reference
    log_dynamic_data$$Base                    - Undefined Reference
    pwr_mgmt_data0$$Base                      - Undefined Reference
    pwr_mgmt_data0$$Limit                     - Undefined Reference
    pwr_mgmt_data1$$Base                      - Undefined Reference
    pwr_mgmt_data1$$Limit                     - Undefined Reference
    pwr_mgmt_data2$$Base                      - Undefined Reference
    pwr_mgmt_data2$$Limit                     - Undefined Reference
    sdh_req_observers0$$Base                  - Undefined Reference
    sdh_req_observers0$$Limit                 - Undefined Reference
    sdh_req_observers1$$Base                  - Undefined Reference
    sdh_req_observers1$$Limit                 - Undefined Reference
    sdh_soc_observers1$$Base                  - Undefined Reference
    sdh_soc_observers1$$Limit                 - Undefined Reference
    sdh_stack_observers1$$Base                - Undefined Reference
    sdh_stack_observers1$$Limit               - Undefined Reference
    sdh_state_observers1$$Base                - Undefined Reference
    sdh_state_observers1$$Limit               - Undefined Reference
    __Vectors_Size                           0x00000200   Number         0  arm_startup_nrf52840.o ABSOLUTE
    __Vectors                                0x00026000   Data           4  arm_startup_nrf52840.o(RESET)
    __Vectors_End                            0x00026200   Data           0  arm_startup_nrf52840.o(RESET)
    __main                                   0x00026201   Thumb Code     0  entry.o(.ARM.Collect$$$$00000000)
    _main_stk                                0x00026201   Thumb Code     0  entry2.o(.ARM.Collect$$$$00000001)
    _main_scatterload                        0x00026205   Thumb Code     0  entry5.o(.ARM.Collect$$$$00000004)
    __main_after_scatterload                 0x00026209   Thumb Code     0  entry5.o(.ARM.Collect$$$$00000004)
    _main_clock                              0x00026209   Thumb Code     0  entry7b.o(.ARM.Collect$$$$00000008)
    _main_cpp_init                           0x00026209   Thumb Code     0  entry8b.o(.ARM.Collect$$$$0000000A)
    _main_init                               0x00026209   Thumb Code     0  entry9a.o(.ARM.Collect$$$$0000000B)
    __rt_final_cpp                           0x00026211   Thumb Code     0  entry10a.o(.ARM.Collect$$$$0000000D)
    __rt_final_exit                          0x00026211   Thumb Code     0  entry11a.o(.ARM.Collect$$$$0000000F)
    __asm___12_nrf_atomic_c_85ca2469__nrf_atomic_internal_mov 0x00026215   Thumb Code    24  nrf_atomic.o(.emb_text)
    __asm___12_nrf_atomic_c_85ca2469__nrf_atomic_internal_orr 0x0002622d   Thumb Code    26  nrf_atomic.o(.emb_text)
    __asm___12_nrf_atomic_c_85ca2469__nrf_atomic_internal_and 0x00026247   Thumb Code    26  nrf_atomic.o(.emb_text)
    __asm___12_nrf_atomic_c_85ca2469__nrf_atomic_internal_eor 0x00026261   Thumb Code    26  nrf_atomic.o(.emb_text)
    __asm___12_nrf_atomic_c_85ca2469__nrf_atomic_internal_add 0x0002627b   Thumb Code    26  nrf_atomic.o(.emb_text)
    __asm___12_nrf_atomic_c_85ca2469__nrf_atomic_internal_sub 0x00026295   Thumb Code    26  nrf_atomic.o(.emb_text)
    __asm___12_nrf_atomic_c_85ca2469__nrf_atomic_internal_cmp_exch 0x000262af   Thumb Code    42  nrf_atomic.o(.emb_text)
    __asm___12_nrf_atomic_c_85ca2469__nrf_atomic_internal_sub_hs 0x000262d9   Thumb Code    30  nrf_atomic.o(.emb_text)
    Reset_Handler                            0x000262f9   Thumb Code     8  arm_startup_nrf52840.o(.text)
    NMI_Handler                              0x00026301   Thumb Code     2  arm_startup_nrf52840.o(.text)
    HardFault_Handler                        0x00026303   Thumb Code     2  arm_startup_nrf52840.o(.text)
    MemoryManagement_Handler                 0x00026305   Thumb Code     2  arm_startup_nrf52840.o(.text)
    BusFault_Handler                         0x00026307   Thumb Code     2  arm_startup_nrf52840.o(.text)
    UsageFault_Handler                       0x00026309   Thumb Code     2  arm_startup_nrf52840.o(.text)
    SVC_Handler                              0x0002630b   Thumb Code     2  arm_startup_nrf52840.o(.text)
    DebugMon_Handler                         0x0002630d   Thumb Code     2  arm_startup_nrf52840.o(.text)
    PendSV_Handler                           0x0002630f   Thumb Code     2  arm_startup_nrf52840.o(.text)
    SysTick_Handler                          0x00026311   Thumb Code     2  arm_startup_nrf52840.o(.text)
    CCM_AAR_IRQHandler                       0x00026313   Thumb Code     0  arm_startup_nrf52840.o(.text)
    COMP_LPCOMP_IRQHandler                   0x00026313   Thumb Code     0  arm_startup_nrf52840.o(.text)
    CRYPTOCELL_IRQHandler                    0x00026313   Thumb Code     0  arm_startup_nrf52840.o(.text)
    ECB_IRQHandler                           0x00026313   Thumb Code     0  arm_startup_nrf52840.o(.text)
    FPU_IRQHandler                           0x00026313   Thumb Code     0  arm_startup_nrf52840.o(.text)
    I2S_IRQHandler                           0x00026313   Thumb Code     0  arm_startup_nrf52840.o(.text)
    MWU_IRQHandler                           0x00026313   Thumb Code     0  arm_startup_nrf52840.o(.text)
    NFCT_IRQHandler                          0x00026313   Thumb Code     0  arm_startup_nrf52840.o(.text)
    PDM_IRQHandler                           0x00026313   Thumb Code     0  arm_startup_nrf52840.o(.text)
    PWM0_IRQHandler                          0x00026313   Thumb Code     0  arm_startup_nrf52840.o(.text)
    PWM1_IRQHandler                          0x00026313   Thumb Code     0  arm_startup_nrf52840.o(.text)
    PWM2_IRQHandler                          0x00026313   Thumb Code     0  arm_startup_nrf52840.o(.text)
    PWM3_IRQHandler                          0x00026313   Thumb Code     0  arm_startup_nrf52840.o(.text)
    QDEC_IRQHandler                          0x00026313   Thumb Code     0  arm_startup_nrf52840.o(.text)
    QSPI_IRQHandler                          0x00026313   Thumb Code     0  arm_startup_nrf52840.o(.text)
    RADIO_IRQHandler                         0x00026313   Thumb Code     0  arm_startup_nrf52840.o(.text)
    RNG_IRQHandler                           0x00026313   Thumb Code     0  arm_startup_nrf52840.o(.text)
    RTC0_IRQHandler                          0x00026313   Thumb Code     0  arm_startup_nrf52840.o(.text)
    RTC2_IRQHandler                          0x00026313   Thumb Code     0  arm_startup_nrf52840.o(.text)
    SAADC_IRQHandler                         0x00026313   Thumb Code     0  arm_startup_nrf52840.o(.text)
    SPIM0_SPIS0_TWIM0_TWIS0_SPI0_TWI0_IRQHandler 0x00026313   Thumb Code     0  arm_startup_nrf52840.o(.text)
    SPIM1_SPIS1_TWIM1_TWIS1_SPI1_TWI1_IRQHandler 0x00026313   Thumb Code     0  arm_startup_nrf52840.o(.text)
    SPIM2_SPIS2_SPI2_IRQHandler              0x00026313   Thumb Code     0  arm_startup_nrf52840.o(.text)
    SPIM3_IRQHandler                         0x00026313   Thumb Code     0  arm_startup_nrf52840.o(.text)
    SWI1_EGU1_IRQHandler                     0x00026313   Thumb Code     0  arm_startup_nrf52840.o(.text)
    SWI3_EGU3_IRQHandler                     0x00026313   Thumb Code     0  arm_startup_nrf52840.o(.text)
    SWI4_EGU4_IRQHandler                     0x00026313   Thumb Code     0  arm_startup_nrf52840.o(.text)
    SWI5_EGU5_IRQHandler                     0x00026313   Thumb Code     0  arm_startup_nrf52840.o(.text)
    TEMP_IRQHandler                          0x00026313   Thumb Code     0  arm_startup_nrf52840.o(.text)
    TIMER0_IRQHandler                        0x00026313   Thumb Code     0  arm_startup_nrf52840.o(.text)
    TIMER1_IRQHandler                        0x00026313   Thumb Code     0  arm_startup_nrf52840.o(.text)
    TIMER2_IRQHandler                        0x00026313   Thumb Code     0  arm_startup_nrf52840.o(.text)
    TIMER3_IRQHandler                        0x00026313   Thumb Code     0  arm_startup_nrf52840.o(.text)
    TIMER4_IRQHandler                        0x00026313   Thumb Code     0  arm_startup_nrf52840.o(.text)
    UARTE1_IRQHandler                        0x00026313   Thumb Code     0  arm_startup_nrf52840.o(.text)
    USBD_IRQHandler                          0x00026313   Thumb Code     0  arm_startup_nrf52840.o(.text)
    WDT_IRQHandler                           0x00026313   Thumb Code     0  arm_startup_nrf52840.o(.text)
    __aeabi_llsl                             0x0002631d   Thumb Code    30  llshl.o(.text)
    _ll_shift_l                              0x0002631d   Thumb Code     0  llshl.o(.text)
    __rt_ctype_table                         0x0002633d   Thumb Code     4  ctype_o.o(.text)
    __aeabi_memcpy                           0x00026345   Thumb Code    36  memcpya.o(.text)
    __aeabi_memcpy4                          0x00026345   Thumb Code     0  memcpya.o(.text)
    __aeabi_memcpy8                          0x00026345   Thumb Code     0  memcpya.o(.text)
    __aeabi_memset                           0x00026369   Thumb Code    14  memseta.o(.text)
    __aeabi_memset4                          0x00026369   Thumb Code     0  memseta.o(.text)
    __aeabi_memset8                          0x00026369   Thumb Code     0  memseta.o(.text)
    __aeabi_memclr                           0x00026377   Thumb Code     4  memseta.o(.text)
    __aeabi_memclr4                          0x00026377   Thumb Code     0  memseta.o(.text)
    __aeabi_memclr8                          0x00026377   Thumb Code     0  memseta.o(.text)
    _memset$wrapper                          0x0002637b   Thumb Code    18  memseta.o(.text)
    strlen                                   0x0002638d   Thumb Code    14  strlen.o(.text)
    strcmp                                   0x0002639b   Thumb Code    28  strcmp.o(.text)
    memcmp                                   0x000263b7   Thumb Code    26  memcmp.o(.text)
    __scatterload                            0x000263d1   Thumb Code    28  init.o(.text)
    __scatterload_rt2                        0x000263d1   Thumb Code     0  init.o(.text)
    __decompress                             0x000263f5   Thumb Code     0  __dczerorl2.o(.text)
    __decompress1                            0x000263f5   Thumb Code    86  __dczerorl2.o(.text)
    GPIOTE_IRQHandler                        0x0002644d   Thumb Code   428  nrfx_gpiote.o(i.GPIOTE_IRQHandler)
    POWER_CLOCK_IRQHandler                   0x00026665   Thumb Code    82  nrfx_clock.o(i.POWER_CLOCK_IRQHandler)
    RTC1_IRQHandler                          0x000266bd   Thumb Code    32  app_timer.o(i.RTC1_IRQHandler)
    SWI0_EGU0_IRQHandler                     0x000266e1   Thumb Code     4  app_timer.o(i.SWI0_EGU0_IRQHandler)
    SWI2_EGU2_IRQHandler                     0x000266e5   Thumb Code     4  nrf_sdh.o(i.SWI2_EGU2_IRQHandler)
    SystemInit                               0x000266e9   Thumb Code   416  system_nrf52840.o(i.SystemInit)
    UARTE0_UART0_IRQHandler                  0x000268c5   Thumb Code     6  nrfx_prs.o(i.UARTE0_UART0_IRQHandler)
    __scatterload_copy                       0x000268d1   Thumb Code    14  handlers.o(i.__scatterload_copy)
    __scatterload_null                       0x000268df   Thumb Code     2  handlers.o(i.__scatterload_null)
    __scatterload_zeroinit                   0x000268e1   Thumb Code    14  handlers.o(i.__scatterload_zeroinit)
    active_flag_count                        0x00026915   Thumb Code    28  ble_conn_state.o(i.active_flag_count)
    app_button_disable                       0x00026969   Thumb Code    38  app_button.o(i.app_button_disable)
    app_button_enable                        0x00026999   Thumb Code    32  app_button.o(i.app_button_enable)
    app_button_init                          0x000269bd   Thumb Code   102  app_button.o(i.app_button_init)
    app_error_fault_handler                  0x00026a35   Thumb Code    86  app_error_weak.o(i.app_error_fault_handler)
    app_error_handler_bare                   0x00026ab9   Thumb Code    22  app_error.o(i.app_error_handler_bare)
    app_timer_create                         0x00026ad1   Thumb Code    32  app_timer.o(i.app_timer_create)
    app_timer_init                           0x00026af5   Thumb Code    70  app_timer.o(i.app_timer_init)
    app_timer_start                          0x00026b49   Thumb Code   128  app_timer.o(i.app_timer_start)
    app_timer_stop                           0x00026bd1   Thumb Code    26  app_timer.o(i.app_timer_stop)
    app_util_critical_region_enter           0x00026bf1   Thumb Code    64  app_util_platform.o(i.app_util_critical_region_enter)
    app_util_critical_region_exit            0x00026c39   Thumb Code    46  app_util_platform.o(i.app_util_critical_region_exit)
    bcs_internal_state_reset                 0x00026d59   Thumb Code     8  ble_conn_state.o(i.bcs_internal_state_reset)
    ble_advdata_name_find                    0x00026d65   Thumb Code    68  ble_advdata.o(i.ble_advdata_name_find)
    ble_advdata_search                       0x00026da9   Thumb Code    56  ble_advdata.o(i.ble_advdata_search)
    ble_conn_state_central_conn_count        0x00026de1   Thumb Code    24  ble_conn_state.o(i.ble_conn_state_central_conn_count)
    ble_conn_state_init                      0x00026dfd   Thumb Code     4  ble_conn_state.o(i.ble_conn_state_init)
    ble_db_discovery_evt_register            0x00026e01   Thumb Code    56  ble_db_discovery.o(i.ble_db_discovery_evt_register)
    ble_db_discovery_init                    0x00026e41   Thumb Code    24  ble_db_discovery.o(i.ble_db_discovery_init)
    ble_db_discovery_on_ble_evt              0x00026e5d   Thumb Code   138  ble_db_discovery.o(i.ble_db_discovery_on_ble_evt)
    ble_db_discovery_start                   0x00026eed   Thumb Code    34  ble_db_discovery.o(i.ble_db_discovery_start)
    ble_lbs_c_button_notif_enable            0x00027249   Thumb Code    80  ble_lbs_c.o(i.ble_lbs_c_button_notif_enable)
    ble_lbs_c_handles_assign                 0x000272a1   Thumb Code    24  ble_lbs_c.o(i.ble_lbs_c_handles_assign)
    ble_lbs_c_init                           0x000272b9   Thumb Code    80  ble_lbs_c.o(i.ble_lbs_c_init)
    ble_lbs_c_on_ble_evt                     0x0002730d   Thumb Code   116  ble_lbs_c.o(i.ble_lbs_c_on_ble_evt)
    ble_lbs_led_status_send                  0x00027381   Thumb Code    80  ble_lbs_c.o(i.ble_lbs_led_status_send)
    ble_lbs_on_db_disc_evt                   0x000273d9   Thumb Code   140  ble_lbs_c.o(i.ble_lbs_on_db_disc_evt)
    bsp_board_init                           0x00027465   Thumb Code    80  boards.o(i.bsp_board_init)
    bsp_board_led_off                        0x000274b9   Thumb Code    10  boards.o(i.bsp_board_led_off)
    bsp_board_led_on                         0x000274c9   Thumb Code    10  boards.o(i.bsp_board_led_on)
    bsp_board_leds_off                       0x000274d9   Thumb Code    18  boards.o(i.bsp_board_leds_off)
    bsp_event_to_button_action_assign        0x000274ed   Thumb Code    64  bsp.o(i.bsp_event_to_button_action_assign)
    buffer_is_empty                          0x000275e1   Thumb Code    16  nrf_log_frontend.o(i.buffer_is_empty)
    conn_handle_list_get                     0x00027815   Thumb Code    62  ble_conn_state.o(i.conn_handle_list_get)
    is_whitelist_used                        0x00027df5   Thumb Code    24  nrf_ble_scan.o(i.is_whitelist_used)
    main                                     0x00028089   Thumb Code   214  main.o(i.main)
    nrf_atflags_clear                        0x00028245   Thumb Code    22  nrf_atflags.o(i.nrf_atflags_clear)
    nrf_atflags_get                          0x0002825b   Thumb Code    22  nrf_atflags.o(i.nrf_atflags_get)
    nrf_atflags_set                          0x00028271   Thumb Code    20  nrf_atflags.o(i.nrf_atflags_set)
    nrf_atomic_flag_clear_fetch              0x00028285   Thumb Code     6  nrf_atomic.o(i.nrf_atomic_flag_clear_fetch)
    nrf_atomic_flag_set                      0x0002828b   Thumb Code     6  nrf_atomic.o(i.nrf_atomic_flag_set)
    nrf_atomic_u32_add                       0x00028291   Thumb Code    12  nrf_atomic.o(i.nrf_atomic_u32_add)
    nrf_atomic_u32_and                       0x0002829d   Thumb Code    12  nrf_atomic.o(i.nrf_atomic_u32_and)
    nrf_atomic_u32_fetch_and                 0x000282a9   Thumb Code    10  nrf_atomic.o(i.nrf_atomic_u32_fetch_and)
    nrf_atomic_u32_fetch_store               0x000282b3   Thumb Code    10  nrf_atomic.o(i.nrf_atomic_u32_fetch_store)
    nrf_atomic_u32_or                        0x000282bd   Thumb Code    12  nrf_atomic.o(i.nrf_atomic_u32_or)
    nrf_atomic_u32_sub                       0x000282c9   Thumb Code    12  nrf_atomic.o(i.nrf_atomic_u32_sub)
    nrf_balloc_alloc                         0x000282d5   Thumb Code    68  nrf_balloc.o(i.nrf_balloc_alloc)
    nrf_balloc_free                          0x00028319   Thumb Code    48  nrf_balloc.o(i.nrf_balloc_free)
    nrf_balloc_init                          0x00028349   Thumb Code    48  nrf_balloc.o(i.nrf_balloc_init)
    nrf_ble_gatt_init                        0x0002839d   Thumb Code    44  nrf_ble_gatt.o(i.nrf_ble_gatt_init)
    nrf_ble_gatt_on_ble_evt                  0x000283c9   Thumb Code   302  nrf_ble_gatt.o(i.nrf_ble_gatt_on_ble_evt)
    nrf_ble_scan_filter_set                  0x000285bd   Thumb Code   110  nrf_ble_scan.o(i.nrf_ble_scan_filter_set)
    nrf_ble_scan_filters_disable             0x0002862b   Thumb Code    16  nrf_ble_scan.o(i.nrf_ble_scan_filters_disable)
    nrf_ble_scan_filters_enable              0x0002863b   Thumb Code    58  nrf_ble_scan.o(i.nrf_ble_scan_filters_enable)
    nrf_ble_scan_init                        0x00028675   Thumb Code   112  nrf_ble_scan.o(i.nrf_ble_scan_init)
    nrf_ble_scan_on_ble_evt                  0x000287b7   Thumb Code   174  nrf_ble_scan.o(i.nrf_ble_scan_on_ble_evt)
    nrf_ble_scan_start                       0x00028865   Thumb Code    92  nrf_ble_scan.o(i.nrf_ble_scan_start)
    nrf_drv_clock_init                       0x0002890d   Thumb Code    48  nrf_drv_clock.o(i.nrf_drv_clock_init)
    nrf_drv_clock_lfclk_release              0x00028945   Thumb Code    42  nrf_drv_clock.o(i.nrf_drv_clock_lfclk_release)
    nrf_drv_uart_init                        0x00028975   Thumb Code    90  nrf_drv_uart.o(i.nrf_drv_uart_init)
    nrf_fprintf                              0x000289dd   Thumb Code    26  nrf_fprintf.o(i.nrf_fprintf)
    nrf_fprintf_buffer_flush                 0x000289f7   Thumb Code    24  nrf_fprintf.o(i.nrf_fprintf_buffer_flush)
    nrf_fprintf_fmt                          0x00028a0f   Thumb Code   474  nrf_fprintf_format.o(i.nrf_fprintf_fmt)
    nrf_log_backend_add                      0x00028e75   Thumb Code    86  nrf_log_frontend.o(i.nrf_log_backend_add)
    nrf_log_backend_serial_put               0x00028ed1   Thumb Code   200  nrf_log_backend_serial.o(i.nrf_log_backend_serial_put)
    nrf_log_backend_uart_init                0x00028f9b   Thumb Code     6  nrf_log_backend_uart.o(i.nrf_log_backend_uart_init)
    nrf_log_color_id_get                     0x00028fe5   Thumb Code    42  nrf_log_frontend.o(i.nrf_log_color_id_get)
    nrf_log_default_backends_init            0x00029015   Thumb Code    24  nrf_log_default_backends.o(i.nrf_log_default_backends_init)
    nrf_log_frontend_dequeue                 0x00029031   Thumb Code   528  nrf_log_frontend.o(i.nrf_log_frontend_dequeue)
    nrf_log_frontend_std_0                   0x00029265   Thumb Code     8  nrf_log_frontend.o(i.nrf_log_frontend_std_0)
    nrf_log_frontend_std_1                   0x0002926d   Thumb Code    14  nrf_log_frontend.o(i.nrf_log_frontend_std_1)
    nrf_log_frontend_std_2                   0x0002927b   Thumb Code    16  nrf_log_frontend.o(i.nrf_log_frontend_std_2)
    nrf_log_hexdump_entry_process            0x0002928d   Thumb Code   146  nrf_log_str_formatter.o(i.nrf_log_hexdump_entry_process)
    nrf_log_init                             0x00029339   Thumb Code    46  nrf_log_frontend.o(i.nrf_log_init)
    nrf_log_module_cnt_get                   0x00029375   Thumb Code    10  nrf_log_frontend.o(i.nrf_log_module_cnt_get)
    nrf_log_module_name_get                  0x00029389   Thumb Code    24  nrf_log_frontend.o(i.nrf_log_module_name_get)
    nrf_log_panic                            0x000293a5   Thumb Code    38  nrf_log_frontend.o(i.nrf_log_panic)
    nrf_log_std_entry_process                0x000293d1   Thumb Code   182  nrf_log_str_formatter.o(i.nrf_log_std_entry_process)
    nrf_memobj_alloc                         0x00029487   Thumb Code    96  nrf_memobj.o(i.nrf_memobj_alloc)
    nrf_memobj_free                          0x000294e7   Thumb Code    50  nrf_memobj.o(i.nrf_memobj_free)
    nrf_memobj_get                           0x00029519   Thumb Code     8  nrf_memobj.o(i.nrf_memobj_get)
    nrf_memobj_pool_init                     0x00029521   Thumb Code     4  nrf_memobj.o(i.nrf_memobj_pool_init)
    nrf_memobj_put                           0x00029525   Thumb Code    30  nrf_memobj.o(i.nrf_memobj_put)
    nrf_memobj_read                          0x00029543   Thumb Code    16  nrf_memobj.o(i.nrf_memobj_read)
    nrf_memobj_write                         0x00029553   Thumb Code    16  nrf_memobj.o(i.nrf_memobj_write)
    nrf_pwr_mgmt_init                        0x00029565   Thumb Code    28  nrf_pwr_mgmt.o(i.nrf_pwr_mgmt_init)
    nrf_pwr_mgmt_run                         0x0002958d   Thumb Code    64  nrf_pwr_mgmt.o(i.nrf_pwr_mgmt_run)
    nrf_ringbuf_init                         0x000295d1   Thumb Code    28  nrf_ringbuf.o(i.nrf_ringbuf_init)
    nrf_sdh_ble_app_ram_start_get            0x000295ed   Thumb Code    16  nrf_sdh_ble.o(i.nrf_sdh_ble_app_ram_start_get)
    nrf_sdh_ble_default_cfg_set              0x00029601   Thumb Code   232  nrf_sdh_ble.o(i.nrf_sdh_ble_default_cfg_set)
    nrf_sdh_ble_enable                       0x00029705   Thumb Code   116  nrf_sdh_ble.o(i.nrf_sdh_ble_enable)
    nrf_sdh_enable_request                   0x00029891   Thumb Code   102  nrf_sdh.o(i.nrf_sdh_enable_request)
    nrf_sdh_evts_poll                        0x00029905   Thumb Code    32  nrf_sdh.o(i.nrf_sdh_evts_poll)
    nrf_sdh_is_enabled                       0x00029929   Thumb Code     6  nrf_sdh.o(i.nrf_sdh_is_enabled)
    nrf_section_iter_init                    0x00029971   Thumb Code    10  nrf_section_iter.o(i.nrf_section_iter_init)
    nrf_section_iter_next                    0x0002999f   Thumb Code    32  nrf_section_iter.o(i.nrf_section_iter_next)
    nrf_strerror_find                        0x000299c1   Thumb Code    52  nrf_strerror.o(i.nrf_strerror_find)
    nrf_strerror_get                         0x000299f9   Thumb Code    14  nrf_strerror.o(i.nrf_strerror_get)
    nrfx_clock_enable                        0x00029a45   Thumb Code    38  nrfx_clock.o(i.nrfx_clock_enable)
    nrfx_clock_init                          0x00029a75   Thumb Code    26  nrfx_clock.o(i.nrfx_clock_init)
    nrfx_clock_lfclk_stop                    0x00029a95   Thumb Code    20  nrfx_clock.o(i.nrfx_clock_lfclk_stop)
    nrfx_gpiote_in_event_disable             0x00029ac1   Thumb Code    66  nrfx_gpiote.o(i.nrfx_gpiote_in_event_disable)
    nrfx_gpiote_in_event_enable              0x00029b09   Thumb Code   144  nrfx_gpiote.o(i.nrfx_gpiote_in_event_enable)
    nrfx_gpiote_in_init                      0x00029ba1   Thumb Code   200  nrfx_gpiote.o(i.nrfx_gpiote_in_init)
    nrfx_gpiote_in_is_set                    0x00029c75   Thumb Code    14  nrfx_gpiote.o(i.nrfx_gpiote_in_is_set)
    nrfx_gpiote_init                         0x00029c85   Thumb Code   104  nrfx_gpiote.o(i.nrfx_gpiote_init)
    nrfx_gpiote_is_init                      0x00029cf9   Thumb Code    14  nrfx_gpiote.o(i.nrfx_gpiote_is_init)
    nrfx_prs_acquire                         0x00029d1d   Thumb Code    58  nrfx_prs.o(i.nrfx_prs_acquire)
    nrfx_prs_release                         0x00029d57   Thumb Code    18  nrfx_prs.o(i.nrfx_prs_release)
    nrfx_uart_0_irq_handler                  0x00029d69   Thumb Code     8  nrfx_uart.o(i.nrfx_uart_0_irq_handler)
    nrfx_uart_init                           0x00029d79   Thumb Code   200  nrfx_uart.o(i.nrfx_uart_init)
    nrfx_uart_tx                             0x00029e4d   Thumb Code   160  nrfx_uart.o(i.nrfx_uart_tx)
    nrfx_uart_tx_in_progress                 0x00029ef1   Thumb Code    26  nrfx_uart.o(i.nrfx_uart_tx_in_progress)
    nrfx_uart_uninit                         0x00029f11   Thumb Code   170  nrfx_uart.o(i.nrfx_uart_uninit)
    nrfx_uarte_0_irq_handler                 0x00029fc5   Thumb Code     8  nrfx_uarte.o(i.nrfx_uarte_0_irq_handler)
    nrfx_uarte_init                          0x00029fd5   Thumb Code   100  nrfx_uarte.o(i.nrfx_uarte_init)
    nrfx_uarte_tx                            0x0002a041   Thumb Code   138  nrfx_uarte.o(i.nrfx_uarte_tx)
    nrfx_uarte_tx_in_progress                0x0002a0d1   Thumb Code    22  nrfx_uarte.o(i.nrfx_uarte_tx_in_progress)
    nrfx_uarte_uninit                        0x0002a0ed   Thumb Code   166  nrfx_uarte.o(i.nrfx_uarte_uninit)
    nrf_log_backend_uart_api                 0x0002b328   Data          12  nrf_log_backend_uart.o(.constdata)
    m_ram_start                              0x0002b3d8   Data           4  nrf_sdh_ble.o(.constdata)
    __ctype_table                            0x0002b404   Data         129  ctype_o.o(.constdata)
    Region$$Table$$Base                      0x0002bcb0   Number         0  anon$$obj.o(Region$$Table)
    Region$$Table$$Limit                     0x0002bcd0   Number         0  anon$$obj.o(Region$$Table)
    log_const_data$$Base                     0x0002bce0   Number         0  ble_db_discovery.o(log_const_data)
    m_nrf_log_ble_db_disc_logs_data_const    0x0002bce0   Data           8  ble_db_discovery.o(log_const_data)
    m_nrf_log_nrf_ble_gatt_logs_data_const   0x0002bce8   Data           8  nrf_ble_gatt.o(log_const_data)
    m_nrf_log_ble_scan_logs_data_const       0x0002bcf0   Data           8  nrf_ble_scan.o(log_const_data)
    m_nrf_log_ble_lbs_c_logs_data_const      0x0002bcf8   Data           8  ble_lbs_c.o(log_const_data)
    m_nrf_log_clock_logs_data_const          0x0002bd00   Data           8  nrf_drv_clock.o(log_const_data)
    m_nrf_log_CLOCK_logs_data_const          0x0002bd08   Data           8  nrfx_clock.o(log_const_data)
    m_nrf_log_GPIOTE_logs_data_const         0x0002bd10   Data           8  nrfx_gpiote.o(log_const_data)
    m_nrf_log_PRS_logs_data_const            0x0002bd18   Data           8  nrfx_prs.o(log_const_data)
    m_nrf_log_UART_logs_data_const           0x0002bd20   Data           8  nrfx_uart.o(log_const_data)
    m_nrf_log_UARTE_logs_data_const          0x0002bd28   Data           8  nrfx_uarte.o(log_const_data)
    m_nrf_log_pwr_mgmt_logs_data_const       0x0002bd30   Data           8  nrf_pwr_mgmt.o(log_const_data)
    m_nrf_log_app_logs_data_const            0x0002bd38   Data           8  nrf_log_frontend.o(log_const_data)
    m_nrf_log_nrf_sdh_logs_data_const        0x0002bd40   Data           8  nrf_sdh.o(log_const_data)
    m_nrf_log_nrf_sdh_ble_logs_data_const    0x0002bd48   Data           8  nrf_sdh_ble.o(log_const_data)
    m_nrf_log_nrf_sdh_soc_logs_data_const    0x0002bd50   Data           8  nrf_sdh_soc.o(log_const_data)
    log_const_data$$Limit                    0x0002bd58   Number         0  nrf_sdh_soc.o(log_const_data)
    log_mempool                              0x0002bd58   Data          20  nrf_log_frontend.o(nrf_balloc)
    sdh_ble_observers0$$Base                 0x0002bd6c   Number         0  ble_conn_state.o(sdh_ble_observers0)
    sdh_ble_observers0$$Limit                0x0002bd74   Number         0  ble_conn_state.o(sdh_ble_observers0)
    sdh_ble_observers1$$Base                 0x0002bd74   Number         0  main.o(sdh_ble_observers1)
    sdh_ble_observers1$$Limit                0x0002bdcc   Number         0  bsp_btn_ble.o(sdh_ble_observers1)
    sdh_ble_observers2$$Base                 0x0002bdcc   Number         0  main.o(sdh_ble_observers2)
    sdh_ble_observers2$$Limit                0x0002be0c   Number         0  main.o(sdh_ble_observers2)
    sdh_ble_observers3$$Base                 0x0002be0c   Number         0  main.o(sdh_ble_observers3)
    sdh_ble_observers3$$Limit                0x0002be14   Number         0  main.o(sdh_ble_observers3)
    sdh_soc_observers0$$Base                 0x0002be14   Number         0  nrf_drv_clock.o(sdh_soc_observers0)
    sdh_soc_observers0$$Limit                0x0002be1c   Number         0  nrf_drv_clock.o(sdh_soc_observers0)
    sdh_stack_observers0$$Base               0x0002be1c   Number         0  nrf_sdh_ble.o(sdh_stack_observers0)
    sdh_stack_observers0$$Limit              0x0002be2c   Number         0  nrf_sdh_soc.o(sdh_stack_observers0)
    sdh_state_observers0$$Base               0x0002be2c   Number         0  nrf_drv_clock.o(sdh_state_observers0)
    sdh_state_observers0$$Limit              0x0002be34   Number         0  nrf_drv_clock.o(sdh_state_observers0)
    Image$$RW_IRAM1$$Base                    0x20004368   Number         0  anon$$obj.o ABSOLUTE
    nrf_drv_uart_use_easy_dma                0x200059f0   Data           2  nrf_drv_uart.o(.data)
    m_uart                                   0x20005a58   Data          20  nrf_log_backend_uart.o(.data)
    SystemCoreClock                          0x20005ac8   Data           4  system_nrf52840.o(.data)
    nrf_nvic_state                           0x20006238   Data          12  app_util_platform.o(.bss)
    __initial_sp                             0x20008810   Data           0  arm_startup_nrf52840.o(STACK)



==============================================================================

Memory Map of the image

  Image Entry point : 0x00026201

  Load Region LR_IROM1 (Base: 0x00026000, Size: 0x00007598, Max: 0x000da000, ABSOLUTE, COMPRESSED[0x00005eb4])

    Execution Region ER_IROM1 (Base: 0x00026000, Size: 0x00005e34, Max: 0x000da000, ABSOLUTE)

    Base Addr    Size         Type   Attr      Idx    E Section Name        Object

    0x00026000   0x00000200   Data   RO         4797    RESET               arm_startup_nrf52840.o
    0x00026200   0x00000000   Code   RO         4838  * .ARM.Collect$$$$00000000  mc_w.l(entry.o)
    0x00026200   0x00000004   Code   RO         4892    .ARM.Collect$$$$00000001  mc_w.l(entry2.o)
    0x00026204   0x00000004   Code   RO         4895    .ARM.Collect$$$$00000004  mc_w.l(entry5.o)
    0x00026208   0x00000000   Code   RO         4897    .ARM.Collect$$$$00000008  mc_w.l(entry7b.o)
    0x00026208   0x00000000   Code   RO         4899    .ARM.Collect$$$$0000000A  mc_w.l(entry8b.o)
    0x00026208   0x00000008   Code   RO         4900    .ARM.Collect$$$$0000000B  mc_w.l(entry9a.o)
    0x00026210   0x00000000   Code   RO         4902    .ARM.Collect$$$$0000000D  mc_w.l(entry10a.o)
    0x00026210   0x00000000   Code   RO         4904    .ARM.Collect$$$$0000000F  mc_w.l(entry11a.o)
    0x00026210   0x00000004   Code   RO         4893    .ARM.Collect$$$$00002712  mc_w.l(entry2.o)
    0x00026214   0x000000e2   Code   RO         3281    .emb_text           nrf_atomic.o
    0x000262f6   0x00000002   PAD
    0x000262f8   0x00000024   Code   RO         4798    .text               arm_startup_nrf52840.o
    0x0002631c   0x0000001e   Code   RO         4848    .text               mc_w.l(llshl.o)
    0x0002633a   0x00000002   PAD
    0x0002633c   0x00000008   Code   RO         4850    .text               mc_w.l(ctype_o.o)
    0x00026344   0x00000024   Code   RO         4878    .text               mc_w.l(memcpya.o)
    0x00026368   0x00000024   Code   RO         4880    .text               mc_w.l(memseta.o)
    0x0002638c   0x0000000e   Code   RO         4882    .text               mc_w.l(strlen.o)
    0x0002639a   0x0000001c   Code   RO         4884    .text               mc_w.l(strcmp.o)
    0x000263b6   0x0000001a   Code   RO         4886    .text               mc_w.l(memcmp.o)
    0x000263d0   0x00000024   Code   RO         4910    .text               mc_w.l(init.o)
    0x000263f4   0x00000056   Code   RO         4920    .text               mc_w.l(__dczerorl2.o)
    0x0002644a   0x00000002   PAD
    0x0002644c   0x000001b4   Code   RO         1908    i.GPIOTE_IRQHandler  nrfx_gpiote.o
    0x00026600   0x00000016   Code   RO         2856    i.NVIC_ClearPendingIRQ  app_timer.o
    0x00026616   0x00000016   Code   RO         2857    i.NVIC_EnableIRQ    app_timer.o
    0x0002662c   0x00000016   Code   RO         2858    i.NVIC_SetPendingIRQ  app_timer.o
    0x00026642   0x00000020   Code   RO         2859    i.NVIC_SetPriority  app_timer.o
    0x00026662   0x00000002   PAD
    0x00026664   0x00000058   Code   RO         1773    i.POWER_CLOCK_IRQHandler  nrfx_clock.o
    0x000266bc   0x00000024   Code   RO         2860    i.RTC1_IRQHandler   app_timer.o
    0x000266e0   0x00000004   Code   RO         2861    i.SWI0_EGU0_IRQHandler  app_timer.o
    0x000266e4   0x00000004   Code   RO         4588    i.SWI2_EGU2_IRQHandler  nrf_sdh.o
    0x000266e8   0x000001dc   Code   RO         4806    i.SystemInit        system_nrf52840.o
    0x000268c4   0x0000000c   Code   RO         2230    i.UARTE0_UART0_IRQHandler  nrfx_prs.o
    0x000268d0   0x0000000e   Code   RO         4914    i.__scatterload_copy  mc_w.l(handlers.o)
    0x000268de   0x00000002   Code   RO         4915    i.__scatterload_null  mc_w.l(handlers.o)
    0x000268e0   0x0000000e   Code   RO         4916    i.__scatterload_zeroinit  mc_w.l(handlers.o)
    0x000268ee   0x00000002   PAD
    0x000268f0   0x00000024   Code   RO         4589    i.__sd_nvic_app_accessible_irq  nrf_sdh.o
    0x00026914   0x0000001c   Code   RO          934    i.active_flag_count  ble_conn_state.o
    0x00026930   0x00000036   Code   RO          616    i.advertising_buttons_configure  bsp_btn_ble.o
    0x00026966   0x00000002   PAD
    0x00026968   0x00000030   Code   RO         2650    i.app_button_disable  app_button.o
    0x00026998   0x00000024   Code   RO         2651    i.app_button_enable  app_button.o
    0x000269bc   0x00000078   Code   RO         2652    i.app_button_init   app_button.o
    0x00026a34   0x00000084   Code   RO         2771    i.app_error_fault_handler  app_error_weak.o
    0x00026ab8   0x00000016   Code   RO         2715    i.app_error_handler_bare  app_error.o
    0x00026ace   0x00000002   PAD
    0x00026ad0   0x00000024   Code   RO         2864    i.app_timer_create  app_timer.o
    0x00026af4   0x00000054   Code   RO         2865    i.app_timer_init    app_timer.o
    0x00026b48   0x00000088   Code   RO         2868    i.app_timer_start   app_timer.o
    0x00026bd0   0x00000020   Code   RO         2869    i.app_timer_stop    app_timer.o
    0x00026bf0   0x00000048   Code   RO         3029    i.app_util_critical_region_enter  app_util_platform.o
    0x00026c38   0x00000034   Code   RO         3030    i.app_util_critical_region_exit  app_util_platform.o
    0x00026c6c   0x00000076   Code   RO         2284    i.apply_config      nrfx_uart.o
    0x00026ce2   0x00000076   Code   RO         2485    i.apply_config      nrfx_uarte.o
    0x00026d58   0x0000000c   Code   RO          935    i.bcs_internal_state_reset  ble_conn_state.o
    0x00026d64   0x00000044   Code   RO          721    i.ble_advdata_name_find  ble_advdata.o
    0x00026da8   0x00000038   Code   RO          723    i.ble_advdata_search  ble_advdata.o
    0x00026de0   0x0000001c   Code   RO          936    i.ble_conn_state_central_conn_count  ble_conn_state.o
    0x00026dfc   0x00000004   Code   RO          944    i.ble_conn_state_init  ble_conn_state.o
    0x00026e00   0x00000040   Code   RO         1102    i.ble_db_discovery_evt_register  ble_db_discovery.o
    0x00026e40   0x0000001c   Code   RO         1103    i.ble_db_discovery_init  ble_db_discovery.o
    0x00026e5c   0x00000090   Code   RO         1104    i.ble_db_discovery_on_ble_evt  ble_db_discovery.o
    0x00026eec   0x00000028   Code   RO         1105    i.ble_db_discovery_start  ble_db_discovery.o
    0x00026f14   0x000001c0   Code   RO            5    i.ble_evt_handler   main.o
    0x000270d4   0x00000070   Code   RO          617    i.ble_evt_handler   bsp_btn_ble.o
    0x00027144   0x00000104   Code   RO          954    i.ble_evt_handler   ble_conn_state.o
    0x00027248   0x00000058   Code   RO         1502    i.ble_lbs_c_button_notif_enable  ble_lbs_c.o
    0x000272a0   0x00000018   Code   RO         1503    i.ble_lbs_c_handles_assign  ble_lbs_c.o
    0x000272b8   0x00000054   Code   RO         1504    i.ble_lbs_c_init    ble_lbs_c.o
    0x0002730c   0x00000074   Code   RO         1505    i.ble_lbs_c_on_ble_evt  ble_lbs_c.o
    0x00027380   0x00000058   Code   RO         1506    i.ble_lbs_led_status_send  ble_lbs_c.o
    0x000273d8   0x0000008c   Code   RO         1507    i.ble_lbs_on_db_disc_evt  ble_lbs_c.o
    0x00027464   0x00000054   Code   RO          363    i.bsp_board_init    boards.o
    0x000274b8   0x00000010   Code   RO          366    i.bsp_board_led_off  boards.o
    0x000274c8   0x00000010   Code   RO          367    i.bsp_board_led_on  boards.o
    0x000274d8   0x00000012   Code   RO          369    i.bsp_board_leds_off  boards.o
    0x000274ea   0x00000002   PAD
    0x000274ec   0x00000044   Code   RO          504    i.bsp_event_to_button_action_assign  bsp.o
    0x00027530   0x00000090   Code   RO         3988    i.buf_prealloc      nrf_log_frontend.o
    0x000275c0   0x0000001e   Code   RO         3493    i.buffer_add        nrf_fprintf_format.o
    0x000275de   0x00000002   PAD
    0x000275e0   0x00000014   Code   RO         3989    i.buffer_is_empty   nrf_log_frontend.o
    0x000275f4   0x00000078   Code   RO            6    i.button_event_handler  main.o
    0x0002766c   0x0000001c   Code   RO         1909    i.channel_free      nrfx_gpiote.o
    0x00027688   0x00000048   Code   RO         1910    i.channel_port_alloc  nrfx_gpiote.o
    0x000276d0   0x00000010   Code   RO         1911    i.channel_port_get  nrfx_gpiote.o
    0x000276e0   0x00000042   Code   RO         1106    i.characteristics_discover  ble_db_discovery.o
    0x00027722   0x00000002   PAD
    0x00027724   0x00000028   Code   RO         1572    i.clock_clk_started_notify  nrf_drv_clock.o
    0x0002774c   0x0000001c   Code   RO         1573    i.clock_irq_handler  nrf_drv_clock.o
    0x00027768   0x000000ac   Code   RO         2871    i.compare_reg_update  app_timer.o
    0x00027814   0x0000003e   Code   RO          955    i.conn_handle_list_get  ble_conn_state.o
    0x00027852   0x00000002   PAD
    0x00027854   0x000000c0   Code   RO         1284    i.data_length_update  nrf_ble_gatt.o
    0x00027914   0x00000014   Code   RO            7    i.db_disc_handler   main.o
    0x00027928   0x0000008c   Code   RO         1107    i.descriptors_discover  ble_db_discovery.o
    0x000279b4   0x00000098   Code   RO         2654    i.detection_delay_timeout_handler  app_button.o
    0x00027a4c   0x00000090   Code   RO         1108    i.discovery_complete_evt_trigger  ble_db_discovery.o
    0x00027adc   0x0000003c   Code   RO         1109    i.discovery_error_evt_trigger  ble_db_discovery.o
    0x00027b18   0x0000005c   Code   RO         1110    i.discovery_start   ble_db_discovery.o
    0x00027b74   0x00000014   Code   RO         3990    i.dropped_sat16_get  nrf_log_frontend.o
    0x00027b88   0x00000040   Code   RO         2872    i.elapsed_ticks_acquire  app_timer.o
    0x00027bc8   0x00000084   Code   RO         2655    i.gpiote_event_handler  app_button.o
    0x00027c4c   0x000000a6   Code   RO         3494    i.int_print         nrf_fprintf_format.o
    0x00027cf2   0x00000002   PAD
    0x00027cf4   0x00000080   Code   RO         2486    i.interrupts_enable  nrfx_uarte.o
    0x00027d74   0x00000034   Code   RO         3991    i.invalid_packets_omit  nrf_log_frontend.o
    0x00027da8   0x0000004c   Code   RO         1111    i.is_desc_discovery_reqd  ble_db_discovery.o
    0x00027df4   0x00000018   Code   RO         1386    i.is_whitelist_used  nrf_ble_scan.o
    0x00027e0c   0x000000d4   Code   RO            8    i.lbs_c_evt_handler  main.o
    0x00027ee0   0x00000014   Code   RO         1285    i.link_init         nrf_ble_gatt.o
    0x00027ef4   0x000000f8   Code   RO         2873    i.list_insertions_handler  app_timer.o
    0x00027fec   0x0000009c   Code   RO         3992    i.log_skip          nrf_log_frontend.o
    0x00028088   0x0000010c   Code   RO            9    i.main              main.o
    0x00028194   0x0000007e   Code   RO         3533    i.memobj_op         nrf_memobj.o
    0x00028212   0x00000002   PAD
    0x00028214   0x00000030   Code   RO         3993    i.module_idx_get    nrf_log_frontend.o
    0x00028244   0x00000016   Code   RO         3215    i.nrf_atflags_clear  nrf_atflags.o
    0x0002825a   0x00000016   Code   RO         3220    i.nrf_atflags_get   nrf_atflags.o
    0x00028270   0x00000014   Code   RO         3222    i.nrf_atflags_set   nrf_atflags.o
    0x00028284   0x00000006   Code   RO         3283    i.nrf_atomic_flag_clear_fetch  nrf_atomic.o
    0x0002828a   0x00000006   Code   RO         3284    i.nrf_atomic_flag_set  nrf_atomic.o
    0x00028290   0x0000000c   Code   RO         3286    i.nrf_atomic_u32_add  nrf_atomic.o
    0x0002829c   0x0000000c   Code   RO         3287    i.nrf_atomic_u32_and  nrf_atomic.o
    0x000282a8   0x0000000a   Code   RO         3290    i.nrf_atomic_u32_fetch_and  nrf_atomic.o
    0x000282b2   0x0000000a   Code   RO         3292    i.nrf_atomic_u32_fetch_store  nrf_atomic.o
    0x000282bc   0x0000000c   Code   RO         3296    i.nrf_atomic_u32_or  nrf_atomic.o
    0x000282c8   0x0000000c   Code   RO         3298    i.nrf_atomic_u32_sub  nrf_atomic.o
    0x000282d4   0x00000044   Code   RO         3417    i.nrf_balloc_alloc  nrf_balloc.o
    0x00028318   0x00000030   Code   RO         3418    i.nrf_balloc_free   nrf_balloc.o
    0x00028348   0x00000030   Code   RO         3419    i.nrf_balloc_init   nrf_balloc.o
    0x00028378   0x00000010   Code   RO         1912    i.nrf_bitmask_bit_is_set  nrfx_gpiote.o
    0x00028388   0x00000014   Code   RO         1913    i.nrf_bitmask_bit_set  nrfx_gpiote.o
    0x0002839c   0x0000002c   Code   RO         1291    i.nrf_ble_gatt_init  nrf_ble_gatt.o
    0x000283c8   0x00000170   Code   RO         1292    i.nrf_ble_gatt_on_ble_evt  nrf_ble_gatt.o
    0x00028538   0x00000050   Code   RO         1388    i.nrf_ble_scan_connect_with_target  nrf_ble_scan.o
    0x00028588   0x00000014   Code   RO         1390    i.nrf_ble_scan_default_conn_param_set  nrf_ble_scan.o
    0x0002859c   0x00000020   Code   RO         1391    i.nrf_ble_scan_default_param_set  nrf_ble_scan.o
    0x000285bc   0x0000006e   Code   RO         1393    i.nrf_ble_scan_filter_set  nrf_ble_scan.o
    0x0002862a   0x00000010   Code   RO         1394    i.nrf_ble_scan_filters_disable  nrf_ble_scan.o
    0x0002863a   0x0000003a   Code   RO         1395    i.nrf_ble_scan_filters_enable  nrf_ble_scan.o
    0x00028674   0x00000070   Code   RO         1396    i.nrf_ble_scan_init  nrf_ble_scan.o
    0x000286e4   0x000000d2   Code   RO         1397    i.nrf_ble_scan_on_adv_report  nrf_ble_scan.o
    0x000287b6   0x000000ae   Code   RO         1398    i.nrf_ble_scan_on_ble_evt  nrf_ble_scan.o
    0x00028864   0x00000088   Code   RO         1400    i.nrf_ble_scan_start  nrf_ble_scan.o
    0x000288ec   0x0000000e   Code   RO         1774    i.nrf_clock_event_check  nrfx_clock.o
    0x000288fa   0x00000010   Code   RO         1775    i.nrf_clock_event_clear  nrfx_clock.o
    0x0002890a   0x00000002   PAD
    0x0002890c   0x00000038   Code   RO         1580    i.nrf_drv_clock_init  nrf_drv_clock.o
    0x00028944   0x00000030   Code   RO         1584    i.nrf_drv_clock_lfclk_release  nrf_drv_clock.o
    0x00028974   0x00000068   Code   RO         1721    i.nrf_drv_uart_init  nrf_drv_uart.o
    0x000289dc   0x0000001a   Code   RO         3454    i.nrf_fprintf       nrf_fprintf.o
    0x000289f6   0x00000018   Code   RO         3455    i.nrf_fprintf_buffer_flush  nrf_fprintf.o
    0x00028a0e   0x000001da   Code   RO         3495    i.nrf_fprintf_fmt   nrf_fprintf_format.o
    0x00028be8   0x00000032   Code   RO          373    i.nrf_gpio_cfg      boards.o
    0x00028c1a   0x00000032   Code   RO         1914    i.nrf_gpio_cfg      nrfx_gpiote.o
    0x00028c4c   0x00000032   Code   RO         2285    i.nrf_gpio_cfg      nrfx_uart.o
    0x00028c7e   0x00000032   Code   RO         2487    i.nrf_gpio_cfg      nrfx_uarte.o
    0x00028cb0   0x00000012   Code   RO         2286    i.nrf_gpio_cfg_default  nrfx_uart.o
    0x00028cc2   0x00000012   Code   RO         2488    i.nrf_gpio_cfg_default  nrfx_uarte.o
    0x00028cd4   0x00000012   Code   RO         2287    i.nrf_gpio_cfg_input  nrfx_uart.o
    0x00028ce6   0x00000012   Code   RO         2489    i.nrf_gpio_cfg_input  nrfx_uarte.o
    0x00028cf8   0x00000014   Code   RO         2288    i.nrf_gpio_cfg_output  nrfx_uart.o
    0x00028d0c   0x00000014   Code   RO         2490    i.nrf_gpio_cfg_output  nrfx_uarte.o
    0x00028d20   0x00000030   Code   RO         1916    i.nrf_gpio_cfg_sense_set  nrfx_gpiote.o
    0x00028d50   0x0000001c   Code   RO          374    i.nrf_gpio_pin_port_decode  boards.o
    0x00028d6c   0x0000001c   Code   RO         1918    i.nrf_gpio_pin_port_decode  nrfx_gpiote.o
    0x00028d88   0x0000001c   Code   RO         2289    i.nrf_gpio_pin_port_decode  nrfx_uart.o
    0x00028da4   0x0000001c   Code   RO         2491    i.nrf_gpio_pin_port_decode  nrfx_uarte.o
    0x00028dc0   0x00000016   Code   RO         1919    i.nrf_gpio_pin_read  nrfx_gpiote.o
    0x00028dd6   0x00000014   Code   RO         2290    i.nrf_gpio_pin_set  nrfx_uart.o
    0x00028dea   0x00000014   Code   RO         2492    i.nrf_gpio_pin_set  nrfx_uarte.o
    0x00028dfe   0x00000026   Code   RO          375    i.nrf_gpio_pin_write  boards.o
    0x00028e24   0x0000002c   Code   RO         1921    i.nrf_gpio_ports_read  nrfx_gpiote.o
    0x00028e50   0x00000014   Code   RO         1922    i.nrf_gpiote_event_clear  nrfx_gpiote.o
    0x00028e64   0x00000010   Code   RO         1923    i.nrf_gpiote_event_is_set  nrfx_gpiote.o
    0x00028e74   0x0000005c   Code   RO         3994    i.nrf_log_backend_add  nrf_log_frontend.o
    0x00028ed0   0x000000c8   Code   RO         3833    i.nrf_log_backend_serial_put  nrf_log_backend_serial.o
    0x00028f98   0x00000002   Code   RO         3873    i.nrf_log_backend_uart_flush  nrf_log_backend_uart.o
    0x00028f9a   0x00000006   Code   RO         3874    i.nrf_log_backend_uart_init  nrf_log_backend_uart.o
    0x00028fa0   0x0000002c   Code   RO         3875    i.nrf_log_backend_uart_panic_set  nrf_log_backend_uart.o
    0x00028fcc   0x00000018   Code   RO         3876    i.nrf_log_backend_uart_put  nrf_log_backend_uart.o
    0x00028fe4   0x00000030   Code   RO         3996    i.nrf_log_color_id_get  nrf_log_frontend.o
    0x00029014   0x0000001c   Code   RO         3952    i.nrf_log_default_backends_init  nrf_log_default_backends.o
    0x00029030   0x00000234   Code   RO         3997    i.nrf_log_frontend_dequeue  nrf_log_frontend.o
    0x00029264   0x00000008   Code   RO         3999    i.nrf_log_frontend_std_0  nrf_log_frontend.o
    0x0002926c   0x0000000e   Code   RO         4000    i.nrf_log_frontend_std_1  nrf_log_frontend.o
    0x0002927a   0x00000010   Code   RO         4001    i.nrf_log_frontend_std_2  nrf_log_frontend.o
    0x0002928a   0x00000002   PAD
    0x0002928c   0x000000ac   Code   RO         4174    i.nrf_log_hexdump_entry_process  nrf_log_str_formatter.o
    0x00029338   0x0000003c   Code   RO         4006    i.nrf_log_init      nrf_log_frontend.o
    0x00029374   0x00000014   Code   RO         4007    i.nrf_log_module_cnt_get  nrf_log_frontend.o
    0x00029388   0x0000001c   Code   RO         4010    i.nrf_log_module_name_get  nrf_log_frontend.o
    0x000293a4   0x0000002c   Code   RO         4011    i.nrf_log_panic     nrf_log_frontend.o
    0x000293d0   0x000000b6   Code   RO         4175    i.nrf_log_std_entry_process  nrf_log_str_formatter.o
    0x00029486   0x00000060   Code   RO         3534    i.nrf_memobj_alloc  nrf_memobj.o
    0x000294e6   0x00000032   Code   RO         3535    i.nrf_memobj_free   nrf_memobj.o
    0x00029518   0x00000008   Code   RO         3536    i.nrf_memobj_get    nrf_memobj.o
    0x00029520   0x00000004   Code   RO         3537    i.nrf_memobj_pool_init  nrf_memobj.o
    0x00029524   0x0000001e   Code   RO         3538    i.nrf_memobj_put    nrf_memobj.o
    0x00029542   0x00000010   Code   RO         3539    i.nrf_memobj_read   nrf_memobj.o
    0x00029552   0x00000010   Code   RO         3540    i.nrf_memobj_write  nrf_memobj.o
    0x00029562   0x00000002   PAD
    0x00029564   0x00000028   Code   RO         3612    i.nrf_pwr_mgmt_init  nrf_pwr_mgmt.o
    0x0002958c   0x00000044   Code   RO         3613    i.nrf_pwr_mgmt_run  nrf_pwr_mgmt.o
    0x000295d0   0x0000001c   Code   RO         3689    i.nrf_ringbuf_init  nrf_ringbuf.o
    0x000295ec   0x00000014   Code   RO         4709    i.nrf_sdh_ble_app_ram_start_get  nrf_sdh_ble.o
    0x00029600   0x00000104   Code   RO         4710    i.nrf_sdh_ble_default_cfg_set  nrf_sdh_ble.o
    0x00029704   0x00000130   Code   RO         4711    i.nrf_sdh_ble_enable  nrf_sdh_ble.o
    0x00029834   0x0000005c   Code   RO         4712    i.nrf_sdh_ble_evts_poll  nrf_sdh_ble.o
    0x00029890   0x00000074   Code   RO         4591    i.nrf_sdh_enable_request  nrf_sdh.o
    0x00029904   0x00000024   Code   RO         4592    i.nrf_sdh_evts_poll  nrf_sdh.o
    0x00029928   0x0000000c   Code   RO         4593    i.nrf_sdh_is_enabled  nrf_sdh.o
    0x00029934   0x0000003c   Code   RO         4763    i.nrf_sdh_soc_evts_poll  nrf_sdh_soc.o
    0x00029970   0x0000000a   Code   RO         3747    i.nrf_section_iter_init  nrf_section_iter.o
    0x0002997a   0x00000024   Code   RO         3748    i.nrf_section_iter_item_set  nrf_section_iter.o
    0x0002999e   0x00000020   Code   RO         3749    i.nrf_section_iter_next  nrf_section_iter.o
    0x000299be   0x00000002   PAD
    0x000299c0   0x00000038   Code   RO         3782    i.nrf_strerror_find  nrf_strerror.o
    0x000299f8   0x00000014   Code   RO         3783    i.nrf_strerror_get  nrf_strerror.o
    0x00029a0c   0x0000000a   Code   RO         2291    i.nrf_uart_event_check  nrfx_uart.o
    0x00029a16   0x0000000c   Code   RO         2292    i.nrf_uart_event_clear  nrfx_uart.o
    0x00029a22   0x0000000c   Code   RO         2293    i.nrf_uart_int_enable_check  nrfx_uart.o
    0x00029a2e   0x0000000a   Code   RO         2493    i.nrf_uarte_event_check  nrfx_uarte.o
    0x00029a38   0x0000000c   Code   RO         2494    i.nrf_uarte_event_clear  nrfx_uarte.o
    0x00029a44   0x00000030   Code   RO         1780    i.nrfx_clock_enable  nrfx_clock.o
    0x00029a74   0x00000020   Code   RO         1783    i.nrfx_clock_init   nrfx_clock.o
    0x00029a94   0x0000001c   Code   RO         1786    i.nrfx_clock_lfclk_stop  nrfx_clock.o
    0x00029ab0   0x00000010   Code   RO         2874    i.nrfx_coredep_delay_us  app_timer.o
    0x00029ac0   0x00000048   Code   RO         1927    i.nrfx_gpiote_in_event_disable  nrfx_gpiote.o
    0x00029b08   0x00000098   Code   RO         1928    i.nrfx_gpiote_in_event_enable  nrfx_gpiote.o
    0x00029ba0   0x000000d4   Code   RO         1929    i.nrfx_gpiote_in_init  nrfx_gpiote.o
    0x00029c74   0x0000000e   Code   RO         1930    i.nrfx_gpiote_in_is_set  nrfx_gpiote.o
    0x00029c82   0x00000002   PAD
    0x00029c84   0x00000074   Code   RO         1932    i.nrfx_gpiote_init  nrfx_gpiote.o
    0x00029cf8   0x00000014   Code   RO         1933    i.nrfx_gpiote_is_init  nrfx_gpiote.o
    0x00029d0c   0x00000010   Code   RO         2495    i.nrfx_is_in_ram    nrfx_uarte.o
    0x00029d1c   0x0000003a   Code   RO         2231    i.nrfx_prs_acquire  nrfx_prs.o
    0x00029d56   0x00000012   Code   RO         2232    i.nrfx_prs_release  nrfx_prs.o
    0x00029d68   0x00000010   Code   RO         2294    i.nrfx_uart_0_irq_handler  nrfx_uart.o
    0x00029d78   0x000000d4   Code   RO         2296    i.nrfx_uart_init    nrfx_uart.o
    0x00029e4c   0x000000a4   Code   RO         2302    i.nrfx_uart_tx      nrfx_uart.o
    0x00029ef0   0x00000020   Code   RO         2304    i.nrfx_uart_tx_in_progress  nrfx_uart.o
    0x00029f10   0x000000b4   Code   RO         2305    i.nrfx_uart_uninit  nrfx_uart.o
    0x00029fc4   0x00000010   Code   RO         2496    i.nrfx_uarte_0_irq_handler  nrfx_uarte.o
    0x00029fd4   0x0000006c   Code   RO         2498    i.nrfx_uarte_init   nrfx_uarte.o
    0x0002a040   0x00000090   Code   RO         2502    i.nrfx_uarte_tx     nrfx_uarte.o
    0x0002a0d0   0x0000001c   Code   RO         2504    i.nrfx_uarte_tx_in_progress  nrfx_uarte.o
    0x0002a0ec   0x000000b0   Code   RO         2505    i.nrfx_uarte_uninit  nrfx_uarte.o
    0x0002a19c   0x00000150   Code   RO         1112    i.on_characteristic_discovery_rsp  ble_db_discovery.o
    0x0002a2ec   0x000000a8   Code   RO         1293    i.on_connected_evt  nrf_ble_gatt.o
    0x0002a394   0x000000f0   Code   RO         1113    i.on_descriptor_discovery_rsp  ble_db_discovery.o
    0x0002a484   0x000000ac   Code   RO         1294    i.on_exchange_mtu_request_evt  nrf_ble_gatt.o
    0x0002a530   0x0000006c   Code   RO         1114    i.on_primary_srv_discovery_rsp  ble_db_discovery.o
    0x0002a59c   0x0000007c   Code   RO         1115    i.on_srv_disc_completion  ble_db_discovery.o
    0x0002a618   0x00000018   Code   RO         1949    i.pin_in_use_by_port  nrfx_gpiote.o
    0x0002a630   0x00000018   Code   RO         1950    i.pin_in_use_by_te  nrfx_gpiote.o
    0x0002a648   0x0000003c   Code   RO         4177    i.postfix_process   nrf_log_str_formatter.o
    0x0002a684   0x00000098   Code   RO         4178    i.prefix_process    nrf_log_str_formatter.o
    0x0002a71c   0x00000018   Code   RO         2233    i.prs_box_get       nrfx_prs.o
    0x0002a734   0x00000038   Code   RO         1116    i.registered_handler_get  ble_db_discovery.o
    0x0002a76c   0x0000003c   Code   RO         2875    i.rtc1_stop         app_timer.o
    0x0002a7a8   0x00000032   Code   RO         2306    i.rx_byte           nrfx_uart.o
    0x0002a7da   0x00000016   Code   RO         2307    i.rx_done_event     nrfx_uart.o
    0x0002a7f0   0x00000018   Code   RO         2506    i.rx_done_event     nrfx_uarte.o
    0x0002a808   0x00000012   Code   RO           10    i.scan_evt_handler  main.o
    0x0002a81a   0x00000002   PAD
    0x0002a81c   0x00000058   Code   RO           11    i.scan_init         main.o
    0x0002a874   0x00000064   Code   RO           12    i.scan_start        main.o
    0x0002a8d8   0x00000050   Code   RO         1587    i.sd_state_evt_handler  nrf_drv_clock.o
    0x0002a928   0x00000030   Code   RO         4598    i.sdh_request_observer_notify  nrf_sdh.o
    0x0002a958   0x0000002c   Code   RO         4599    i.sdh_state_observer_notify  nrf_sdh.o
    0x0002a984   0x00000040   Code   RO         3877    i.serial_tx         nrf_log_backend_uart.o
    0x0002a9c4   0x00000018   Code   RO         1588    i.soc_evt_handler   nrf_drv_clock.o
    0x0002a9dc   0x00000058   Code   RO         4601    i.softdevices_evt_irq_enable  nrf_sdh.o
    0x0002aa34   0x0000008c   Code   RO         4013    i.std_n             nrf_log_frontend.o
    0x0002aac0   0x00000080   Code   RO         2876    i.timer_list_handler  app_timer.o
    0x0002ab40   0x0000003c   Code   RO         2877    i.timer_list_insert  app_timer.o
    0x0002ab7c   0x00000060   Code   RO         2878    i.timer_list_remove  app_timer.o
    0x0002abdc   0x00000048   Code   RO         2879    i.timer_stop_op_schedule  app_timer.o
    0x0002ac24   0x00000074   Code   RO         2880    i.timer_timeouts_check  app_timer.o
    0x0002ac98   0x00000048   Code   RO         1508    i.tx_buffer_process  ble_lbs_c.o
    0x0002ace0   0x00000020   Code   RO         2309    i.tx_byte           nrfx_uart.o
    0x0002ad00   0x0000001a   Code   RO         2310    i.tx_done_event     nrfx_uart.o
    0x0002ad1a   0x00000002   PAD
    0x0002ad1c   0x00000030   Code   RO         1722    i.uart_evt_handler  nrf_drv_uart.o
    0x0002ad4c   0x0000000c   Code   RO         3878    i.uart_evt_handler  nrf_log_backend_uart.o
    0x0002ad58   0x00000050   Code   RO         3879    i.uart_init         nrf_log_backend_uart.o
    0x0002ada8   0x00000128   Code   RO         2311    i.uart_irq_handler  nrfx_uart.o
    0x0002aed0   0x00000030   Code   RO         1723    i.uarte_evt_handler  nrf_drv_uart.o
    0x0002af00   0x000000f4   Code   RO         2507    i.uarte_irq_handler  nrfx_uarte.o
    0x0002aff4   0x000000b4   Code   RO         3496    i.unsigned_print    nrf_fprintf_format.o
    0x0002b0a8   0x00000030   Code   RO         2881    i.user_op_alloc     app_timer.o
    0x0002b0d8   0x0000000c   Data   RO           14    .constdata          main.o
    0x0002b0e4   0x00000008   Data   RO          376    .constdata          boards.o
    0x0002b0ec   0x0000007c   Data   RO         1118    .constdata          ble_db_discovery.o
    0x0002b168   0x00000016   Data   RO         1295    .constdata          nrf_ble_gatt.o
    0x0002b17e   0x00000002   PAD
    0x0002b180   0x00000010   Data   RO         1510    .constdata          ble_lbs_c.o
    0x0002b190   0x00000008   Data   RO         1952    .constdata          nrfx_gpiote.o
    0x0002b198   0x00000004   Data   RO         2314    .constdata          nrfx_uart.o
    0x0002b19c   0x00000004   Data   RO         2510    .constdata          nrfx_uarte.o
    0x0002b1a0   0x00000008   Data   RO         2657    .constdata          app_button.o
    0x0002b1a8   0x00000008   PAD
    0x0002b1b0   0x00000006   Data   RO         2883    .constdata          app_timer.o
    0x0002b1b6   0x00000010   Data   RO         3497    .constdata          nrf_fprintf_format.o
    0x0002b1c6   0x00000002   PAD
    0x0002b1c8   0x00000018   Data   RO         3617    .constdata          nrf_pwr_mgmt.o
    0x0002b1e0   0x0000000c   Data   RO         3618    .constdata          nrf_pwr_mgmt.o
    0x0002b1ec   0x0000013c   Data   RO         3784    .constdata          nrf_strerror.o
    0x0002b328   0x0000000c   Data   RO         3881    .constdata          nrf_log_backend_uart.o
    0x0002b334   0x00000020   Data   RO         3882    .constdata          nrf_log_backend_uart.o
    0x0002b354   0x0000000c   Data   RO         4018    .constdata          nrf_log_frontend.o
    0x0002b360   0x00000010   Data   RO         4602    .constdata          nrf_sdh.o
    0x0002b370   0x00000028   Data   RO         4603    .constdata          nrf_sdh.o
    0x0002b398   0x00000010   Data   RO         4604    .constdata          nrf_sdh.o
    0x0002b3a8   0x00000010   Data   RO         4605    .constdata          nrf_sdh.o
    0x0002b3b8   0x00000020   Data   RO         4713    .constdata          nrf_sdh_ble.o
    0x0002b3d8   0x00000010   Data   RO         4714    .constdata          nrf_sdh_ble.o
    0x0002b3e8   0x00000010   Data   RO         4764    .constdata          nrf_sdh_soc.o
    0x0002b3f8   0x0000000c   Data   RO         4765    .constdata          nrf_sdh_soc.o
    0x0002b404   0x00000081   Data   RO         4851    .constdata          mc_w.l(ctype_o.o)
    0x0002b485   0x00000003   PAD
    0x0002b488   0x00000004   Data   RO         4852    .constdata          mc_w.l(ctype_o.o)
    0x0002b48c   0x0000005a   Data   RO           15    .conststring        main.o
    0x0002b4e6   0x00000002   PAD
    0x0002b4e8   0x000000a2   Data   RO         1119    .conststring        ble_db_discovery.o
    0x0002b58a   0x00000002   PAD
    0x0002b58c   0x000000a2   Data   RO         1296    .conststring        nrf_ble_gatt.o
    0x0002b62e   0x00000002   PAD
    0x0002b630   0x000003eb   Data   RO         3785    .conststring        nrf_strerror.o
    0x0002ba1b   0x00000001   PAD
    0x0002ba1c   0x00000066   Data   RO         4179    .conststring        nrf_log_str_formatter.o
    0x0002ba82   0x00000002   PAD
    0x0002ba84   0x00000188   Data   RO         4715    .conststring        nrf_sdh_ble.o
    0x0002bc0c   0x0000000c   Data   RO         1120    .conststrlit        ble_db_discovery.o
    0x0002bc18   0x0000000d   Data   RO         1297    .conststrlit        nrf_ble_gatt.o
    0x0002bc25   0x00000003   PAD
    0x0002bc28   0x00000009   Data   RO         1402    .conststrlit        nrf_ble_scan.o
    0x0002bc31   0x00000003   PAD
    0x0002bc34   0x0000000a   Data   RO         1511    .conststrlit        ble_lbs_c.o
    0x0002bc3e   0x00000002   PAD
    0x0002bc40   0x00000006   Data   RO         1594    .conststrlit        nrf_drv_clock.o
    0x0002bc46   0x00000002   PAD
    0x0002bc48   0x00000006   Data   RO         1790    .conststrlit        nrfx_clock.o
    0x0002bc4e   0x00000002   PAD
    0x0002bc50   0x00000007   Data   RO         1956    .conststrlit        nrfx_gpiote.o
    0x0002bc57   0x00000001   PAD
    0x0002bc58   0x00000004   Data   RO         2235    .conststrlit        nrfx_prs.o
    0x0002bc5c   0x00000005   Data   RO         2317    .conststrlit        nrfx_uart.o
    0x0002bc61   0x00000003   PAD
    0x0002bc64   0x00000006   Data   RO         2513    .conststrlit        nrfx_uarte.o
    0x0002bc6a   0x00000002   PAD
    0x0002bc6c   0x00000009   Data   RO         3619    .conststrlit        nrf_pwr_mgmt.o
    0x0002bc75   0x00000003   PAD
    0x0002bc78   0x00000011   Data   RO         3953    .conststrlit        nrf_log_default_backends.o
    0x0002bc89   0x00000003   PAD
    0x0002bc8c   0x00000004   Data   RO         4019    .conststrlit        nrf_log_frontend.o
    0x0002bc90   0x00000008   Data   RO         4606    .conststrlit        nrf_sdh.o
    0x0002bc98   0x0000000c   Data   RO         4716    .conststrlit        nrf_sdh_ble.o
    0x0002bca4   0x0000000c   Data   RO         4766    .conststrlit        nrf_sdh_soc.o
    0x0002bcb0   0x00000020   Data   RO         4912    Region$$Table       anon$$obj.o
    0x0002bcd0   0x00000010   Data   RO         3955    log_backends        nrf_log_default_backends.o
    0x0002bce0   0x00000008   Data   RO         1122    log_const_data      ble_db_discovery.o
    0x0002bce8   0x00000008   Data   RO         1298    log_const_data      nrf_ble_gatt.o
    0x0002bcf0   0x00000008   Data   RO         1403    log_const_data      nrf_ble_scan.o
    0x0002bcf8   0x00000008   Data   RO         1513    log_const_data      ble_lbs_c.o
    0x0002bd00   0x00000008   Data   RO         1595    log_const_data      nrf_drv_clock.o
    0x0002bd08   0x00000008   Data   RO         1792    log_const_data      nrfx_clock.o
    0x0002bd10   0x00000008   Data   RO         1957    log_const_data      nrfx_gpiote.o
    0x0002bd18   0x00000008   Data   RO         2237    log_const_data      nrfx_prs.o
    0x0002bd20   0x00000008   Data   RO         2318    log_const_data      nrfx_uart.o
    0x0002bd28   0x00000008   Data   RO         2514    log_const_data      nrfx_uarte.o
    0x0002bd30   0x00000008   Data   RO         3621    log_const_data      nrf_pwr_mgmt.o
    0x0002bd38   0x00000008   Data   RO         4022    log_const_data      nrf_log_frontend.o
    0x0002bd40   0x00000008   Data   RO         4608    log_const_data      nrf_sdh.o
    0x0002bd48   0x00000008   Data   RO         4718    log_const_data      nrf_sdh_ble.o
    0x0002bd50   0x00000008   Data   RO         4767    log_const_data      nrf_sdh_soc.o
    0x0002bd58   0x00000014   Data   RO         4023    nrf_balloc          nrf_log_frontend.o
    0x0002bd6c   0x00000008   Data   RO          959    sdh_ble_observers0  ble_conn_state.o
    0x0002bd74   0x00000050   Data   RO           17    sdh_ble_observers1  main.o
    0x0002bdc4   0x00000008   Data   RO          621    sdh_ble_observers1  bsp_btn_ble.o
    0x0002bdcc   0x00000040   Data   RO           18    sdh_ble_observers2  main.o
    0x0002be0c   0x00000008   Data   RO           19    sdh_ble_observers3  main.o
    0x0002be14   0x00000008   Data   RO         1596    sdh_soc_observers0  nrf_drv_clock.o
    0x0002be1c   0x00000008   Data   RO         4719    sdh_stack_observers0  nrf_sdh_ble.o
    0x0002be24   0x00000008   Data   RO         4768    sdh_stack_observers0  nrf_sdh_soc.o
    0x0002be2c   0x00000008   Data   RO         1597    sdh_state_observers0  nrf_drv_clock.o


    Execution Region RW_IRAM1 (Base: 0x20004368, Size: 0x000044a8, Max: 0x0003bc98, ABSOLUTE, COMPRESSED[0x00000080])

    Base Addr    Size         Type   Attr      Idx    E Section Name        Object

    0x20004368   0x00001668   Data   RW           16    .data               main.o
    0x200059d0   0x00000008   Data   RW          620    .data               bsp_btn_ble.o
    0x200059d8   0x00000010   Data   RW         1121    .data               ble_db_discovery.o
    0x200059e8   0x00000008   Data   RW         1512    .data               ble_lbs_c.o
    0x200059f0   0x00000014   Data   RW         1724    .data               nrf_drv_uart.o
    0x20005a04   0x00000008   Data   RW         1791    .data               nrfx_clock.o
    0x20005a0c   0x00000008   Data   RW         2236    .data               nrfx_prs.o
    0x20005a14   0x00000004   PAD
    0x20005a18   0x00000020   Data   RW         2658    .data               app_button.o
    0x20005a38   0x00000014   Data   RW         2884    .data               app_timer.o
    0x20005a4c   0x00000008   Data   RW         3620    .data               nrf_pwr_mgmt.o
    0x20005a54   0x00000018   Data   RW         3883    .data               nrf_log_backend_uart.o
    0x20005a6c   0x00000008   Data   RW         3954    .data               nrf_log_default_backends.o
    0x20005a74   0x00000008   Data   RW         4020    .data               nrf_log_frontend.o
    0x20005a7c   0x00000008   Data   RW         4021    .data               nrf_log_frontend.o
    0x20005a84   0x00000040   Data   RW         4180    .data               nrf_log_str_formatter.o
    0x20005ac4   0x00000003   Data   RW         4607    .data               nrf_sdh.o
    0x20005ac7   0x00000001   Data   RW         4717    .data               nrf_sdh_ble.o
    0x20005ac8   0x00000004   Data   RW         4807    .data               system_nrf52840.o
    0x20005acc   0x00000134   Zero   RW           13    .bss                main.o
    0x20005c00   0x0000000c   Zero   RW          516    .bss                bsp.o
    0x20005c0c   0x00000078   Zero   RW          958    .bss                ble_conn_state.o
    0x20005c84   0x00000318   Zero   RW         1117    .bss                ble_db_discovery.o
    0x20005f9c   0x000000a0   Zero   RW         1509    .bss                ble_lbs_c.o
    0x2000603c   0x00000014   Zero   RW         1589    .bss                nrf_drv_clock.o
    0x20006050   0x0000006c   Zero   RW         1951    .bss                nrfx_gpiote.o
    0x200060bc   0x0000002c   Zero   RW         2312    .bss                nrfx_uart.o
    0x200060e8   0x00000024   Zero   RW         2508    .bss                nrfx_uarte.o
    0x2000610c   0x00000020   Zero   RW         2656    .bss                app_button.o
    0x2000612c   0x0000010c   Zero   RW         2882    .bss                app_timer.o
    0x20006238   0x0000000c   Zero   RW         3035    .bss                app_util_platform.o
    0x20006244   0x0000000c   Zero   RW         3616    .bss                nrf_pwr_mgmt.o
    0x20006250   0x00000040   Zero   RW         3880    .bss                nrf_log_backend_uart.o
    0x20006290   0x000000c0   Zero   RW         4014    .bss                nrf_log_frontend.o
    0x20006350   0x00000080   Zero   RW         4015    .bss                nrf_log_frontend.o
    0x200063d0   0x00000018   Zero   RW         4016    .bss                nrf_log_frontend.o
    0x200063e8   0x00000424   Zero   RW         4017    .bss                nrf_log_frontend.o
    0x2000680c   0x00000004   PAD
    0x20006810   0x00002000   Zero   RW         4795    STACK               arm_startup_nrf52840.o


==============================================================================

Image component sizes


      Code (inc. data)   RO Data    RW Data    ZI Data      Debug   Object Name

       488         46          8         32         32      13511   app_button.o
        22          0          0          0          0       2429   app_error.o
       132         46          0          0          0      30569   app_error_weak.o
      1506        118          6         20        268      46863   app_timer.o
       124         14          0          0         12       9054   app_util_platform.o
        36          8        512          0       8192        936   arm_startup_nrf52840.o
       124          0          0          0          0      43531   ble_advdata.o
         0          0          0          0          0       3276   ble_advertising.o
       394         14          8          0        120       7751   ble_conn_state.o
      1718         94        306         16        792      17207   ble_db_discovery.o
       612         30         34          8        160       8068   ble_lbs_c.o
       250         22          8          0          0      48997   boards.o
        68          4          0          0         12       6796   bsp.o
       166          6          8          8          0       3216   bsp_btn_ble.o
      1274        438        254       5736        308     128556   main.o
        64          0          0          0          0       2828   nrf_atflags.o
       306          0          0          0          0       7711   nrf_atomic.o
       164          0          0          0          0       3536   nrf_balloc.o
       964        272        205          0          0      35763   nrf_ble_gatt.o
       972         44         17          0          0      11635   nrf_ble_scan.o
       276         34         30          0         20      37564   nrf_drv_clock.o
       200         26          0         20          0      17672   nrf_drv_uart.o
        50          0          0          0          0       3473   nrf_fprintf.o
       850          4         16          0          0       4694   nrf_fprintf_format.o
       200          0          0          0          0      11393   nrf_log_backend_serial.o
       232         44         44         24         64      20806   nrf_log_backend_uart.o
        28          4         33          8          0       3333   nrf_log_default_backends.o
      1474        114         44         16       1404      28278   nrf_log_frontend.o
       566        108        102         64          0       4992   nrf_log_str_formatter.o
       346          0          0          0          0       8703   nrf_memobj.o
       108         16         53          8         12      35970   nrf_pwr_mgmt.o
        28          0          0          0          0       2347   nrf_ringbuf.o
       384         46        104          3          0      39091   nrf_sdh.o
       676        230        468          1          0       5661   nrf_sdh_ble.o
        60          4         56          0          0       2452   nrf_sdh_soc.o
        78          0          0          0          0       2680   nrf_section_iter.o
        76         10       1319          0          0       2579   nrf_strerror.o
       226         30         14          8          0      41014   nrfx_clock.o
      1450         98         23          0        108      58994   nrfx_gpiote.o
       112         16         12          8          0       4352   nrfx_prs.o
      1336         46         17          0         44      30965   nrfx_uart.o
      1178         50         18          0         36      24227   nrfx_uarte.o
       476         60          0          4          0       2351   system_nrf52840.o

    ----------------------------------------------------------------------
     19828       2096       3796       5988      11588     825824   Object Totals
         0          0         32          0          0          0   (incl. Generated)
        34          0         45          4          4          0   (incl. Padding)

    ----------------------------------------------------------------------

      Code (inc. data)   RO Data    RW Data    ZI Data      Debug   Library Member Name

        86          0          0          0          0          0   __dczerorl2.o
         8          4        133          0          0         68   ctype_o.o
         0          0          0          0          0          0   entry.o
         0          0          0          0          0          0   entry10a.o
         0          0          0          0          0          0   entry11a.o
         8          4          0          0          0          0   entry2.o
         4          0          0          0          0          0   entry5.o
         0          0          0          0          0          0   entry7b.o
         0          0          0          0          0          0   entry8b.o
         8          4          0          0          0          0   entry9a.o
        30          0          0          0          0          0   handlers.o
        36          8          0          0          0         68   init.o
        30          0          0          0          0         68   llshl.o
        26          0          0          0          0         80   memcmp.o
        36          0          0          0          0         68   memcpya.o
        36          0          0          0          0        108   memseta.o
        28          0          0          0          0         76   strcmp.o
        14          0          0          0          0         68   strlen.o

    ----------------------------------------------------------------------
       356         20        136          0          0        604   Library Totals
         6          0          3          0          0          0   (incl. Padding)

    ----------------------------------------------------------------------

      Code (inc. data)   RO Data    RW Data    ZI Data      Debug   Library Name

       350         20        133          0          0        604   mc_w.l

    ----------------------------------------------------------------------
       356         20        136          0          0        604   Library Totals

    ----------------------------------------------------------------------

==============================================================================


      Code (inc. data)   RO Data    RW Data    ZI Data      Debug   

     20184       2116       3932       5988      11588     801704   Grand Totals
     20184       2116       3932        128      11588     801704   ELF Image Totals (compressed)
     20184       2116       3932        128          0          0   ROM Totals

==============================================================================

    Total RO  Size (Code + RO Data)                24116 (  23.55kB)
    Total RW  Size (RW Data + ZI Data)             17576 (  17.16kB)
    Total ROM Size (Code + RO Data + RW Data)      24244 (  23.68kB)

==============================================================================

