Component: ARM Compiler 5.05 update 1 (build 106) Tool: armlink [4d0efa]

==============================================================================

Section Cross References

    main.o(i.assert_nrf_callback) refers to app_error_handler_keil.o(.emb_text) for app_error_handler
    main.o(i.ble_evt_handler) refers to nrf_log_frontend.o(i.nrf_log_frontend_std_0) for nrf_log_frontend_std_0
    main.o(i.ble_evt_handler) refers to ble_nus_c.o(i.ble_nus_c_handles_assign) for ble_nus_c_handles_assign
    main.o(i.ble_evt_handler) refers to app_error.o(i.app_error_handler_bare) for app_error_handler_bare
    main.o(i.ble_evt_handler) refers to bsp.o(i.bsp_indication_set) for bsp_indication_set
    main.o(i.ble_evt_handler) refers to ble_db_discovery.o(i.ble_db_discovery_start) for ble_db_discovery_start
    main.o(i.ble_evt_handler) refers to nrf_log_frontend.o(i.nrf_log_frontend_std_2) for nrf_log_frontend_std_2
    main.o(i.ble_evt_handler) refers to nrf_log_frontend.o(log_const_data) for m_nrf_log_app_logs_data_const
    main.o(i.ble_evt_handler) refers to main.o(.bss) for .bss
    main.o(i.ble_evt_handler) refers to main.o(.data) for .data
    main.o(i.ble_nus_c_evt_handler) refers to nrf_log_frontend.o(i.nrf_log_frontend_std_0) for nrf_log_frontend_std_0
    main.o(i.ble_nus_c_evt_handler) refers to main.o(i.scan_start) for scan_start
    main.o(i.ble_nus_c_evt_handler) refers to ble_nus_c.o(i.ble_nus_c_handles_assign) for ble_nus_c_handles_assign
    main.o(i.ble_nus_c_evt_handler) refers to app_error.o(i.app_error_handler_bare) for app_error_handler_bare
    main.o(i.ble_nus_c_evt_handler) refers to ble_nus_c.o(i.ble_nus_c_tx_notif_enable) for ble_nus_c_tx_notif_enable
    main.o(i.ble_nus_c_evt_handler) refers to printf1.o(i.__0printf$1) for __2printf
    main.o(i.ble_nus_c_evt_handler) refers to nrf_log_frontend.o(log_const_data) for m_nrf_log_app_logs_data_const
    main.o(i.bsp_event_handler) refers to nrf_pwr_mgmt.o(i.nrf_pwr_mgmt_shutdown) for nrf_pwr_mgmt_shutdown
    main.o(i.bsp_event_handler) refers to app_error.o(i.app_error_handler_bare) for app_error_handler_bare
    main.o(i.bsp_event_handler) refers to main.o(.bss) for .bss
    main.o(i.db_disc_handler) refers to ble_nus_c.o(i.ble_nus_c_on_db_disc_evt) for ble_nus_c_on_db_disc_evt
    main.o(i.db_disc_handler) refers to main.o(.bss) for .bss
    main.o(i.gatt_evt_handler) refers to nrf_log_frontend.o(i.nrf_log_frontend_std_0) for nrf_log_frontend_std_0
    main.o(i.gatt_evt_handler) refers to nrf_log_frontend.o(i.nrf_log_frontend_std_2) for nrf_log_frontend_std_2
    main.o(i.gatt_evt_handler) refers to nrf_log_frontend.o(log_const_data) for m_nrf_log_app_logs_data_const
    main.o(i.gatt_evt_handler) refers to main.o(.data) for .data
    main.o(i.gatt_init) refers to nrf_ble_gatt.o(i.nrf_ble_gatt_init) for nrf_ble_gatt_init
    main.o(i.gatt_init) refers to app_error.o(i.app_error_handler_bare) for app_error_handler_bare
    main.o(i.gatt_init) refers to nrf_ble_gatt.o(i.nrf_ble_gatt_att_mtu_central_set) for nrf_ble_gatt_att_mtu_central_set
    main.o(i.gatt_init) refers to main.o(i.gatt_evt_handler) for gatt_evt_handler
    main.o(i.gatt_init) refers to main.o(.bss) for .bss
    main.o(i.main) refers to nrf_log_frontend.o(i.nrf_log_init) for nrf_log_init
    main.o(i.main) refers to app_error.o(i.app_error_handler_bare) for app_error_handler_bare
    main.o(i.main) refers to nrf_log_default_backends.o(i.nrf_log_default_backends_init) for nrf_log_default_backends_init
    main.o(i.main) refers to app_timer.o(i.app_timer_init) for app_timer_init
    main.o(i.main) refers to memcpya.o(.text) for __aeabi_memcpy4
    main.o(i.main) refers to app_uart_fifo.o(i.app_uart_init) for app_uart_init
    main.o(i.main) refers to bsp.o(i.bsp_init) for bsp_init
    main.o(i.main) refers to bsp_btn_ble.o(i.bsp_btn_ble_init) for bsp_btn_ble_init
    main.o(i.main) refers to ble_db_discovery.o(i.ble_db_discovery_init) for ble_db_discovery_init
    main.o(i.main) refers to nrf_pwr_mgmt.o(i.nrf_pwr_mgmt_init) for nrf_pwr_mgmt_init
    main.o(i.main) refers to nrf_sdh.o(i.nrf_sdh_enable_request) for nrf_sdh_enable_request
    main.o(i.main) refers to nrf_sdh_ble.o(i.nrf_sdh_ble_default_cfg_set) for nrf_sdh_ble_default_cfg_set
    main.o(i.main) refers to nrf_sdh_ble.o(i.nrf_sdh_ble_enable) for nrf_sdh_ble_enable
    main.o(i.main) refers to main.o(i.gatt_init) for gatt_init
    main.o(i.main) refers to ble_nus_c.o(i.ble_nus_c_init) for ble_nus_c_init
    main.o(i.main) refers to main.o(i.scan_init) for scan_init
    main.o(i.main) refers to printf1.o(i.__0printf$1) for __2printf
    main.o(i.main) refers to nrf_log_frontend.o(i.nrf_log_frontend_std_0) for nrf_log_frontend_std_0
    main.o(i.main) refers to main.o(i.scan_start) for scan_start
    main.o(i.main) refers to nrf_log_frontend.o(i.nrf_log_frontend_dequeue) for nrf_log_frontend_dequeue
    main.o(i.main) refers to nrf_pwr_mgmt.o(i.nrf_pwr_mgmt_run) for nrf_pwr_mgmt_run
[...]
    m_ticks_elapsed_q_read_ind               0x20002d20   Data           1  app_timer.o(.data)
    m_ticks_elapsed_q_write_ind              0x20002d21   Data           1  app_timer.o(.data)
    m_rtc1_running                           0x20002d22   Data           1  app_timer.o(.data)
    m_rtc1_reset                             0x20002d23   Data           1  app_timer.o(.data)
    mp_timer_id_head                         0x20002d24   Data           4  app_timer.o(.data)
    m_ticks_latest                           0x20002d28   Data           4  app_timer.o(.data)
    m_ticks_elapsed                          0x20002d2c   Data           8  app_timer.o(.data)
    .data                                    0x20002d34   Section       28  app_uart_fifo.o(.data)
    tx_buffer                                0x20002d34   Data           1  app_uart_fifo.o(.data)
    rx_buffer                                0x20002d35   Data           1  app_uart_fifo.o(.data)
    m_rx_ovf                                 0x20002d36   Data           1  app_uart_fifo.o(.data)
    m_event_handler                          0x20002d38   Data           4  app_uart_fifo.o(.data)
    app_uart_inst                            0x20002d3c   Data          20  app_uart_fifo.o(.data)
    .data                                    0x20002d50   Section        8  nrf_pwr_mgmt.o(.data)
    m_pwr_mgmt_evt                           0x20002d50   Data           1  nrf_pwr_mgmt.o(.data)
    m_shutdown_started                       0x20002d51   Data           1  nrf_pwr_mgmt.o(.data)
    m_sysoff_mtx                             0x20002d54   Data           4  nrf_pwr_mgmt.o(.data)
    .data                                    0x20002d58   Section        4  retarget.o(.data)
    .data                                    0x20002d5c   Section        1  nrf_log_backend_rtt.o(.data)
    m_host_present                           0x20002d5c   Data           1  nrf_log_backend_rtt.o(.data)
    .data                                    0x20002d60   Section        8  nrf_log_default_backends.o(.data)
    log_backend_cb_rtt_log_backend           0x20002d60   Data           8  nrf_log_default_backends.o(.data)
    .data                                    0x20002d68   Section        8  nrf_log_frontend.o(.data)
    log_mempool_nrf_balloc_pool_stack        0x20002d68   Data           8  nrf_log_frontend.o(.data)
    .data                                    0x20002d70   Section        8  nrf_log_frontend.o(.data)
    log_mempool_nrf_balloc_cb                0x20002d70   Data           8  nrf_log_frontend.o(.data)
    .data                                    0x20002d78   Section       64  nrf_log_str_formatter.o(.data)
    m_freq                                   0x20002d78   Data           4  nrf_log_str_formatter.o(.data)
    m_timestamp_div                          0x20002d7c   Data           4  nrf_log_str_formatter.o(.data)
    severity_names                           0x20002d80   Data          20  nrf_log_str_formatter.o(.data)
    m_colors                                 0x20002d94   Data          36  nrf_log_str_formatter.o(.data)
    .data                                    0x20002db8   Section        3  nrf_sdh.o(.data)
    m_nrf_sdh_enabled                        0x20002db8   Data           1  nrf_sdh.o(.data)
    m_nrf_sdh_suspended                      0x20002db9   Data           1  nrf_sdh.o(.data)
    m_nrf_sdh_continue                       0x20002dba   Data           1  nrf_sdh.o(.data)
    .data                                    0x20002dbb   Section        1  nrf_sdh_ble.o(.data)
    m_stack_is_enabled                       0x20002dbb   Data           1  nrf_sdh_ble.o(.data)
    .data                                    0x20002dbc   Section        4  system_nrf52840.o(.data)
    __tagsym$$used                           0x20002dbc   Number         0  system_nrf52840.o(.data)
    .bss                                     0x20002dc0   Section      872  main.o(.bss)
    data_array                               0x20002dc0   Data         244  main.o(.bss)
    rx_buf                                   0x20002eb4   Data         256  main.o(.bss)
    tx_buf                                   0x20002fb4   Data         256  main.o(.bss)
    m_ble_nus_c                              0x200030b4   Data          16  main.o(.bss)
    m_gatt                                   0x200030c4   Data          20  main.o(.bss)
    m_scan                                   0x200030d8   Data          80  main.o(.bss)
    .bss                                     0x20003128   Section       32  bsp.o(.bss)
    m_bsp_leds_tmr_data                      0x20003128   Data          32  bsp.o(.bss)
    .bss                                     0x20003148   Section       32  bsp.o(.bss)
    m_bsp_alert_tmr_data                     0x20003148   Data          32  bsp.o(.bss)
    .bss                                     0x20003168   Section       12  bsp.o(.bss)
    m_events_list                            0x20003168   Data          12  bsp.o(.bss)
    .bss                                     0x20003174   Section       32  bsp.o(.bss)
    m_bsp_button_tmr_data                    0x20003174   Data          32  bsp.o(.bss)
    .bss                                     0x20003194   Section      792  ble_db_discovery.o(.bss)
    m_registered_handlers                    0x20003194   Data          24  ble_db_discovery.o(.bss)
    m_pending_user_evts                      0x200031ac   Data         768  ble_db_discovery.o(.bss)
    .bss                                     0x200034ac   Section       20  nrf_drv_clock.o(.bss)
    m_clock_cb                               0x200034ac   Data          20  nrf_drv_clock.o(.bss)
    .bss                                     0x200034c0   Section      108  nrfx_gpiote.o(.bss)
    m_cb                                     0x200034c0   Data         108  nrfx_gpiote.o(.bss)
    .bss                                     0x2000352c   Section       44  nrfx_uart.o(.bss)
    m_cb                                     0x2000352c   Data          44  nrfx_uart.o(.bss)
    .bss                                     0x20003558   Section       36  nrfx_uarte.o(.bss)
    m_cb                                     0x20003558   Data          36  nrfx_uarte.o(.bss)
    .bss                                     0x2000357c   Section       32  app_button.o(.bss)
    m_detection_delay_timer_id_data          0x2000357c   Data          32  app_button.o(.bss)
    .bss                                     0x2000359c   Section      268  app_timer.o(.bss)
    m_op_queue                               0x2000359c   Data         268  app_timer.o(.bss)
    .bss                                     0x200036a8   Section       32  app_uart_fifo.o(.bss)
    m_rx_fifo                                0x200036a8   Data          16  app_uart_fifo.o(.bss)
    m_tx_fifo                                0x200036b8   Data          16  app_uart_fifo.o(.bss)
    .bss                                     0x200036c8   Section       12  app_util_platform.o(.bss)
    .bss                                     0x200036d4   Section       12  nrf_pwr_mgmt.o(.bss)
    m_handlers_iter                          0x200036d4   Data          12  nrf_pwr_mgmt.o(.bss)
    .bss                                     0x200036e0   Section       64  nrf_log_backend_rtt.o(.bss)
    m_string_buff                            0x200036e0   Data          64  nrf_log_backend_rtt.o(.bss)
    .bss                                     0x20003720   Section      192  nrf_log_frontend.o(.bss)
    log_mempool_nrf_balloc_pool_mem          0x20003720   Data         192  nrf_log_frontend.o(.bss)
    .bss                                     0x200037e0   Section      128  nrf_log_frontend.o(.bss)
    m_log_push_ringbuf_buf                   0x200037e0   Data         128  nrf_log_frontend.o(.bss)
    .bss                                     0x20003860   Section       24  nrf_log_frontend.o(.bss)
    m_log_push_ringbuf_cb                    0x20003860   Data          24  nrf_log_frontend.o(.bss)
    .bss                                     0x20003878   Section     1060  nrf_log_frontend.o(.bss)
    m_log_data                               0x20003878   Data        1060  nrf_log_frontend.o(.bss)
    .bss                                     0x20003c9c   Section      648  segger_rtt.o(.bss)
    _acUpBuffer                              0x20003d14   Data         512  segger_rtt.o(.bss)
    _acDownBuffer                            0x20003f14   Data          16  segger_rtt.o(.bss)
    STACK                                    0x20003f28   Section     8192  arm_startup_nrf52840.o(STACK)

    Global Symbols

    Symbol Name                              Value     Ov Type        Size  Object(Section)

    BuildAttributes$$THM_ISAv4$E$P$D$K$B$S$7EM$VFPi3$EXTD16$VFPS$VFMA$PE$A:L22UL41UL21$X:L11$S22US41US21$IEEE1$IW$USESV6$~STKCKD$USESV7$~SHL$OSPACE$ROPI$EBA8$MICROLIB$REQ8$EABIv2 0x00000000   Number         0  anon$$obj.o ABSOLUTE
    __ARM_use_no_argv                        0x00000000   Number         0  main.o ABSOLUTE
    _printf_a                                0x00000000   Number         0  stubs.o ABSOLUTE
    _printf_c                                0x00000000   Number         0  stubs.o ABSOLUTE
    _printf_charcount                        0x00000000   Number         0  stubs.o ABSOLUTE
    _printf_d                                0x00000000   Number         0  stubs.o ABSOLUTE
    _printf_e                                0x00000000   Number         0  stubs.o ABSOLUTE
    _printf_f                                0x00000000   Number         0  stubs.o ABSOLUTE
    _printf_flags                            0x00000000   Number         0  stubs.o ABSOLUTE
    _printf_fp_dec                           0x00000000   Number         0  stubs.o ABSOLUTE
    _printf_fp_hex                           0x00000000   Number         0  stubs.o ABSOLUTE
    _printf_g                                0x00000000   Number         0  stubs.o ABSOLUTE
    _printf_i                                0x00000000   Number         0  stubs.o ABSOLUTE
    _printf_int_dec                          0x00000000   Number         0  stubs.o ABSOLUTE
    _printf_l                                0x00000000   Number         0  stubs.o ABSOLUTE
    _printf_lc                               0x00000000   Number         0  stubs.o ABSOLUTE
    _printf_ll                               0x00000000   Number         0  stubs.o ABSOLUTE
    _printf_lld                              0x00000000   Number         0  stubs.o ABSOLUTE
    _printf_lli                              0x00000000   Number         0  stubs.o ABSOLUTE
    _printf_llo                              0x00000000   Number         0  stubs.o ABSOLUTE
    _printf_llu                              0x00000000   Number         0  stubs.o ABSOLUTE
    _printf_llx                              0x00000000   Number         0  stubs.o ABSOLUTE
    _printf_longlong_dec                     0x00000000   Number         0  stubs.o ABSOLUTE
    _printf_longlong_hex                     0x00000000   Number         0  stubs.o ABSOLUTE
    _printf_longlong_oct                     0x00000000   Number         0  stubs.o ABSOLUTE
    _printf_ls                               0x00000000   Number         0  stubs.o ABSOLUTE
    _printf_mbtowc                           0x00000000   Number         0  stubs.o ABSOLUTE
    _printf_n                                0x00000000   Number         0  stubs.o ABSOLUTE
    _printf_o                                0x00000000   Number         0  stubs.o ABSOLUTE
    _printf_p                                0x00000000   Number         0  stubs.o ABSOLUTE
    _printf_percent                          0x00000000   Number         0  stubs.o ABSOLUTE
    _printf_pre_padding                      0x00000000   Number         0  stubs.o ABSOLUTE
    _printf_return_value                     0x00000000   Number         0  stubs.o ABSOLUTE
    _printf_s                                0x00000000   Number         0  stubs.o ABSOLUTE
    _printf_sizespec                         0x00000000   Number         0  stubs.o ABSOLUTE
    _printf_str                              0x00000000   Number         0  stubs.o ABSOLUTE
    _printf_truncate_signed                  0x00000000   Number         0  stubs.o ABSOLUTE
    _printf_truncate_unsigned                0x00000000   Number         0  stubs.o ABSOLUTE
    _printf_u                                0x00000000   Number         0  stubs.o ABSOLUTE
    _printf_wc                               0x00000000   Number         0  stubs.o ABSOLUTE
    _printf_wctomb                           0x00000000   Number         0  stubs.o ABSOLUTE
    _printf_widthprec                        0x00000000   Number         0  stubs.o ABSOLUTE
    _printf_x                                0x00000000   Number         0  stubs.o ABSOLUTE
    __cpp_initialize__aeabi_                  - Undefined Weak Reference
    __cxa_finalize                            - Undefined Weak Reference
    _clock_init                               - Undefined Weak Reference
    _microlib_exit                            - Undefined Weak Reference
    log_dynamic_data$$Base                    - Undefined Reference
    pwr_mgmt_data0$$Base                      - Undefined Reference
    pwr_mgmt_data0$$Limit                     - Undefined Reference
    pwr_mgmt_data2$$Base                      - Undefined Reference
    pwr_mgmt_data2$$Limit                     - Undefined Reference
    sdh_ble_observers0$$Base                  - Undefined Reference
    sdh_ble_observers0$$Limit                 - Undefined Reference
    sdh_req_observers0$$Base                  - Undefined Reference
    sdh_req_observers0$$Limit                 - Undefined Reference
    sdh_req_observers1$$Base                  - Undefined Reference
    sdh_req_observers1$$Limit                 - Undefined Reference
    sdh_soc_observers1$$Base                  - Undefined Reference
    sdh_soc_observers1$$Limit                 - Undefined Reference
    sdh_stack_observers1$$Base                - Undefined Reference
    sdh_stack_observers1$$Limit               - Undefined Reference
    sdh_state_observers1$$Base                - Undefined Reference
    sdh_state_observers1$$Limit               - Undefined Reference
    __Vectors_Size                           0x00000200   Number         0  arm_startup_nrf52840.o ABSOLUTE
    __Vectors                                0x00026000   Data           4  arm_startup_nrf52840.o(RESET)
    __Vectors_End                            0x00026200   Data           0  arm_startup_nrf52840.o(RESET)
    __main                                   0x00026201   Thumb Code     0  entry.o(.ARM.Collect$$$$00000000)
    _main_stk                                0x00026201   Thumb Code     0  entry2.o(.ARM.Collect$$$$00000001)
    _main_scatterload                        0x00026205   Thumb Code     0  entry5.o(.ARM.Collect$$$$00000004)
    __main_after_scatterload                 0x00026209   Thumb Code     0  entry5.o(.ARM.Collect$$$$00000004)
    _main_clock                              0x00026209   Thumb Code     0  entry7b.o(.ARM.Collect$$$$00000008)
    _main_cpp_init                           0x00026209   Thumb Code     0  entry8b.o(.ARM.Collect$$$$0000000A)
    _main_init                               0x00026209   Thumb Code     0  entry9a.o(.ARM.Collect$$$$0000000B)
    __rt_final_cpp                           0x00026211   Thumb Code     0  entry10a.o(.ARM.Collect$$$$0000000D)
    __rt_final_exit                          0x00026211   Thumb Code     0  entry11a.o(.ARM.Collect$$$$0000000F)
    __asm___12_nrf_atomic_c_85ca2469__nrf_atomic_internal_mov 0x00026215   Thumb Code    24  nrf_atomic.o(.emb_text)
    __asm___12_nrf_atomic_c_85ca2469__nrf_atomic_internal_orr 0x0002622d   Thumb Code    26  nrf_atomic.o(.emb_text)
    __asm___12_nrf_atomic_c_85ca2469__nrf_atomic_internal_and 0x00026247   Thumb Code    26  nrf_atomic.o(.emb_text)
    __asm___12_nrf_atomic_c_85ca2469__nrf_atomic_internal_eor 0x00026261   Thumb Code    26  nrf_atomic.o(.emb_text)
    __asm___12_nrf_atomic_c_85ca2469__nrf_atomic_internal_add 0x0002627b   Thumb Code    26  nrf_atomic.o(.emb_text)
    __asm___12_nrf_atomic_c_85ca2469__nrf_atomic_internal_sub 0x00026295   Thumb Code    26  nrf_atomic.o(.emb_text)
    __asm___12_nrf_atomic_c_85ca2469__nrf_atomic_internal_cmp_exch 0x000262af   Thumb Code    42  nrf_atomic.o(.emb_text)
    __asm___12_nrf_atomic_c_85ca2469__nrf_atomic_internal_sub_hs 0x000262d9   Thumb Code    30  nrf_atomic.o(.emb_text)
    Reset_Handler                            0x000262f9   Thumb Code     8  arm_startup_nrf52840.o(.text)
    NMI_Handler                              0x00026301   Thumb Code     2  arm_startup_nrf52840.o(.text)
    HardFault_Handler                        0x00026303   Thumb Code     2  arm_startup_nrf52840.o(.text)
    MemoryManagement_Handler                 0x00026305   Thumb Code     2  arm_startup_nrf52840.o(.text)
    BusFault_Handler                         0x00026307   Thumb Code     2  arm_startup_nrf52840.o(.text)
    UsageFault_Handler                       0x00026309   Thumb Code     2  arm_startup_nrf52840.o(.text)
    SVC_Handler                              0x0002630b   Thumb Code     2  arm_startup_nrf52840.o(.text)
    DebugMon_Handler                         0x0002630d   Thumb Code     2  arm_startup_nrf52840.o(.text)
    PendSV_Handler                           0x0002630f   Thumb Code     2  arm_startup_nrf52840.o(.text)
    SysTick_Handler                          0x00026311   Thumb Code     2  arm_startup_nrf52840.o(.text)
    CCM_AAR_IRQHandler                       0x00026313   Thumb Code     0  arm_startup_nrf52840.o(.text)
    COMP_LPCOMP_IRQHandler                   0x00026313   Thumb Code     0  arm_startup_nrf52840.o(.text)
    CRYPTOCELL_IRQHandler                    0x00026313   Thumb Code     0  arm_startup_nrf52840.o(.text)
    ECB_IRQHandler                           0x00026313   Thumb Code     0  arm_startup_nrf52840.o(.text)
    FPU_IRQHandler                           0x00026313   Thumb Code     0  arm_startup_nrf52840.o(.text)
    I2S_IRQHandler                           0x00026313   Thumb Code     0  arm_startup_nrf52840.o(.text)
    MWU_IRQHandler                           0x00026313   Thumb Code     0  arm_startup_nrf52840.o(.text)
    NFCT_IRQHandler                          0x00026313   Thumb Code     0  arm_startup_nrf52840.o(.text)
    PDM_IRQHandler                           0x00026313   Thumb Code     0  arm_startup_nrf52840.o(.text)
    PWM0_IRQHandler                          0x00026313   Thumb Code     0  arm_startup_nrf52840.o(.text)
    PWM1_IRQHandler                          0x00026313   Thumb Code     0  arm_startup_nrf52840.o(.text)
    PWM2_IRQHandler                          0x00026313   Thumb Code     0  arm_startup_nrf52840.o(.text)
    PWM3_IRQHandler                          0x00026313   Thumb Code     0  arm_startup_nrf52840.o(.text)
    QDEC_IRQHandler                          0x00026313   Thumb Code     0  arm_startup_nrf52840.o(.text)
    QSPI_IRQHandler                          0x00026313   Thumb Code     0  arm_startup_nrf52840.o(.text)
    RADIO_IRQHandler                         0x00026313   Thumb Code     0  arm_startup_nrf52840.o(.text)
    RNG_IRQHandler                           0x00026313   Thumb Code     0  arm_startup_nrf52840.o(.text)
    RTC0_IRQHandler                          0x00026313   Thumb Code     0  arm_startup_nrf52840.o(.text)
    RTC2_IRQHandler                          0x00026313   Thumb Code     0  arm_startup_nrf52840.o(.text)
    SAADC_IRQHandler                         0x00026313   Thumb Code     0  arm_startup_nrf52840.o(.text)
    SPIM0_SPIS0_TWIM0_TWIS0_SPI0_TWI0_IRQHandler 0x00026313   Thumb Code     0  arm_startup_nrf52840.o(.text)
    SPIM1_SPIS1_TWIM1_TWIS1_SPI1_TWI1_IRQHandler 0x00026313   Thumb Code     0  arm_startup_nrf52840.o(.text)
    SPIM2_SPIS2_SPI2_IRQHandler              0x00026313   Thumb Code     0  arm_startup_nrf52840.o(.text)
    SPIM3_IRQHandler                         0x00026313   Thumb Code     0  arm_startup_nrf52840.o(.text)
    SWI1_EGU1_IRQHandler                     0x00026313   Thumb Code     0  arm_startup_nrf52840.o(.text)
    SWI3_EGU3_IRQHandler                     0x00026313   Thumb Code     0  arm_startup_nrf52840.o(.text)
    SWI4_EGU4_IRQHandler                     0x00026313   Thumb Code     0  arm_startup_nrf52840.o(.text)
    SWI5_EGU5_IRQHandler                     0x00026313   Thumb Code     0  arm_startup_nrf52840.o(.text)
    TEMP_IRQHandler                          0x00026313   Thumb Code     0  arm_startup_nrf52840.o(.text)
    TIMER0_IRQHandler                        0x00026313   Thumb Code     0  arm_startup_nrf52840.o(.text)
    TIMER1_IRQHandler                        0x00026313   Thumb Code     0  arm_startup_nrf52840.o(.text)
    TIMER2_IRQHandler                        0x00026313   Thumb Code     0  arm_startup_nrf52840.o(.text)
    TIMER3_IRQHandler                        0x00026313   Thumb Code     0  arm_startup_nrf52840.o(.text)
    TIMER4_IRQHandler                        0x00026313   Thumb Code     0  arm_startup_nrf52840.o(.text)
    UARTE1_IRQHandler                        0x00026313   Thumb Code     0  arm_startup_nrf52840.o(.text)
    USBD_IRQHandler                          0x00026313   Thumb Code     0  arm_startup_nrf52840.o(.text)
    WDT_IRQHandler                           0x00026313   Thumb Code     0  arm_startup_nrf52840.o(.text)
    __aeabi_uldivmod                         0x0002631d   Thumb Code    98  uldiv.o(.text)
    __aeabi_llsl                             0x0002637f   Thumb Code    30  llshl.o(.text)
    _ll_shift_l                              0x0002637f   Thumb Code     0  llshl.o(.text)
    __rt_ctype_table                         0x0002639d   Thumb Code     4  ctype_o.o(.text)
    __aeabi_memcpy                           0x000263a5   Thumb Code    36  memcpya.o(.text)
    __aeabi_memcpy4                          0x000263a5   Thumb Code     0  memcpya.o(.text)
    __aeabi_memcpy8                          0x000263a5   Thumb Code     0  memcpya.o(.text)
    __aeabi_memset                           0x000263c9   Thumb Code    14  memseta.o(.text)
    __aeabi_memset4                          0x000263c9   Thumb Code     0  memseta.o(.text)
    __aeabi_memset8                          0x000263c9   Thumb Code     0  memseta.o(.text)
    __aeabi_memclr                           0x000263d7   Thumb Code     4  memseta.o(.text)
    __aeabi_memclr4                          0x000263d7   Thumb Code     0  memseta.o(.text)
    __aeabi_memclr8                          0x000263d7   Thumb Code     0  memseta.o(.text)
    _memset$wrapper                          0x000263db   Thumb Code    18  memseta.o(.text)
    strlen                                   0x000263ed   Thumb Code    14  strlen.o(.text)
    memcmp                                   0x000263fb   Thumb Code    26  memcmp.o(.text)
    strcpy                                   0x00026415   Thumb Code    18  strcpy.o(.text)
    __aeabi_uidiv                            0x00026427   Thumb Code     0  uidiv.o(.text)
    __aeabi_uidivmod                         0x00026427   Thumb Code    44  uidiv.o(.text)
    __aeabi_llsr                             0x00026453   Thumb Code    32  llushr.o(.text)
    _ll_ushift_r                             0x00026453   Thumb Code     0  llushr.o(.text)
    __scatterload                            0x00026475   Thumb Code    28  init.o(.text)
    __scatterload_rt2                        0x00026475   Thumb Code     0  init.o(.text)
    __decompress                             0x00026499   Thumb Code     0  __dczerorl2.o(.text)
    __decompress1                            0x00026499   Thumb Code    86  __dczerorl2.o(.text)
    GPIOTE_IRQHandler                        0x000264f1   Thumb Code   428  nrfx_gpiote.o(i.GPIOTE_IRQHandler)
    POWER_CLOCK_IRQHandler                   0x00026709   Thumb Code    82  nrfx_clock.o(i.POWER_CLOCK_IRQHandler)
    RTC1_IRQHandler                          0x00026761   Thumb Code    32  app_timer.o(i.RTC1_IRQHandler)
    SEGGER_RTT_Init                          0x00026785   Thumb Code     4  segger_rtt.o(i.SEGGER_RTT_Init)
    SEGGER_RTT_WriteNoLock                   0x00026789   Thumb Code    86  segger_rtt.o(i.SEGGER_RTT_WriteNoLock)
    SWI0_EGU0_IRQHandler                     0x000267e5   Thumb Code     4  app_timer.o(i.SWI0_EGU0_IRQHandler)
    SWI2_EGU2_IRQHandler                     0x000267e9   Thumb Code     4  nrf_sdh.o(i.SWI2_EGU2_IRQHandler)
    SystemInit                               0x000267ed   Thumb Code   416  system_nrf52840.o(i.SystemInit)
    UARTE0_UART0_IRQHandler                  0x000269c9   Thumb Code     6  nrfx_prs.o(i.UARTE0_UART0_IRQHandler)
    __0printf$1                              0x00026af1   Thumb Code    22  printf1.o(i.__0printf$1)
    __1printf$1                              0x00026af1   Thumb Code     0  printf1.o(i.__0printf$1)
    __2printf                                0x00026af1   Thumb Code     0  printf1.o(i.__0printf$1)
    __scatterload_copy                       0x00026b11   Thumb Code    14  handlers.o(i.__scatterload_copy)
    __scatterload_null                       0x00026b1f   Thumb Code     2  handlers.o(i.__scatterload_null)
    __scatterload_zeroinit                   0x00026b21   Thumb Code    14  handlers.o(i.__scatterload_zeroinit)
    app_button_enable                        0x00026ce5   Thumb Code    32  app_button.o(i.app_button_enable)
    app_button_init                          0x00026d09   Thumb Code   102  app_button.o(i.app_button_init)
    app_error_fault_handler                  0x00026d81   Thumb Code    86  app_error_weak.o(i.app_error_fault_handler)
    app_error_handler_bare                   0x00026e05   Thumb Code    22  app_error.o(i.app_error_handler_bare)
    app_fifo_get                             0x00026e1b   Thumb Code    22  app_fifo.o(i.app_fifo_get)
    app_fifo_init                            0x00026e31   Thumb Code    32  app_fifo.o(i.app_fifo_init)
    app_fifo_put                             0x00026e51   Thumb Code    26  app_fifo.o(i.app_fifo_put)
    app_timer_create                         0x00026e6d   Thumb Code    32  app_timer.o(i.app_timer_create)
    app_timer_init                           0x00026e91   Thumb Code    70  app_timer.o(i.app_timer_init)
    app_timer_start                          0x00026ee5   Thumb Code   128  app_timer.o(i.app_timer_start)
    app_timer_stop                           0x00026f6d   Thumb Code    26  app_timer.o(i.app_timer_stop)
    app_uart_get                             0x00026f8d   Thumb Code    42  app_uart_fifo.o(i.app_uart_get)
    app_uart_init                            0x00026fc1   Thumb Code   148  app_uart_fifo.o(i.app_uart_init)
    app_uart_put                             0x00027065   Thumb Code    70  app_uart_fifo.o(i.app_uart_put)
    app_util_critical_region_enter           0x000270b9   Thumb Code    64  app_util_platform.o(i.app_util_critical_region_enter)
    app_util_critical_region_exit            0x00027101   Thumb Code    46  app_util_platform.o(i.app_util_critical_region_exit)
    ble_advdata_search                       0x00027221   Thumb Code    56  ble_advdata.o(i.ble_advdata_search)
    ble_advdata_uuid_find                    0x00027259   Thumb Code   182  ble_advdata.o(i.ble_advdata_uuid_find)
    ble_db_discovery_evt_register            0x00027311   Thumb Code    56  ble_db_discovery.o(i.ble_db_discovery_evt_register)
    ble_db_discovery_init                    0x00027351   Thumb Code    24  ble_db_discovery.o(i.ble_db_discovery_init)
    ble_db_discovery_on_ble_evt              0x0002736d   Thumb Code   138  ble_db_discovery.o(i.ble_db_discovery_on_ble_evt)
    ble_db_discovery_start                   0x000273fd   Thumb Code    34  ble_db_discovery.o(i.ble_db_discovery_start)
    ble_nus_c_handles_assign                 0x0002769d   Thumb Code    26  ble_nus_c.o(i.ble_nus_c_handles_assign)
    ble_nus_c_init                           0x000276b9   Thumb Code    72  ble_nus_c.o(i.ble_nus_c_init)
    ble_nus_c_on_ble_evt                     0x00027705   Thumb Code   108  ble_nus_c.o(i.ble_nus_c_on_ble_evt)
    ble_nus_c_on_db_disc_evt                 0x00027771   Thumb Code   128  ble_nus_c.o(i.ble_nus_c_on_db_disc_evt)
    ble_nus_c_string_send                    0x000277f1   Thumb Code    86  ble_nus_c.o(i.ble_nus_c_string_send)
    ble_nus_c_tx_notif_enable                0x00027885   Thumb Code    66  ble_nus_c.o(i.ble_nus_c_tx_notif_enable)
    bsp_board_button_idx_to_pin              0x000278cd   Thumb Code     6  boards.o(i.bsp_board_button_idx_to_pin)
    bsp_board_button_state_get               0x000278d9   Thumb Code    36  boards.o(i.bsp_board_button_state_get)
    bsp_board_init                           0x00027901   Thumb Code    80  boards.o(i.bsp_board_init)
    bsp_board_led_invert                     0x00027955   Thumb Code    40  boards.o(i.bsp_board_led_invert)
    bsp_board_led_off                        0x00027981   Thumb Code    10  boards.o(i.bsp_board_led_off)
    bsp_board_led_on                         0x00027991   Thumb Code    10  boards.o(i.bsp_board_led_on)
    bsp_board_led_state_get                  0x000279a1   Thumb Code    36  boards.o(i.bsp_board_led_state_get)
    bsp_board_leds_off                       0x000279c9   Thumb Code    18  boards.o(i.bsp_board_leds_off)
    bsp_board_leds_on                        0x000279db   Thumb Code    18  boards.o(i.bsp_board_leds_on)
    bsp_board_pin_to_button_idx              0x000279ed   Thumb Code    30  boards.o(i.bsp_board_pin_to_button_idx)
    bsp_btn_ble_init                         0x00027a11   Thumb Code    52  bsp_btn_ble.o(i.bsp_btn_ble_init)
    bsp_btn_ble_sleep_mode_prepare           0x00027a49   Thumb Code    30  bsp_btn_ble.o(i.bsp_btn_ble_sleep_mode_prepare)
    bsp_button_is_pressed                    0x00027af9   Thumb Code    12  bsp.o(i.bsp_button_is_pressed)
    bsp_event_handler                        0x00027b05   Thumb Code    36  main.o(i.bsp_event_handler)
    bsp_event_to_button_action_assign        0x00027b2d   Thumb Code    64  bsp.o(i.bsp_event_to_button_action_assign)
    bsp_indication_set                       0x00027b71   Thumb Code    20  bsp.o(i.bsp_indication_set)
    bsp_init                                 0x00027b89   Thumb Code   128  bsp.o(i.bsp_init)
    bsp_wakeup_button_enable                 0x00027de5   Thumb Code     6  bsp.o(i.bsp_wakeup_button_enable)
    buffer_is_empty                          0x00027e9d   Thumb Code    16  nrf_log_frontend.o(i.buffer_is_empty)
    fputc                                    0x000283f3   Thumb Code    14  retarget.o(i.fputc)
    gatt_evt_handler                         0x00028401   Thumb Code    62  main.o(i.gatt_evt_handler)
    gatt_init                                0x00028491   Thumb Code    38  main.o(i.gatt_init)
    is_whitelist_used                        0x000286ed   Thumb Code    22  nrf_ble_scan.o(i.is_whitelist_used)
    main                                     0x000288f5   Thumb Code   238  main.o(i.main)
    nrf_atomic_flag_clear_fetch              0x00028b05   Thumb Code     6  nrf_atomic.o(i.nrf_atomic_flag_clear_fetch)
    nrf_atomic_flag_set                      0x00028b0b   Thumb Code     6  nrf_atomic.o(i.nrf_atomic_flag_set)
    nrf_atomic_u32_add                       0x00028b11   Thumb Code    12  nrf_atomic.o(i.nrf_atomic_u32_add)
    nrf_atomic_u32_fetch_and                 0x00028b1d   Thumb Code    10  nrf_atomic.o(i.nrf_atomic_u32_fetch_and)
    nrf_atomic_u32_fetch_store               0x00028b27   Thumb Code    10  nrf_atomic.o(i.nrf_atomic_u32_fetch_store)
    nrf_atomic_u32_or                        0x00028b31   Thumb Code    12  nrf_atomic.o(i.nrf_atomic_u32_or)
    nrf_atomic_u32_sub                       0x00028b3d   Thumb Code    12  nrf_atomic.o(i.nrf_atomic_u32_sub)
    nrf_balloc_alloc                         0x00028b49   Thumb Code    68  nrf_balloc.o(i.nrf_balloc_alloc)
    nrf_balloc_free                          0x00028b8d   Thumb Code    48  nrf_balloc.o(i.nrf_balloc_free)
    nrf_balloc_init                          0x00028bbd   Thumb Code    48  nrf_balloc.o(i.nrf_balloc_init)
    nrf_ble_gatt_att_mtu_central_set         0x00028c11   Thumb Code    24  nrf_ble_gatt.o(i.nrf_ble_gatt_att_mtu_central_set)
    nrf_ble_gatt_init                        0x00028c29   Thumb Code    34  nrf_ble_gatt.o(i.nrf_ble_gatt_init)
    nrf_ble_gatt_on_ble_evt                  0x00028c4d   Thumb Code   270  nrf_ble_gatt.o(i.nrf_ble_gatt_on_ble_evt)
    nrf_ble_scan_filter_set                  0x00028e1b   Thumb Code    66  nrf_ble_scan.o(i.nrf_ble_scan_filter_set)
    nrf_ble_scan_filters_disable             0x00028e5d   Thumb Code    14  nrf_ble_scan.o(i.nrf_ble_scan_filters_disable)
    nrf_ble_scan_filters_enable              0x00028e6b   Thumb Code    54  nrf_ble_scan.o(i.nrf_ble_scan_filters_enable)
    nrf_ble_scan_init                        0x00028ea1   Thumb Code   106  nrf_ble_scan.o(i.nrf_ble_scan_init)
    nrf_ble_scan_on_ble_evt                  0x00029007   Thumb Code   174  nrf_ble_scan.o(i.nrf_ble_scan_on_ble_evt)
    nrf_ble_scan_start                       0x000290b5   Thumb Code    92  nrf_ble_scan.o(i.nrf_ble_scan_start)
    nrf_drv_clock_init                       0x0002915d   Thumb Code    48  nrf_drv_clock.o(i.nrf_drv_clock_init)
    nrf_drv_clock_lfclk_release              0x00029195   Thumb Code    42  nrf_drv_clock.o(i.nrf_drv_clock_lfclk_release)
    nrf_drv_uart_init                        0x000291c5   Thumb Code    90  nrf_drv_uart.o(i.nrf_drv_uart_init)
    nrf_fprintf                              0x0002926d   Thumb Code    26  nrf_fprintf.o(i.nrf_fprintf)
    nrf_fprintf_buffer_flush                 0x00029287   Thumb Code    24  nrf_fprintf.o(i.nrf_fprintf_buffer_flush)
    nrf_fprintf_fmt                          0x0002929f   Thumb Code   474  nrf_fprintf_format.o(i.nrf_fprintf_fmt)
    nrf_log_backend_add                      0x000296e1   Thumb Code    86  nrf_log_frontend.o(i.nrf_log_backend_add)
    nrf_log_backend_rtt_init                 0x0002973f   Thumb Code     4  nrf_log_backend_rtt.o(i.nrf_log_backend_rtt_init)
    nrf_log_backend_serial_put               0x0002975d   Thumb Code   200  nrf_log_backend_serial.o(i.nrf_log_backend_serial_put)
    nrf_log_color_id_get                     0x00029825   Thumb Code    42  nrf_log_frontend.o(i.nrf_log_color_id_get)
    nrf_log_default_backends_init            0x00029855   Thumb Code    24  nrf_log_default_backends.o(i.nrf_log_default_backends_init)
    nrf_log_frontend_dequeue                 0x00029871   Thumb Code   528  nrf_log_frontend.o(i.nrf_log_frontend_dequeue)
    nrf_log_frontend_std_0                   0x00029aa5   Thumb Code     8  nrf_log_frontend.o(i.nrf_log_frontend_std_0)
    nrf_log_frontend_std_1                   0x00029aad   Thumb Code    14  nrf_log_frontend.o(i.nrf_log_frontend_std_1)
    nrf_log_frontend_std_2                   0x00029abb   Thumb Code    16  nrf_log_frontend.o(i.nrf_log_frontend_std_2)
    nrf_log_frontend_std_6                   0x00029acb   Thumb Code    28  nrf_log_frontend.o(i.nrf_log_frontend_std_6)
    nrf_log_hexdump_entry_process            0x00029ae9   Thumb Code   146  nrf_log_str_formatter.o(i.nrf_log_hexdump_entry_process)
    nrf_log_init                             0x00029b95   Thumb Code    46  nrf_log_frontend.o(i.nrf_log_init)
    nrf_log_module_cnt_get                   0x00029bd1   Thumb Code    10  nrf_log_frontend.o(i.nrf_log_module_cnt_get)
    nrf_log_module_name_get                  0x00029be5   Thumb Code    24  nrf_log_frontend.o(i.nrf_log_module_name_get)
    nrf_log_panic                            0x00029c01   Thumb Code    38  nrf_log_frontend.o(i.nrf_log_panic)
    nrf_log_std_entry_process                0x00029c2d   Thumb Code   182  nrf_log_str_formatter.o(i.nrf_log_std_entry_process)
    nrf_memobj_alloc                         0x00029ce3   Thumb Code    96  nrf_memobj.o(i.nrf_memobj_alloc)
    nrf_memobj_free                          0x00029d43   Thumb Code    50  nrf_memobj.o(i.nrf_memobj_free)
    nrf_memobj_get                           0x00029d75   Thumb Code     8  nrf_memobj.o(i.nrf_memobj_get)
    nrf_memobj_pool_init                     0x00029d7d   Thumb Code     4  nrf_memobj.o(i.nrf_memobj_pool_init)
    nrf_memobj_put                           0x00029d81   Thumb Code    30  nrf_memobj.o(i.nrf_memobj_put)
    nrf_memobj_read                          0x00029d9f   Thumb Code    16  nrf_memobj.o(i.nrf_memobj_read)
    nrf_memobj_write                         0x00029daf   Thumb Code    16  nrf_memobj.o(i.nrf_memobj_write)
    nrf_pwr_mgmt_init                        0x00029dc1   Thumb Code    28  nrf_pwr_mgmt.o(i.nrf_pwr_mgmt_init)
    nrf_pwr_mgmt_run                         0x00029de9   Thumb Code    64  nrf_pwr_mgmt.o(i.nrf_pwr_mgmt_run)
    nrf_pwr_mgmt_shutdown                    0x00029e2d   Thumb Code    54  nrf_pwr_mgmt.o(i.nrf_pwr_mgmt_shutdown)
    nrf_ringbuf_init                         0x00029e69   Thumb Code    28  nrf_ringbuf.o(i.nrf_ringbuf_init)
    nrf_sdh_ble_app_ram_start_get            0x00029e85   Thumb Code    16  nrf_sdh_ble.o(i.nrf_sdh_ble_app_ram_start_get)
    nrf_sdh_ble_default_cfg_set              0x00029e99   Thumb Code   272  nrf_sdh_ble.o(i.nrf_sdh_ble_default_cfg_set)
    nrf_sdh_ble_enable                       0x00029fc9   Thumb Code   116  nrf_sdh_ble.o(i.nrf_sdh_ble_enable)
    nrf_sdh_enable_request                   0x0002a159   Thumb Code   102  nrf_sdh.o(i.nrf_sdh_enable_request)
    nrf_sdh_evts_poll                        0x0002a1cd   Thumb Code    32  nrf_sdh.o(i.nrf_sdh_evts_poll)
    nrf_sdh_is_enabled                       0x0002a1f1   Thumb Code     6  nrf_sdh.o(i.nrf_sdh_is_enabled)
    nrf_section_iter_init                    0x0002a239   Thumb Code    10  nrf_section_iter.o(i.nrf_section_iter_init)
    nrf_section_iter_next                    0x0002a267   Thumb Code    32  nrf_section_iter.o(i.nrf_section_iter_next)
    nrf_strerror_find                        0x0002a289   Thumb Code    52  nrf_strerror.o(i.nrf_strerror_find)
    nrf_strerror_get                         0x0002a2c1   Thumb Code    14  nrf_strerror.o(i.nrf_strerror_get)
    nrfx_clock_enable                        0x0002a30d   Thumb Code    38  nrfx_clock.o(i.nrfx_clock_enable)
    nrfx_clock_init                          0x0002a33d   Thumb Code    26  nrfx_clock.o(i.nrfx_clock_init)
    nrfx_clock_lfclk_stop                    0x0002a35d   Thumb Code    20  nrfx_clock.o(i.nrfx_clock_lfclk_stop)
    nrfx_gpiote_in_event_enable              0x0002a389   Thumb Code   144  nrfx_gpiote.o(i.nrfx_gpiote_in_event_enable)
    nrfx_gpiote_in_init                      0x0002a421   Thumb Code   200  nrfx_gpiote.o(i.nrfx_gpiote_in_init)
    nrfx_gpiote_in_is_set                    0x0002a4f5   Thumb Code    14  nrfx_gpiote.o(i.nrfx_gpiote_in_is_set)
    nrfx_gpiote_init                         0x0002a505   Thumb Code   104  nrfx_gpiote.o(i.nrfx_gpiote_init)
    nrfx_gpiote_is_init                      0x0002a579   Thumb Code    14  nrfx_gpiote.o(i.nrfx_gpiote_is_init)
    nrfx_prs_acquire                         0x0002a59d   Thumb Code    58  nrfx_prs.o(i.nrfx_prs_acquire)
    nrfx_uart_0_irq_handler                  0x0002a5d9   Thumb Code     8  nrfx_uart.o(i.nrfx_uart_0_irq_handler)
    nrfx_uart_init                           0x0002a5e9   Thumb Code   200  nrfx_uart.o(i.nrfx_uart_init)
    nrfx_uart_rx                             0x0002a6bd   Thumb Code   230  nrfx_uart.o(i.nrfx_uart_rx)
    nrfx_uart_tx                             0x0002a7a9   Thumb Code   160  nrfx_uart.o(i.nrfx_uart_tx)
    nrfx_uart_tx_in_progress                 0x0002a84d   Thumb Code    26  nrfx_uart.o(i.nrfx_uart_tx_in_progress)
    nrfx_uarte_0_irq_handler                 0x0002a86d   Thumb Code     8  nrfx_uarte.o(i.nrfx_uarte_0_irq_handler)
    nrfx_uarte_init                          0x0002a87d   Thumb Code   100  nrfx_uarte.o(i.nrfx_uarte_init)
    nrfx_uarte_rx                            0x0002a8e9   Thumb Code   256  nrfx_uarte.o(i.nrfx_uarte_rx)
    nrfx_uarte_tx                            0x0002a9ed   Thumb Code   138  nrfx_uarte.o(i.nrfx_uarte_tx)
    nrfx_uarte_tx_in_progress                0x0002aa7d   Thumb Code    22  nrfx_uarte.o(i.nrfx_uarte_tx_in_progress)
    uart_event_handle                        0x0002b6ed   Thumb Code   118  main.o(i.uart_event_handle)
    nrf_log_backend_rtt_api                  0x0002bee8   Data          12  nrf_log_backend_rtt.o(.constdata)
    m_ram_start                              0x0002bf8c   Data           4  nrf_sdh_ble.o(.constdata)
    __ctype_table                            0x0002bfb8   Data         129  ctype_o.o(.constdata)
    Region$$Table$$Base                      0x0002c84c   Number         0  anon$$obj.o(Region$$Table)
    Region$$Table$$Limit                     0x0002c86c   Number         0  anon$$obj.o(Region$$Table)
    log_const_data$$Base                     0x0002c87c   Number         0  ble_db_discovery.o(log_const_data)
    m_nrf_log_ble_db_disc_logs_data_const    0x0002c87c   Data           8  ble_db_discovery.o(log_const_data)
    m_nrf_log_nrf_ble_gatt_logs_data_const   0x0002c884   Data           8  nrf_ble_gatt.o(log_const_data)
    m_nrf_log_ble_scan_logs_data_const       0x0002c88c   Data           8  nrf_ble_scan.o(log_const_data)
    m_nrf_log_ble_nus_c_logs_data_const      0x0002c894   Data           8  ble_nus_c.o(log_const_data)
    m_nrf_log_clock_logs_data_const          0x0002c89c   Data           8  nrf_drv_clock.o(log_const_data)
    m_nrf_log_CLOCK_logs_data_const          0x0002c8a4   Data           8  nrfx_clock.o(log_const_data)
    m_nrf_log_GPIOTE_logs_data_const         0x0002c8ac   Data           8  nrfx_gpiote.o(log_const_data)
    m_nrf_log_PRS_logs_data_const            0x0002c8b4   Data           8  nrfx_prs.o(log_const_data)
    m_nrf_log_UART_logs_data_const           0x0002c8bc   Data           8  nrfx_uart.o(log_const_data)
    m_nrf_log_UARTE_logs_data_const          0x0002c8c4   Data           8  nrfx_uarte.o(log_const_data)
    m_nrf_log_pwr_mgmt_logs_data_const       0x0002c8cc   Data           8  nrf_pwr_mgmt.o(log_const_data)
    m_nrf_log_app_logs_data_const            0x0002c8d4   Data           8  nrf_log_frontend.o(log_const_data)
    m_nrf_log_nrf_sdh_logs_data_const        0x0002c8dc   Data           8  nrf_sdh.o(log_const_data)
    m_nrf_log_nrf_sdh_ble_logs_data_const    0x0002c8e4   Data           8  nrf_sdh_ble.o(log_const_data)
    m_nrf_log_nrf_sdh_soc_logs_data_const    0x0002c8ec   Data           8  nrf_sdh_soc.o(log_const_data)
    log_const_data$$Limit                    0x0002c8f4   Number         0  nrf_sdh_soc.o(log_const_data)
    log_mempool                              0x0002c8f4   Data          20  nrf_log_frontend.o(nrf_balloc)
    pwr_mgmt_data1$$Base                     0x0002c908   Number         0  main.o(pwr_mgmt_data1)
    pwr_mgmt_data1$$Limit                    0x0002c90c   Number         0  main.o(pwr_mgmt_data1)
    sdh_ble_observers1$$Base                 0x0002c90c   Number         0  main.o(sdh_ble_observers1)
    sdh_ble_observers1$$Limit                0x0002c92c   Number         0  bsp_btn_ble.o(sdh_ble_observers1)
    sdh_ble_observers2$$Base                 0x0002c92c   Number         0  main.o(sdh_ble_observers2)
    sdh_ble_observers2$$Limit                0x0002c934   Number         0  main.o(sdh_ble_observers2)
    sdh_ble_observers3$$Base                 0x0002c934   Number         0  main.o(sdh_ble_observers3)
    sdh_ble_observers3$$Limit                0x0002c93c   Number         0  main.o(sdh_ble_observers3)
    sdh_soc_observers0$$Base                 0x0002c93c   Number         0  nrf_drv_clock.o(sdh_soc_observers0)
    sdh_soc_observers0$$Limit                0x0002c944   Number         0  nrf_drv_clock.o(sdh_soc_observers0)
    sdh_stack_observers0$$Base               0x0002c944   Number         0  nrf_sdh_ble.o(sdh_stack_observers0)
    sdh_stack_observers0$$Limit              0x0002c954   Number         0  nrf_sdh_soc.o(sdh_stack_observers0)
    sdh_state_observers0$$Base               0x0002c954   Number         0  nrf_drv_clock.o(sdh_state_observers0)
    sdh_state_observers0$$Limit              0x0002c95c   Number         0  nrf_drv_clock.o(sdh_state_observers0)
    Image$$RW_IRAM1$$Base                    0x200029e0   Number         0  anon$$obj.o ABSOLUTE
    nrf_drv_uart_use_easy_dma                0x20002cd8   Data           2  nrf_drv_uart.o(.data)
    __stdout                                 0x20002d58   Data           4  retarget.o(.data)
    SystemCoreClock                          0x20002dbc   Data           4  system_nrf52840.o(.data)
    nrf_nvic_state                           0x200036c8   Data          12  app_util_platform.o(.bss)
    _SEGGER_RTT                              0x20003c9c   Data         120  segger_rtt.o(.bss)
    __initial_sp                             0x20005f28   Data           0  arm_startup_nrf52840.o(STACK)



==============================================================================

Memory Map of the image

  Image Entry point : 0x00026201

  Load Region LR_IROM1 (Base: 0x00026000, Size: 0x00006d3c, Max: 0x000da000, ABSOLUTE, COMPRESSED[0x000069a0])

    Execution Region ER_IROM1 (Base: 0x00026000, Size: 0x0000695c, Max: 0x000da000, ABSOLUTE)

    Base Addr    Size         Type   Attr      Idx    E Section Name        Object

    0x00026000   0x00000200   Data   RO         4557    RESET               arm_startup_nrf52840.o
    0x00026200   0x00000000   Code   RO         4598  * .ARM.Collect$$$$00000000  mc_w.l(entry.o)
    0x00026200   0x00000004   Code   RO         4906    .ARM.Collect$$$$00000001  mc_w.l(entry2.o)
    0x00026204   0x00000004   Code   RO         4909    .ARM.Collect$$$$00000004  mc_w.l(entry5.o)
    0x00026208   0x00000000   Code   RO         4911    .ARM.Collect$$$$00000008  mc_w.l(entry7b.o)
    0x00026208   0x00000000   Code   RO         4913    .ARM.Collect$$$$0000000A  mc_w.l(entry8b.o)
    0x00026208   0x00000008   Code   RO         4914    .ARM.Collect$$$$0000000B  mc_w.l(entry9a.o)
    0x00026210   0x00000000   Code   RO         4916    .ARM.Collect$$$$0000000D  mc_w.l(entry10a.o)
    0x00026210   0x00000000   Code   RO         4918    .ARM.Collect$$$$0000000F  mc_w.l(entry11a.o)
    0x00026210   0x00000004   Code   RO         4907    .ARM.Collect$$$$00002712  mc_w.l(entry2.o)
    0x00026214   0x000000e2   Code   RO         3138    .emb_text           nrf_atomic.o
    0x000262f6   0x00000002   PAD
    0x000262f8   0x00000024   Code   RO         4558    .text               arm_startup_nrf52840.o
    0x0002631c   0x00000062   Code   RO         4601    .text               mc_w.l(uldiv.o)
    0x0002637e   0x0000001e   Code   RO         4603    .text               mc_w.l(llshl.o)
    0x0002639c   0x00000008   Code   RO         4605    .text               mc_w.l(ctype_o.o)
    0x000263a4   0x00000024   Code   RO         4633    .text               mc_w.l(memcpya.o)
    0x000263c8   0x00000024   Code   RO         4635    .text               mc_w.l(memseta.o)
    0x000263ec   0x0000000e   Code   RO         4637    .text               mc_w.l(strlen.o)
    0x000263fa   0x0000001a   Code   RO         4639    .text               mc_w.l(memcmp.o)
    0x00026414   0x00000012   Code   RO         4641    .text               mc_w.l(strcpy.o)
    0x00026426   0x0000002c   Code   RO         4920    .text               mc_w.l(uidiv.o)
    0x00026452   0x00000020   Code   RO         4922    .text               mc_w.l(llushr.o)
    0x00026472   0x00000002   PAD
    0x00026474   0x00000024   Code   RO         4935    .text               mc_w.l(init.o)
    0x00026498   0x00000056   Code   RO         4949    .text               mc_w.l(__dczerorl2.o)
    0x000264ee   0x00000002   PAD
    0x000264f0   0x000001b4   Code   RO         1675    i.GPIOTE_IRQHandler  nrfx_gpiote.o
    0x000266a4   0x00000016   Code   RO         2696    i.NVIC_ClearPendingIRQ  app_timer.o
    0x000266ba   0x00000016   Code   RO         2697    i.NVIC_EnableIRQ    app_timer.o
    0x000266d0   0x00000016   Code   RO         2698    i.NVIC_SetPendingIRQ  app_timer.o
    0x000266e6   0x00000020   Code   RO         2699    i.NVIC_SetPriority  app_timer.o
    0x00026706   0x00000002   PAD
    0x00026708   0x00000058   Code   RO         1540    i.POWER_CLOCK_IRQHandler  nrfx_clock.o
    0x00026760   0x00000024   Code   RO         2700    i.RTC1_IRQHandler   app_timer.o
    0x00026784   0x00000004   Code   RO         4097    i.SEGGER_RTT_Init   segger_rtt.o
    0x00026788   0x0000005c   Code   RO         4111    i.SEGGER_RTT_WriteNoLock  segger_rtt.o
    0x000267e4   0x00000004   Code   RO         2701    i.SWI0_EGU0_IRQHandler  app_timer.o
    0x000267e8   0x00000004   Code   RO         4348    i.SWI2_EGU2_IRQHandler  nrf_sdh.o
    0x000267ec   0x000001dc   Code   RO         4566    i.SystemInit        system_nrf52840.o
    0x000269c8   0x0000000c   Code   RO         1997    i.UARTE0_UART0_IRQHandler  nrfx_prs.o
    0x000269d4   0x00000068   Code   RO         4115    i._DoInit           segger_rtt.o
    0x00026a3c   0x00000016   Code   RO         4116    i._GetAvailWriteSpace  segger_rtt.o
    0x00026a52   0x0000005a   Code   RO         4118    i._WriteBlocking    segger_rtt.o
    0x00026aac   0x00000042   Code   RO         4119    i._WriteNoCheck     segger_rtt.o
    0x00026aee   0x00000002   PAD
    0x00026af0   0x00000020   Code   RO         4690    i.__0printf$1       mc_w.l(printf1.o)
    0x00026b10   0x0000000e   Code   RO         4943    i.__scatterload_copy  mc_w.l(handlers.o)
    0x00026b1e   0x00000002   Code   RO         4944    i.__scatterload_null  mc_w.l(handlers.o)
    0x00026b20   0x0000000e   Code   RO         4945    i.__scatterload_zeroinit  mc_w.l(handlers.o)
    0x00026b2e   0x00000002   PAD
    0x00026b30   0x00000024   Code   RO         4349    i.__sd_nvic_app_accessible_irq  nrf_sdh.o
    0x00026b54   0x00000154   Code   RO         4697    i._printf_core      mc_w.l(printf1.o)
    0x00026ca8   0x00000036   Code   RO          628    i.advertising_buttons_configure  bsp_btn_ble.o
    0x00026cde   0x00000006   Code   RO          511    i.alert_timer_handler  bsp.o
    0x00026ce4   0x00000024   Code   RO         2418    i.app_button_enable  app_button.o
    0x00026d08   0x00000078   Code   RO         2419    i.app_button_init   app_button.o
    0x00026d80   0x00000084   Code   RO         2538    i.app_error_fault_handler  app_error_weak.o
    0x00026e04   0x00000016   Code   RO         2482    i.app_error_handler_bare  app_error.o
    0x00026e1a   0x00000016   Code   RO         2573    i.app_fifo_get      app_fifo.o
    0x00026e30   0x00000020   Code   RO         2574    i.app_fifo_init     app_fifo.o
    0x00026e50   0x0000001a   Code   RO         2576    i.app_fifo_put      app_fifo.o
    0x00026e6a   0x00000002   PAD
    0x00026e6c   0x00000024   Code   RO         2704    i.app_timer_create  app_timer.o
    0x00026e90   0x00000054   Code   RO         2705    i.app_timer_init    app_timer.o
    0x00026ee4   0x00000088   Code   RO         2708    i.app_timer_start   app_timer.o
    0x00026f6c   0x00000020   Code   RO         2709    i.app_timer_stop    app_timer.o
    0x00026f8c   0x00000034   Code   RO         2871    i.app_uart_get      app_uart_fifo.o
    0x00026fc0   0x000000a4   Code   RO         2872    i.app_uart_init     app_uart_fifo.o
    0x00027064   0x00000054   Code   RO         2873    i.app_uart_put      app_uart_fifo.o
    0x000270b8   0x00000048   Code   RO         2952    i.app_util_critical_region_enter  app_util_platform.o
    0x00027100   0x00000034   Code   RO         2953    i.app_util_critical_region_exit  app_util_platform.o
    0x00027134   0x00000076   Code   RO         2051    i.apply_config      nrfx_uart.o
    0x000271aa   0x00000076   Code   RO         2252    i.apply_config      nrfx_uarte.o
    0x00027220   0x00000038   Code   RO          735    i.ble_advdata_search  ble_advdata.o
    0x00027258   0x000000b6   Code   RO          737    i.ble_advdata_uuid_find  ble_advdata.o
    0x0002730e   0x00000002   PAD
    0x00027310   0x00000040   Code   RO          848    i.ble_db_discovery_evt_register  ble_db_discovery.o
    0x00027350   0x0000001c   Code   RO          849    i.ble_db_discovery_init  ble_db_discovery.o
    0x0002736c   0x00000090   Code   RO          850    i.ble_db_discovery_on_ble_evt  ble_db_discovery.o
    0x000273fc   0x00000028   Code   RO          851    i.ble_db_discovery_start  ble_db_discovery.o
    0x00027424   0x00000120   Code   RO            5    i.ble_evt_handler   main.o
    0x00027544   0x00000070   Code   RO          629    i.ble_evt_handler   bsp_btn_ble.o
    0x000275b4   0x000000e8   Code   RO            6    i.ble_nus_c_evt_handler  main.o
    0x0002769c   0x0000001a   Code   RO         1258    i.ble_nus_c_handles_assign  ble_nus_c.o
    0x000276b6   0x00000002   PAD
    0x000276b8   0x0000004c   Code   RO         1259    i.ble_nus_c_init    ble_nus_c.o
    0x00027704   0x0000006c   Code   RO         1260    i.ble_nus_c_on_ble_evt  ble_nus_c.o
    0x00027770   0x00000080   Code   RO         1261    i.ble_nus_c_on_db_disc_evt  ble_nus_c.o
    0x000277f0   0x00000094   Code   RO         1262    i.ble_nus_c_string_send  ble_nus_c.o
    0x00027884   0x00000048   Code   RO         1263    i.ble_nus_c_tx_notif_enable  ble_nus_c.o
    0x000278cc   0x0000000c   Code   RO          373    i.bsp_board_button_idx_to_pin  boards.o
    0x000278d8   0x00000028   Code   RO          374    i.bsp_board_button_state_get  boards.o
    0x00027900   0x00000054   Code   RO          375    i.bsp_board_init    boards.o
    0x00027954   0x0000002c   Code   RO          377    i.bsp_board_led_invert  boards.o
    0x00027980   0x00000010   Code   RO          378    i.bsp_board_led_off  boards.o
    0x00027990   0x00000010   Code   RO          379    i.bsp_board_led_on  boards.o
    0x000279a0   0x00000028   Code   RO          380    i.bsp_board_led_state_get  boards.o
    0x000279c8   0x00000012   Code   RO          381    i.bsp_board_leds_off  boards.o
    0x000279da   0x00000012   Code   RO          382    i.bsp_board_leds_on  boards.o
    0x000279ec   0x00000024   Code   RO          383    i.bsp_board_pin_to_button_idx  boards.o
    0x00027a10   0x00000038   Code   RO          630    i.bsp_btn_ble_init  bsp_btn_ble.o
    0x00027a48   0x0000001e   Code   RO          631    i.bsp_btn_ble_sleep_mode_prepare  bsp_btn_ble.o
    0x00027a66   0x00000002   PAD
    0x00027a68   0x00000090   Code   RO          512    i.bsp_button_event_handler  bsp.o
    0x00027af8   0x0000000c   Code   RO          513    i.bsp_button_is_pressed  bsp.o
    0x00027b04   0x00000028   Code   RO            7    i.bsp_event_handler  main.o
    0x00027b2c   0x00000044   Code   RO          516    i.bsp_event_to_button_action_assign  bsp.o
    0x00027b70   0x00000018   Code   RO          517    i.bsp_indication_set  bsp.o
    0x00027b88   0x00000094   Code   RO          518    i.bsp_init          bsp.o
    0x00027c1c   0x000001c8   Code   RO          519    i.bsp_led_indication  bsp.o
    0x00027de4   0x00000006   Code   RO          521    i.bsp_wakeup_button_enable  bsp.o
    0x00027dea   0x00000002   PAD
    0x00027dec   0x00000090   Code   RO         3852    i.buf_prealloc      nrf_log_frontend.o
    0x00027e7c   0x0000001e   Code   RO         3353    i.buffer_add        nrf_fprintf_format.o
    0x00027e9a   0x00000002   PAD
    0x00027e9c   0x00000014   Code   RO         3853    i.buffer_is_empty   nrf_log_frontend.o
    0x00027eb0   0x00000008   Code   RO          522    i.button_timer_handler  bsp.o
    0x00027eb8   0x0000001c   Code   RO         1676    i.channel_free      nrfx_gpiote.o
    0x00027ed4   0x00000048   Code   RO         1677    i.channel_port_alloc  nrfx_gpiote.o
    0x00027f1c   0x00000010   Code   RO         1678    i.channel_port_get  nrfx_gpiote.o
    0x00027f2c   0x00000042   Code   RO          852    i.characteristics_discover  ble_db_discovery.o
    0x00027f6e   0x00000002   PAD
    0x00027f70   0x00000028   Code   RO         1339    i.clock_clk_started_notify  nrf_drv_clock.o
    0x00027f98   0x0000001c   Code   RO         1340    i.clock_irq_handler  nrf_drv_clock.o
    0x00027fb4   0x000000ac   Code   RO         2711    i.compare_reg_update  app_timer.o
    0x00028060   0x000000c0   Code   RO         1033    i.data_length_update  nrf_ble_gatt.o
    0x00028120   0x0000000c   Code   RO            8    i.db_disc_handler   main.o
    0x0002812c   0x0000008c   Code   RO          853    i.descriptors_discover  ble_db_discovery.o
    0x000281b8   0x00000098   Code   RO         2421    i.detection_delay_timeout_handler  app_button.o
    0x00028250   0x00000090   Code   RO          854    i.discovery_complete_evt_trigger  ble_db_discovery.o
    0x000282e0   0x0000003c   Code   RO          855    i.discovery_error_evt_trigger  ble_db_discovery.o
    0x0002831c   0x0000005c   Code   RO          856    i.discovery_start   ble_db_discovery.o
    0x00028378   0x00000014   Code   RO         3854    i.dropped_sat16_get  nrf_log_frontend.o
    0x0002838c   0x00000040   Code   RO         2712    i.elapsed_ticks_acquire  app_timer.o
    0x000283cc   0x00000014   Code   RO         2579    i.fifo_get          app_fifo.o
    0x000283e0   0x00000012   Code   RO         2580    i.fifo_put          app_fifo.o
    0x000283f2   0x0000000e   Code   RO         3676    i.fputc             retarget.o
    0x00028400   0x00000090   Code   RO            9    i.gatt_evt_handler  main.o
    0x00028490   0x00000030   Code   RO           10    i.gatt_init         main.o
    0x000284c0   0x00000084   Code   RO         2422    i.gpiote_event_handler  app_button.o
    0x00028544   0x000000a6   Code   RO         3354    i.int_print         nrf_fprintf_format.o
    0x000285ea   0x00000002   PAD
    0x000285ec   0x00000080   Code   RO         2253    i.interrupts_enable  nrfx_uarte.o
    0x0002866c   0x00000034   Code   RO         3855    i.invalid_packets_omit  nrf_log_frontend.o
    0x000286a0   0x0000004c   Code   RO          857    i.is_desc_discovery_reqd  ble_db_discovery.o
    0x000286ec   0x00000016   Code   RO         1135    i.is_whitelist_used  nrf_ble_scan.o
    0x00028702   0x00000002   PAD
    0x00028704   0x00000030   Code   RO          523    i.leds_off          bsp.o
    0x00028734   0x00000014   Code   RO          524    i.leds_timer_handler  bsp.o
    0x00028748   0x00000018   Code   RO         1034    i.link_init         nrf_ble_gatt.o
    0x00028760   0x000000f8   Code   RO         2713    i.list_insertions_handler  app_timer.o
    0x00028858   0x0000009c   Code   RO         3856    i.log_skip          nrf_log_frontend.o
    0x000288f4   0x00000160   Code   RO           11    i.main              main.o
    0x00028a54   0x0000007e   Code   RO         3393    i.memobj_op         nrf_memobj.o
    0x00028ad2   0x00000002   PAD
    0x00028ad4   0x00000030   Code   RO         3857    i.module_idx_get    nrf_log_frontend.o
    0x00028b04   0x00000006   Code   RO         3140    i.nrf_atomic_flag_clear_fetch  nrf_atomic.o
    0x00028b0a   0x00000006   Code   RO         3141    i.nrf_atomic_flag_set  nrf_atomic.o
    0x00028b10   0x0000000c   Code   RO         3143    i.nrf_atomic_u32_add  nrf_atomic.o
    0x00028b1c   0x0000000a   Code   RO         3147    i.nrf_atomic_u32_fetch_and  nrf_atomic.o
    0x00028b26   0x0000000a   Code   RO         3149    i.nrf_atomic_u32_fetch_store  nrf_atomic.o
    0x00028b30   0x0000000c   Code   RO         3153    i.nrf_atomic_u32_or  nrf_atomic.o
    0x00028b3c   0x0000000c   Code   RO         3155    i.nrf_atomic_u32_sub  nrf_atomic.o
    0x00028b48   0x00000044   Code   RO         3277    i.nrf_balloc_alloc  nrf_balloc.o
    0x00028b8c   0x00000030   Code   RO         3278    i.nrf_balloc_free   nrf_balloc.o
    0x00028bbc   0x00000030   Code   RO         3279    i.nrf_balloc_init   nrf_balloc.o
    0x00028bec   0x00000010   Code   RO         1679    i.nrf_bitmask_bit_is_set  nrfx_gpiote.o
    0x00028bfc   0x00000014   Code   RO         1680    i.nrf_bitmask_bit_set  nrfx_gpiote.o
    0x00028c10   0x00000018   Code   RO         1035    i.nrf_ble_gatt_att_mtu_central_set  nrf_ble_gatt.o
    0x00028c28   0x00000022   Code   RO         1040    i.nrf_ble_gatt_init  nrf_ble_gatt.o
    0x00028c4a   0x00000002   PAD
    0x00028c4c   0x00000150   Code   RO         1041    i.nrf_ble_gatt_on_ble_evt  nrf_ble_gatt.o
    0x00028d9c   0x0000004c   Code   RO         1137    i.nrf_ble_scan_connect_with_target  nrf_ble_scan.o
    0x00028de8   0x00000014   Code   RO         1139    i.nrf_ble_scan_default_conn_param_set  nrf_ble_scan.o
    0x00028dfc   0x0000001e   Code   RO         1140    i.nrf_ble_scan_default_param_set  nrf_ble_scan.o
    0x00028e1a   0x00000042   Code   RO         1142    i.nrf_ble_scan_filter_set  nrf_ble_scan.o
    0x00028e5c   0x0000000e   Code   RO         1143    i.nrf_ble_scan_filters_disable  nrf_ble_scan.o
    0x00028e6a   0x00000036   Code   RO         1144    i.nrf_ble_scan_filters_enable  nrf_ble_scan.o
    0x00028ea0   0x0000006a   Code   RO         1145    i.nrf_ble_scan_init  nrf_ble_scan.o
    0x00028f0a   0x000000fc   Code   RO         1146    i.nrf_ble_scan_on_adv_report  nrf_ble_scan.o
    0x00029006   0x000000ae   Code   RO         1147    i.nrf_ble_scan_on_ble_evt  nrf_ble_scan.o
    0x000290b4   0x00000088   Code   RO         1149    i.nrf_ble_scan_start  nrf_ble_scan.o
    0x0002913c   0x0000000e   Code   RO         1541    i.nrf_clock_event_check  nrfx_clock.o
    0x0002914a   0x00000010   Code   RO         1542    i.nrf_clock_event_clear  nrfx_clock.o
    0x0002915a   0x00000002   PAD
    0x0002915c   0x00000038   Code   RO         1347    i.nrf_drv_clock_init  nrf_drv_clock.o
    0x00029194   0x00000030   Code   RO         1351    i.nrf_drv_clock_lfclk_release  nrf_drv_clock.o
    0x000291c4   0x00000068   Code   RO         1488    i.nrf_drv_uart_init  nrf_drv_uart.o
    0x0002922c   0x00000020   Code   RO         2874    i.nrf_drv_uart_rx   app_uart_fifo.o
    0x0002924c   0x00000020   Code   RO         2875    i.nrf_drv_uart_tx   app_uart_fifo.o
    0x0002926c   0x0000001a   Code   RO         3314    i.nrf_fprintf       nrf_fprintf.o
    0x00029286   0x00000018   Code   RO         3315    i.nrf_fprintf_buffer_flush  nrf_fprintf.o
    0x0002929e   0x000001da   Code   RO         3355    i.nrf_fprintf_fmt   nrf_fprintf_format.o
    0x00029478   0x00000032   Code   RO          385    i.nrf_gpio_cfg      boards.o
    0x000294aa   0x00000032   Code   RO         1681    i.nrf_gpio_cfg      nrfx_gpiote.o
    0x000294dc   0x00000032   Code   RO         2052    i.nrf_gpio_cfg      nrfx_uart.o
    0x0002950e   0x00000032   Code   RO         2254    i.nrf_gpio_cfg      nrfx_uarte.o
    0x00029540   0x00000012   Code   RO         2054    i.nrf_gpio_cfg_input  nrfx_uart.o
    0x00029552   0x00000012   Code   RO         2256    i.nrf_gpio_cfg_input  nrfx_uarte.o
    0x00029564   0x00000014   Code   RO         2055    i.nrf_gpio_cfg_output  nrfx_uart.o
    0x00029578   0x00000014   Code   RO         2257    i.nrf_gpio_cfg_output  nrfx_uarte.o
    0x0002958c   0x00000030   Code   RO         1683    i.nrf_gpio_cfg_sense_set  nrfx_gpiote.o
    0x000295bc   0x0000001c   Code   RO          386    i.nrf_gpio_pin_port_decode  boards.o
    0x000295d8   0x0000001c   Code   RO         1685    i.nrf_gpio_pin_port_decode  nrfx_gpiote.o
    0x000295f4   0x0000001c   Code   RO         2056    i.nrf_gpio_pin_port_decode  nrfx_uart.o
    0x00029610   0x0000001c   Code   RO         2258    i.nrf_gpio_pin_port_decode  nrfx_uarte.o
    0x0002962c   0x00000016   Code   RO         1686    i.nrf_gpio_pin_read  nrfx_gpiote.o
    0x00029642   0x00000014   Code   RO         2057    i.nrf_gpio_pin_set  nrfx_uart.o
    0x00029656   0x00000014   Code   RO         2259    i.nrf_gpio_pin_set  nrfx_uarte.o
    0x0002966a   0x00000026   Code   RO          387    i.nrf_gpio_pin_write  boards.o
    0x00029690   0x0000002c   Code   RO         1688    i.nrf_gpio_ports_read  nrfx_gpiote.o
    0x000296bc   0x00000014   Code   RO         1689    i.nrf_gpiote_event_clear  nrfx_gpiote.o
    0x000296d0   0x00000010   Code   RO         1690    i.nrf_gpiote_event_is_set  nrfx_gpiote.o
    0x000296e0   0x0000005c   Code   RO         3858    i.nrf_log_backend_add  nrf_log_frontend.o
    0x0002973c   0x00000002   Code   RO         3713    i.nrf_log_backend_rtt_flush  nrf_log_backend_rtt.o
    0x0002973e   0x00000004   Code   RO         3714    i.nrf_log_backend_rtt_init  nrf_log_backend_rtt.o
    0x00029742   0x00000002   Code   RO         3715    i.nrf_log_backend_rtt_panic_set  nrf_log_backend_rtt.o
    0x00029744   0x00000018   Code   RO         3716    i.nrf_log_backend_rtt_put  nrf_log_backend_rtt.o
    0x0002975c   0x000000c8   Code   RO         3782    i.nrf_log_backend_serial_put  nrf_log_backend_serial.o
    0x00029824   0x00000030   Code   RO         3860    i.nrf_log_color_id_get  nrf_log_frontend.o
    0x00029854   0x0000001c   Code   RO         3816    i.nrf_log_default_backends_init  nrf_log_default_backends.o
    0x00029870   0x00000234   Code   RO         3861    i.nrf_log_frontend_dequeue  nrf_log_frontend.o
    0x00029aa4   0x00000008   Code   RO         3863    i.nrf_log_frontend_std_0  nrf_log_frontend.o
    0x00029aac   0x0000000e   Code   RO         3864    i.nrf_log_frontend_std_1  nrf_log_frontend.o
    0x00029aba   0x00000010   Code   RO         3865    i.nrf_log_frontend_std_2  nrf_log_frontend.o
    0x00029aca   0x0000001c   Code   RO         3869    i.nrf_log_frontend_std_6  nrf_log_frontend.o
    0x00029ae6   0x00000002   PAD
    0x00029ae8   0x000000ac   Code   RO         4038    i.nrf_log_hexdump_entry_process  nrf_log_str_formatter.o
    0x00029b94   0x0000003c   Code   RO         3870    i.nrf_log_init      nrf_log_frontend.o
    0x00029bd0   0x00000014   Code   RO         3871    i.nrf_log_module_cnt_get  nrf_log_frontend.o
    0x00029be4   0x0000001c   Code   RO         3874    i.nrf_log_module_name_get  nrf_log_frontend.o
    0x00029c00   0x0000002c   Code   RO         3875    i.nrf_log_panic     nrf_log_frontend.o
    0x00029c2c   0x000000b6   Code   RO         4039    i.nrf_log_std_entry_process  nrf_log_str_formatter.o
    0x00029ce2   0x00000060   Code   RO         3394    i.nrf_memobj_alloc  nrf_memobj.o
    0x00029d42   0x00000032   Code   RO         3395    i.nrf_memobj_free   nrf_memobj.o
    0x00029d74   0x00000008   Code   RO         3396    i.nrf_memobj_get    nrf_memobj.o
    0x00029d7c   0x00000004   Code   RO         3397    i.nrf_memobj_pool_init  nrf_memobj.o
    0x00029d80   0x0000001e   Code   RO         3398    i.nrf_memobj_put    nrf_memobj.o
    0x00029d9e   0x00000010   Code   RO         3399    i.nrf_memobj_read   nrf_memobj.o
    0x00029dae   0x00000010   Code   RO         3400    i.nrf_memobj_write  nrf_memobj.o
    0x00029dbe   0x00000002   PAD
    0x00029dc0   0x00000028   Code   RO         3472    i.nrf_pwr_mgmt_init  nrf_pwr_mgmt.o
    0x00029de8   0x00000044   Code   RO         3473    i.nrf_pwr_mgmt_run  nrf_pwr_mgmt.o
    0x00029e2c   0x0000003c   Code   RO         3474    i.nrf_pwr_mgmt_shutdown  nrf_pwr_mgmt.o
    0x00029e68   0x0000001c   Code   RO         3549    i.nrf_ringbuf_init  nrf_ringbuf.o
    0x00029e84   0x00000014   Code   RO         4469    i.nrf_sdh_ble_app_ram_start_get  nrf_sdh_ble.o
    0x00029e98   0x00000130   Code   RO         4470    i.nrf_sdh_ble_default_cfg_set  nrf_sdh_ble.o
    0x00029fc8   0x00000130   Code   RO         4471    i.nrf_sdh_ble_enable  nrf_sdh_ble.o
    0x0002a0f8   0x00000060   Code   RO         4472    i.nrf_sdh_ble_evts_poll  nrf_sdh_ble.o
    0x0002a158   0x00000074   Code   RO         4351    i.nrf_sdh_enable_request  nrf_sdh.o
    0x0002a1cc   0x00000024   Code   RO         4352    i.nrf_sdh_evts_poll  nrf_sdh.o
    0x0002a1f0   0x0000000c   Code   RO         4353    i.nrf_sdh_is_enabled  nrf_sdh.o
    0x0002a1fc   0x0000003c   Code   RO         4523    i.nrf_sdh_soc_evts_poll  nrf_sdh_soc.o
    0x0002a238   0x0000000a   Code   RO         3607    i.nrf_section_iter_init  nrf_section_iter.o
    0x0002a242   0x00000024   Code   RO         3608    i.nrf_section_iter_item_set  nrf_section_iter.o
    0x0002a266   0x00000020   Code   RO         3609    i.nrf_section_iter_next  nrf_section_iter.o
    0x0002a286   0x00000002   PAD
    0x0002a288   0x00000038   Code   RO         3642    i.nrf_strerror_find  nrf_strerror.o
    0x0002a2c0   0x00000014   Code   RO         3643    i.nrf_strerror_get  nrf_strerror.o
    0x0002a2d4   0x0000000a   Code   RO         2058    i.nrf_uart_event_check  nrfx_uart.o
    0x0002a2de   0x0000000c   Code   RO         2059    i.nrf_uart_event_clear  nrfx_uart.o
    0x0002a2ea   0x0000000c   Code   RO         2060    i.nrf_uart_int_enable_check  nrfx_uart.o
    0x0002a2f6   0x0000000a   Code   RO         2260    i.nrf_uarte_event_check  nrfx_uarte.o
    0x0002a300   0x0000000c   Code   RO         2261    i.nrf_uarte_event_clear  nrfx_uarte.o
    0x0002a30c   0x00000030   Code   RO         1547    i.nrfx_clock_enable  nrfx_clock.o
    0x0002a33c   0x00000020   Code   RO         1550    i.nrfx_clock_init   nrfx_clock.o
    0x0002a35c   0x0000001c   Code   RO         1553    i.nrfx_clock_lfclk_stop  nrfx_clock.o
    0x0002a378   0x00000010   Code   RO         2714    i.nrfx_coredep_delay_us  app_timer.o
    0x0002a388   0x00000098   Code   RO         1695    i.nrfx_gpiote_in_event_enable  nrfx_gpiote.o
    0x0002a420   0x000000d4   Code   RO         1696    i.nrfx_gpiote_in_init  nrfx_gpiote.o
    0x0002a4f4   0x0000000e   Code   RO         1697    i.nrfx_gpiote_in_is_set  nrfx_gpiote.o
    0x0002a502   0x00000002   PAD
    0x0002a504   0x00000074   Code   RO         1699    i.nrfx_gpiote_init  nrfx_gpiote.o
    0x0002a578   0x00000014   Code   RO         1700    i.nrfx_gpiote_is_init  nrfx_gpiote.o
    0x0002a58c   0x00000010   Code   RO         2262    i.nrfx_is_in_ram    nrfx_uarte.o
    0x0002a59c   0x0000003a   Code   RO         1998    i.nrfx_prs_acquire  nrfx_prs.o
    0x0002a5d6   0x00000002   PAD
    0x0002a5d8   0x00000010   Code   RO         2061    i.nrfx_uart_0_irq_handler  nrfx_uart.o
    0x0002a5e8   0x000000d4   Code   RO         2063    i.nrfx_uart_init    nrfx_uart.o
    0x0002a6bc   0x000000ec   Code   RO         2064    i.nrfx_uart_rx      nrfx_uart.o
    0x0002a7a8   0x000000a4   Code   RO         2069    i.nrfx_uart_tx      nrfx_uart.o
    0x0002a84c   0x00000020   Code   RO         2071    i.nrfx_uart_tx_in_progress  nrfx_uart.o
    0x0002a86c   0x00000010   Code   RO         2263    i.nrfx_uarte_0_irq_handler  nrfx_uarte.o
    0x0002a87c   0x0000006c   Code   RO         2265    i.nrfx_uarte_init   nrfx_uarte.o
    0x0002a8e8   0x00000104   Code   RO         2266    i.nrfx_uarte_rx     nrfx_uarte.o
    0x0002a9ec   0x00000090   Code   RO         2269    i.nrfx_uarte_tx     nrfx_uarte.o
    0x0002aa7c   0x0000001c   Code   RO         2271    i.nrfx_uarte_tx_in_progress  nrfx_uarte.o
    0x0002aa98   0x00000150   Code   RO          858    i.on_characteristic_discovery_rsp  ble_db_discovery.o
    0x0002abe8   0x000000a8   Code   RO         1042    i.on_connected_evt  nrf_ble_gatt.o
    0x0002ac90   0x000000f0   Code   RO          859    i.on_descriptor_discovery_rsp  ble_db_discovery.o
    0x0002ad80   0x000000ac   Code   RO         1043    i.on_exchange_mtu_request_evt  nrf_ble_gatt.o
    0x0002ae2c   0x0000006c   Code   RO          860    i.on_primary_srv_discovery_rsp  ble_db_discovery.o
    0x0002ae98   0x0000007c   Code   RO          861    i.on_srv_disc_completion  ble_db_discovery.o
    0x0002af14   0x00000018   Code   RO         1716    i.pin_in_use_by_port  nrfx_gpiote.o
    0x0002af2c   0x00000018   Code   RO         1717    i.pin_in_use_by_te  nrfx_gpiote.o
    0x0002af44   0x0000003c   Code   RO         4041    i.postfix_process   nrf_log_str_formatter.o
    0x0002af80   0x00000098   Code   RO         4042    i.prefix_process    nrf_log_str_formatter.o
    0x0002b018   0x00000018   Code   RO         2000    i.prs_box_get       nrfx_prs.o
    0x0002b030   0x00000038   Code   RO          862    i.registered_handler_get  ble_db_discovery.o
    0x0002b068   0x0000003c   Code   RO         2715    i.rtc1_stop         app_timer.o
    0x0002b0a4   0x00000032   Code   RO         2073    i.rx_byte           nrfx_uart.o
    0x0002b0d6   0x00000016   Code   RO         2074    i.rx_done_event     nrfx_uart.o
    0x0002b0ec   0x00000018   Code   RO         2273    i.rx_done_event     nrfx_uarte.o
    0x0002b104   0x00000020   Code   RO         2075    i.rx_enable         nrfx_uart.o
    0x0002b124   0x000000a0   Code   RO           12    i.scan_evt_handler  main.o
    0x0002b1c4   0x00000058   Code   RO           13    i.scan_init         main.o
    0x0002b21c   0x00000028   Code   RO           14    i.scan_start        main.o
    0x0002b244   0x00000050   Code   RO         1354    i.sd_state_evt_handler  nrf_drv_clock.o
    0x0002b294   0x00000030   Code   RO         4358    i.sdh_request_observer_notify  nrf_sdh.o
    0x0002b2c4   0x0000002c   Code   RO         4359    i.sdh_state_observer_notify  nrf_sdh.o
    0x0002b2f0   0x00000050   Code   RO         3717    i.serial_tx         nrf_log_backend_rtt.o
    0x0002b340   0x00000020   Code   RO           15    i.shutdown_handler  main.o
    0x0002b360   0x0000007c   Code   RO         3475    i.shutdown_process  nrf_pwr_mgmt.o
    0x0002b3dc   0x00000018   Code   RO         1355    i.soc_evt_handler   nrf_drv_clock.o
    0x0002b3f4   0x00000058   Code   RO         4361    i.softdevices_evt_irq_enable  nrf_sdh.o
    0x0002b44c   0x0000008c   Code   RO         3877    i.std_n             nrf_log_frontend.o
    0x0002b4d8   0x00000080   Code   RO         2716    i.timer_list_handler  app_timer.o
    0x0002b558   0x0000003c   Code   RO         2717    i.timer_list_insert  app_timer.o
    0x0002b594   0x00000060   Code   RO         2718    i.timer_list_remove  app_timer.o
    0x0002b5f4   0x00000048   Code   RO         2719    i.timer_stop_op_schedule  app_timer.o
    0x0002b63c   0x00000074   Code   RO         2720    i.timer_timeouts_check  app_timer.o
    0x0002b6b0   0x00000020   Code   RO         2076    i.tx_byte           nrfx_uart.o
    0x0002b6d0   0x0000001a   Code   RO         2077    i.tx_done_event     nrfx_uart.o
    0x0002b6ea   0x00000002   PAD
    0x0002b6ec   0x000000e8   Code   RO           16    i.uart_event_handle  main.o
    0x0002b7d4   0x000000a0   Code   RO         2876    i.uart_event_handler  app_uart_fifo.o
    0x0002b874   0x00000030   Code   RO         1489    i.uart_evt_handler  nrf_drv_uart.o
    0x0002b8a4   0x00000128   Code   RO         2078    i.uart_irq_handler  nrfx_uart.o
    0x0002b9cc   0x00000030   Code   RO         1490    i.uarte_evt_handler  nrf_drv_uart.o
    0x0002b9fc   0x000000f4   Code   RO         2274    i.uarte_irq_handler  nrfx_uarte.o
    0x0002baf0   0x000000b4   Code   RO         3356    i.unsigned_print    nrf_fprintf_format.o
    0x0002bba4   0x00000030   Code   RO         2721    i.user_op_alloc     app_timer.o
    0x0002bbd4   0x0000004c   Code   RO          525    i.wakeup_button_cfg  bsp.o
    0x0002bc20   0x0000001c   Data   RO           18    .constdata          main.o
    0x0002bc3c   0x00000008   Data   RO          388    .constdata          boards.o
    0x0002bc44   0x0000002c   Data   RO          530    .constdata          bsp.o
    0x0002bc70   0x0000007c   Data   RO          864    .constdata          ble_db_discovery.o
    0x0002bcec   0x00000016   Data   RO         1044    .constdata          nrf_ble_gatt.o
    0x0002bd02   0x00000002   PAD
    0x0002bd04   0x00000028   Data   RO         1264    .constdata          ble_nus_c.o
    0x0002bd2c   0x00000008   Data   RO         1719    .constdata          nrfx_gpiote.o
    0x0002bd34   0x00000004   Data   RO         2081    .constdata          nrfx_uart.o
    0x0002bd38   0x00000004   Data   RO         2277    .constdata          nrfx_uarte.o
    0x0002bd3c   0x00000008   Data   RO         2424    .constdata          app_button.o
    0x0002bd44   0x0000000c   PAD
    0x0002bd50   0x00000006   Data   RO         2723    .constdata          app_timer.o
    0x0002bd56   0x00000002   PAD
    0x0002bd58   0x00000020   Data   RO         2878    .constdata          app_uart_fifo.o
    0x0002bd78   0x00000010   Data   RO         3357    .constdata          nrf_fprintf_format.o
    0x0002bd88   0x00000018   Data   RO         3477    .constdata          nrf_pwr_mgmt.o
    0x0002bda0   0x0000000c   Data   RO         3478    .constdata          nrf_pwr_mgmt.o
    0x0002bdac   0x0000013c   Data   RO         3644    .constdata          nrf_strerror.o
    0x0002bee8   0x0000000c   Data   RO         3719    .constdata          nrf_log_backend_rtt.o
    0x0002bef4   0x0000000c   PAD
    0x0002bf00   0x00000006   Data   RO         3720    .constdata          nrf_log_backend_rtt.o
    0x0002bf06   0x00000002   PAD
    0x0002bf08   0x0000000c   Data   RO         3882    .constdata          nrf_log_frontend.o
    0x0002bf14   0x00000010   Data   RO         4362    .constdata          nrf_sdh.o
    0x0002bf24   0x00000028   Data   RO         4363    .constdata          nrf_sdh.o
    0x0002bf4c   0x00000010   Data   RO         4364    .constdata          nrf_sdh.o
    0x0002bf5c   0x00000010   Data   RO         4365    .constdata          nrf_sdh.o
    0x0002bf6c   0x00000020   Data   RO         4473    .constdata          nrf_sdh_ble.o
    0x0002bf8c   0x00000010   Data   RO         4474    .constdata          nrf_sdh_ble.o
    0x0002bf9c   0x00000010   Data   RO         4524    .constdata          nrf_sdh_soc.o
    0x0002bfac   0x0000000c   Data   RO         4525    .constdata          nrf_sdh_soc.o
    0x0002bfb8   0x00000081   Data   RO         4606    .constdata          mc_w.l(ctype_o.o)
    0x0002c039   0x00000003   PAD
    0x0002c03c   0x00000004   Data   RO         4607    .constdata          mc_w.l(ctype_o.o)
    0x0002c040   0x000000a2   Data   RO          865    .conststring        ble_db_discovery.o
    0x0002c0e2   0x00000002   PAD
    0x0002c0e4   0x000000a2   Data   RO         1045    .conststring        nrf_ble_gatt.o
    0x0002c186   0x00000002   PAD
    0x0002c188   0x000003eb   Data   RO         3645    .conststring        nrf_strerror.o
    0x0002c573   0x00000001   PAD
    0x0002c574   0x00000066   Data   RO         4043    .conststring        nrf_log_str_formatter.o
    0x0002c5da   0x00000002   PAD
    0x0002c5dc   0x000001cf   Data   RO         4475    .conststring        nrf_sdh_ble.o
    0x0002c7ab   0x00000001   PAD
    0x0002c7ac   0x0000000c   Data   RO          866    .conststrlit        ble_db_discovery.o
    0x0002c7b8   0x0000000d   Data   RO         1046    .conststrlit        nrf_ble_gatt.o
    0x0002c7c5   0x00000003   PAD
    0x0002c7c8   0x00000009   Data   RO         1151    .conststrlit        nrf_ble_scan.o
    0x0002c7d1   0x00000003   PAD
    0x0002c7d4   0x0000000a   Data   RO         1265    .conststrlit        ble_nus_c.o
    0x0002c7de   0x00000002   PAD
    0x0002c7e0   0x00000006   Data   RO         1361    .conststrlit        nrf_drv_clock.o
    0x0002c7e6   0x00000002   PAD
    0x0002c7e8   0x00000006   Data   RO         1557    .conststrlit        nrfx_clock.o
    0x0002c7ee   0x00000002   PAD
    0x0002c7f0   0x00000007   Data   RO         1723    .conststrlit        nrfx_gpiote.o
    0x0002c7f7   0x00000001   PAD
    0x0002c7f8   0x00000004   Data   RO         2002    .conststrlit        nrfx_prs.o
    0x0002c7fc   0x00000005   Data   RO         2084    .conststrlit        nrfx_uart.o
    0x0002c801   0x00000003   PAD
    0x0002c804   0x00000006   Data   RO         2280    .conststrlit        nrfx_uarte.o
    0x0002c80a   0x00000002   PAD
    0x0002c80c   0x00000009   Data   RO         3479    .conststrlit        nrf_pwr_mgmt.o
    0x0002c815   0x00000003   PAD
    0x0002c818   0x00000010   Data   RO         3817    .conststrlit        nrf_log_default_backends.o
    0x0002c828   0x00000004   Data   RO         3883    .conststrlit        nrf_log_frontend.o
    0x0002c82c   0x00000008   Data   RO         4366    .conststrlit        nrf_sdh.o
    0x0002c834   0x0000000c   Data   RO         4476    .conststrlit        nrf_sdh_ble.o
    0x0002c840   0x0000000c   Data   RO         4526    .conststrlit        nrf_sdh_soc.o
    0x0002c84c   0x00000020   Data   RO         4941    Region$$Table       anon$$obj.o
    0x0002c86c   0x00000010   Data   RO         3819    log_backends        nrf_log_default_backends.o
    0x0002c87c   0x00000008   Data   RO          868    log_const_data      ble_db_discovery.o
    0x0002c884   0x00000008   Data   RO         1047    log_const_data      nrf_ble_gatt.o
    0x0002c88c   0x00000008   Data   RO         1152    log_const_data      nrf_ble_scan.o
    0x0002c894   0x00000008   Data   RO         1266    log_const_data      ble_nus_c.o
    0x0002c89c   0x00000008   Data   RO         1362    log_const_data      nrf_drv_clock.o
    0x0002c8a4   0x00000008   Data   RO         1559    log_const_data      nrfx_clock.o
    0x0002c8ac   0x00000008   Data   RO         1724    log_const_data      nrfx_gpiote.o
    0x0002c8b4   0x00000008   Data   RO         2004    log_const_data      nrfx_prs.o
    0x0002c8bc   0x00000008   Data   RO         2085    log_const_data      nrfx_uart.o
    0x0002c8c4   0x00000008   Data   RO         2281    log_const_data      nrfx_uarte.o
    0x0002c8cc   0x00000008   Data   RO         3481    log_const_data      nrf_pwr_mgmt.o
    0x0002c8d4   0x00000008   Data   RO         3886    log_const_data      nrf_log_frontend.o
    0x0002c8dc   0x00000008   Data   RO         4368    log_const_data      nrf_sdh.o
    0x0002c8e4   0x00000008   Data   RO         4478    log_const_data      nrf_sdh_ble.o
    0x0002c8ec   0x00000008   Data   RO         4527    log_const_data      nrf_sdh_soc.o
    0x0002c8f4   0x00000014   Data   RO         3887    nrf_balloc          nrf_log_frontend.o
    0x0002c908   0x00000004   Data   RO           20    pwr_mgmt_data1      main.o
    0x0002c90c   0x00000018   Data   RO           21    sdh_ble_observers1  main.o
    0x0002c924   0x00000008   Data   RO          633    sdh_ble_observers1  bsp_btn_ble.o
    0x0002c92c   0x00000008   Data   RO           22    sdh_ble_observers2  main.o
    0x0002c934   0x00000008   Data   RO           23    sdh_ble_observers3  main.o
    0x0002c93c   0x00000008   Data   RO         1363    sdh_soc_observers0  nrf_drv_clock.o
    0x0002c944   0x00000008   Data   RO         4479    sdh_stack_observers0  nrf_sdh_ble.o
    0x0002c94c   0x00000008   Data   RO         4528    sdh_stack_observers0  nrf_sdh_soc.o
    0x0002c954   0x00000008   Data   RO         1364    sdh_state_observers0  nrf_drv_clock.o


    Execution Region RW_IRAM1 (Base: 0x200029e0, Size: 0x00003548, Max: 0x0003d620, ABSOLUTE, COMPRESSED[0x00000044])

    Base Addr    Size         Type   Attr      Idx    E Section Name        Object

    0x200029e0   0x000002d0   Data   RW           19    .data               main.o
    0x20002cb0   0x00000010   Data   RW          531    .data               bsp.o
    0x20002cc0   0x00000008   Data   RW          632    .data               bsp_btn_ble.o
    0x20002cc8   0x00000010   Data   RW          867    .data               ble_db_discovery.o
    0x20002cd8   0x00000014   Data   RW         1491    .data               nrf_drv_uart.o
    0x20002cec   0x00000008   Data   RW         1558    .data               nrfx_clock.o
    0x20002cf4   0x00000008   Data   RW         2003    .data               nrfx_prs.o
    0x20002cfc   0x00000004   PAD
    0x20002d00   0x00000020   Data   RW         2425    .data               app_button.o
    0x20002d20   0x00000014   Data   RW         2724    .data               app_timer.o
    0x20002d34   0x0000001c   Data   RW         2879    .data               app_uart_fifo.o
    0x20002d50   0x00000008   Data   RW         3480    .data               nrf_pwr_mgmt.o
    0x20002d58   0x00000004   Data   RW         3677    .data               retarget.o
    0x20002d5c   0x00000001   Data   RW         3721    .data               nrf_log_backend_rtt.o
    0x20002d5d   0x00000003   PAD
    0x20002d60   0x00000008   Data   RW         3818    .data               nrf_log_default_backends.o
    0x20002d68   0x00000008   Data   RW         3884    .data               nrf_log_frontend.o
    0x20002d70   0x00000008   Data   RW         3885    .data               nrf_log_frontend.o
    0x20002d78   0x00000040   Data   RW         4044    .data               nrf_log_str_formatter.o
    0x20002db8   0x00000003   Data   RW         4367    .data               nrf_sdh.o
    0x20002dbb   0x00000001   Data   RW         4477    .data               nrf_sdh_ble.o
    0x20002dbc   0x00000004   Data   RW         4567    .data               system_nrf52840.o
    0x20002dc0   0x00000368   Zero   RW           17    .bss                main.o
    0x20003128   0x00000020   Zero   RW          526    .bss                bsp.o
    0x20003148   0x00000020   Zero   RW          527    .bss                bsp.o
    0x20003168   0x0000000c   Zero   RW          528    .bss                bsp.o
    0x20003174   0x00000020   Zero   RW          529    .bss                bsp.o
    0x20003194   0x00000318   Zero   RW          863    .bss                ble_db_discovery.o
    0x200034ac   0x00000014   Zero   RW         1356    .bss                nrf_drv_clock.o
    0x200034c0   0x0000006c   Zero   RW         1718    .bss                nrfx_gpiote.o
    0x2000352c   0x0000002c   Zero   RW         2079    .bss                nrfx_uart.o
    0x20003558   0x00000024   Zero   RW         2275    .bss                nrfx_uarte.o
    0x2000357c   0x00000020   Zero   RW         2423    .bss                app_button.o
    0x2000359c   0x0000010c   Zero   RW         2722    .bss                app_timer.o
    0x200036a8   0x00000020   Zero   RW         2877    .bss                app_uart_fifo.o
    0x200036c8   0x0000000c   Zero   RW         2958    .bss                app_util_platform.o
    0x200036d4   0x0000000c   Zero   RW         3476    .bss                nrf_pwr_mgmt.o
    0x200036e0   0x00000040   Zero   RW         3718    .bss                nrf_log_backend_rtt.o
    0x20003720   0x000000c0   Zero   RW         3878    .bss                nrf_log_frontend.o
    0x200037e0   0x00000080   Zero   RW         3879    .bss                nrf_log_frontend.o
    0x20003860   0x00000018   Zero   RW         3880    .bss                nrf_log_frontend.o
    0x20003878   0x00000424   Zero   RW         3881    .bss                nrf_log_frontend.o
    0x20003c9c   0x00000288   Zero   RW         4120    .bss                segger_rtt.o
    0x20003f24   0x00000004   PAD
    0x20003f28   0x00002000   Zero   RW         4555    STACK               arm_startup_nrf52840.o


==============================================================================

Image component sizes


      Code (inc. data)   RO Data    RW Data    ZI Data      Debug   Object Name

       440         36          8         32         32      12550   app_button.o
        22          0          0          0          0       2377   app_error.o
       132         46          0          0          0      30517   app_error_weak.o
       118          0          0          0          0       4554   app_fifo.o
      1506        118          6         20        268      46215   app_timer.o
       524         60         32         28         32      20382   app_uart_fifo.o
       124         14          0          0         12       8922   app_util_platform.o
        36          8        512          0       8192        908   arm_startup_nrf52840.o
       238          0          0          0          0      43707   ble_advdata.o
      1718         94        306         16        792      16727   ble_db_discovery.o
       558         72         58          0          0      18184   ble_nus_c.o
       440         46          8          0          0      52955   boards.o
      1016         90         44         16        108      14391   bsp.o
       252         10          8          8          0       4572   bsp_btn_ble.o
      1668        632         72        720        872     133399   main.o
       294          0          0          0          0       7347   nrf_atomic.o
       164          0          0          0          0       3432   nrf_balloc.o
       950        272        205          0          0      36182   nrf_ble_gatt.o
       950         44         17          0          0      11311   nrf_ble_scan.o
       276         34         30          0         20      37280   nrf_drv_clock.o
       200         26          0         20          0      17420   nrf_drv_uart.o
        50          0          0          0          0       3361   nrf_fprintf.o
       850          4         16          0          0       4562   nrf_fprintf_format.o
       112         18         18          1         64       5761   nrf_log_backend_rtt.o
       200          0          0          0          0      10601   nrf_log_backend_serial.o
        28          4         32          8          0       3253   nrf_log_default_backends.o
      1502        114         44         16       1404      28547   nrf_log_frontend.o
       566        108        102         64          0       4828   nrf_log_str_formatter.o
       346          0          0          0          0       8475   nrf_memobj.o
       292         42         53          8         12      37522   nrf_pwr_mgmt.o
        28          0          0          0          0       2263   nrf_ringbuf.o
       384         46        104          3          0      38779   nrf_sdh.o
       724        232        539          1          0       5553   nrf_sdh_ble.o
        60          4         56          0          0       2372   nrf_sdh_soc.o
        78          0          0          0          0       2580   nrf_section_iter.o
        76         10       1319          0          0       2479   nrf_strerror.o
       226         30         14          8          0      40686   nrfx_clock.o
      1378         92         23          0        108      57435   nrfx_gpiote.o
        94         16         12          8          0       3541   nrfx_prs.o
      1406         42         17          0         44      30205   nrfx_uart.o
      1244         44         18          0         36      22955   nrfx_uarte.o
        14          0          0          4          0       2766   retarget.o
       378         34          0          0        648       8153   segger_rtt.o
       476         60          0          4          0       2271   system_nrf52840.o

    ----------------------------------------------------------------------
     22180       2502       3764        992      12648     852280   Object Totals
         0          0         32          0          0          0   (incl. Generated)
        42          0         59          7          4          0   (incl. Padding)

    ----------------------------------------------------------------------

      Code (inc. data)   RO Data    RW Data    ZI Data      Debug   Library Member Name

        86          0          0          0          0          0   __dczerorl2.o
         8          4        133          0          0         68   ctype_o.o
         0          0          0          0          0          0   entry.o
         0          0          0          0          0          0   entry10a.o
         0          0          0          0          0          0   entry11a.o
         8          4          0          0          0          0   entry2.o
         4          0          0          0          0          0   entry5.o
         0          0          0          0          0          0   entry7b.o
         0          0          0          0          0          0   entry8b.o
         8          4          0          0          0          0   entry9a.o
        30          0          0          0          0          0   handlers.o
        36          8          0          0          0         68   init.o
        30          0          0          0          0         68   llshl.o
        32          0          0          0          0         68   llushr.o
        26          0          0          0          0         80   memcmp.o
        36          0          0          0          0         68   memcpya.o
        36          0          0          0          0        108   memseta.o
       372         14          0          0          0        184   printf1.o
        18          0          0          0          0         68   strcpy.o
        14          0          0          0          0         68   strlen.o
        44          0          0          0          0         80   uidiv.o
        98          0          0          0          0         92   uldiv.o

    ----------------------------------------------------------------------
       892         34        136          0          0       1020   Library Totals
         6          0          3          0          0          0   (incl. Padding)

    ----------------------------------------------------------------------

      Code (inc. data)   RO Data    RW Data    ZI Data      Debug   Library Name

       886         34        133          0          0       1020   mc_w.l

    ----------------------------------------------------------------------
       892         34        136          0          0       1020   Library Totals

    ----------------------------------------------------------------------

==============================================================================


      Code (inc. data)   RO Data    RW Data    ZI Data      Debug   

     23072       2536       3900        992      12648     825568   Grand Totals
     23072       2536       3900         68      12648     825568   ELF Image Totals (compressed)
     23072       2536       3900         68          0          0   ROM Totals

==============================================================================

    Total RO  Size (Code + RO Data)                26972 (  26.34kB)
    Total RW  Size (RW Data + ZI Data)             13640 (  13.32kB)
    Total ROM Size (Code + RO Data + RW Data)      27040 (  26.41kB)

==============================================================================

